Archive member included to satisfy reference by file (symbol)

c:/nxp/mcuxpressoide_10.2.0_759/ide/tools/bin/../lib/gcc/arm-none-eabi/7.2.1/../../../../arm-none-eabi/lib/thumb/v6-m\libcr_semihost_nf.a(__ciob.o)
                              ./board/uart-board.o (__Ciob)
c:/nxp/mcuxpressoide_10.2.0_759/ide/tools/bin/../lib/gcc/arm-none-eabi/7.2.1/../../../../arm-none-eabi/lib/thumb/v6-m\libcr_semihost_nf.a(_cr__main.o)
                              ./startup/startup_mkl46z4.o (__main)
c:/nxp/mcuxpressoide_10.2.0_759/ide/tools/bin/../lib/gcc/arm-none-eabi/7.2.1/../../../../arm-none-eabi/lib/thumb/v6-m\libcr_semihost_nf.a(_cr_assert.o)
                              ./utilities/fsl_debug_console.o (__assertion_failed)
c:/nxp/mcuxpressoide_10.2.0_759/ide/tools/bin/../lib/gcc/arm-none-eabi/7.2.1/../../../../arm-none-eabi/lib/thumb/v6-m\libcr_semihost_nf.a(__sys_appexit.o)
                              c:/nxp/mcuxpressoide_10.2.0_759/ide/tools/bin/../lib/gcc/arm-none-eabi/7.2.1/../../../../arm-none-eabi/lib/thumb/v6-m\libcr_semihost_nf.a(_cr_assert.o) (__sys_appexit)
c:/nxp/mcuxpressoide_10.2.0_759/ide/tools/bin/../lib/gcc/arm-none-eabi/7.2.1/../../../../arm-none-eabi/lib/thumb/v6-m\libcr_c.a(memcpy.o)
                              ./drivers/fsl_ftfx_cache.o (memcpy)
c:/nxp/mcuxpressoide_10.2.0_759/ide/tools/bin/../lib/gcc/arm-none-eabi/7.2.1/../../../../arm-none-eabi/lib/thumb/v6-m\libcr_c.a(memset.o)
                              ./drivers/sx1276/sx1276.o (memset)
c:/nxp/mcuxpressoide_10.2.0_759/ide/tools/bin/../lib/gcc/arm-none-eabi/7.2.1/../../../../arm-none-eabi/lib/thumb/v6-m\libcr_c.a(__fillbuf.o)
                              ./board/uart-board.o (__filbuf)
c:/nxp/mcuxpressoide_10.2.0_759/ide/tools/bin/../lib/gcc/arm-none-eabi/7.2.1/../../../../arm-none-eabi/lib/thumb/v6-m\libcr_c.a(_deferredlazyseek.o)
                              c:/nxp/mcuxpressoide_10.2.0_759/ide/tools/bin/../lib/gcc/arm-none-eabi/7.2.1/../../../../arm-none-eabi/lib/thumb/v6-m\libcr_c.a(__fillbuf.o) (_deferredlazyseek)
c:/nxp/mcuxpressoide_10.2.0_759/ide/tools/bin/../lib/gcc/arm-none-eabi/7.2.1/../../../../arm-none-eabi/lib/thumb/v6-m\libcr_c.a(_fflush.o)
                              c:/nxp/mcuxpressoide_10.2.0_759/ide/tools/bin/../lib/gcc/arm-none-eabi/7.2.1/../../../../arm-none-eabi/lib/thumb/v6-m\libcr_c.a(__fillbuf.o) (_fflush)
c:/nxp/mcuxpressoide_10.2.0_759/ide/tools/bin/../lib/gcc/arm-none-eabi/7.2.1/../../../../arm-none-eabi/lib/thumb/v6-m\libcr_c.a(_writebuf.o)
                              c:/nxp/mcuxpressoide_10.2.0_759/ide/tools/bin/../lib/gcc/arm-none-eabi/7.2.1/../../../../arm-none-eabi/lib/thumb/v6-m\libcr_c.a(_deferredlazyseek.o) (_Cwritebuf)
c:/nxp/mcuxpressoide_10.2.0_759/ide/tools/bin/../lib/gcc/arm-none-eabi/7.2.1/../../../../arm-none-eabi/lib/thumb/v6-m\libcr_c.a(alloc.o)
                              ./drivers/fsl_common.o (malloc)
c:/nxp/mcuxpressoide_10.2.0_759/ide/tools/bin/../lib/gcc/arm-none-eabi/7.2.1/../../../../arm-none-eabi/lib/thumb/v6-m\libcr_c.a(ceil.o)
                              ./drivers/sx1276/sx1276.o (ceil)
c:/nxp/mcuxpressoide_10.2.0_759/ide/tools/bin/../lib/gcc/arm-none-eabi/7.2.1/../../../../arm-none-eabi/lib/thumb/v6-m\libcr_c.a(floor.o)
                              ./drivers/sx1276/sx1276.o (floor)
c:/nxp/mcuxpressoide_10.2.0_759/ide/tools/bin/../lib/gcc/arm-none-eabi/7.2.1/../../../../arm-none-eabi/lib/thumb/v6-m\libcr_c.a(fputs.o)
                              c:/nxp/mcuxpressoide_10.2.0_759/ide/tools/bin/../lib/gcc/arm-none-eabi/7.2.1/../../../../arm-none-eabi/lib/thumb/v6-m\libcr_semihost_nf.a(_cr_assert.o) (fputs)
c:/nxp/mcuxpressoide_10.2.0_759/ide/tools/bin/../lib/gcc/arm-none-eabi/7.2.1/../../../../arm-none-eabi/lib/thumb/v6-m\libcr_c.a(fseek.o)
                              c:/nxp/mcuxpressoide_10.2.0_759/ide/tools/bin/../lib/gcc/arm-none-eabi/7.2.1/../../../../arm-none-eabi/lib/thumb/v6-m\libcr_c.a(_deferredlazyseek.o) (fseek)
c:/nxp/mcuxpressoide_10.2.0_759/ide/tools/bin/../lib/gcc/arm-none-eabi/7.2.1/../../../../arm-none-eabi/lib/thumb/v6-m\libcr_c.a(ftell.o)
                              c:/nxp/mcuxpressoide_10.2.0_759/ide/tools/bin/../lib/gcc/arm-none-eabi/7.2.1/../../../../arm-none-eabi/lib/thumb/v6-m\libcr_c.a(fseek.o) (ftell)
c:/nxp/mcuxpressoide_10.2.0_759/ide/tools/bin/../lib/gcc/arm-none-eabi/7.2.1/../../../../arm-none-eabi/lib/thumb/v6-m\libcr_c.a(initio.o)
                              c:/nxp/mcuxpressoide_10.2.0_759/ide/tools/bin/../lib/gcc/arm-none-eabi/7.2.1/../../../../arm-none-eabi/lib/thumb/v6-m\libcr_semihost_nf.a(_cr__main.o) (_initio)
c:/nxp/mcuxpressoide_10.2.0_759/ide/tools/bin/../lib/gcc/arm-none-eabi/7.2.1/../../../../arm-none-eabi/lib/thumb/v6-m\libcr_c.a(printf.o)
                              ./utilities/fsl_assert.o (_printf)
c:/nxp/mcuxpressoide_10.2.0_759/ide/tools/bin/../lib/gcc/arm-none-eabi/7.2.1/../../../../arm-none-eabi/lib/thumb/v6-m\libcr_c.a(setvbuf.o)
[...]
Memory Configuration

Name             Origin             Length             Attributes
PROGRAM_FLASH    0x00000000         0x00040000         xr
SRAM             0x1fffe000         0x00008000         xrw
*default*        0x00000000         0xffffffff

Linker script and memory map

LOAD ./utilities/fsl_assert.o
LOAD ./utilities/fsl_debug_console.o
LOAD ./utilities/fsl_io.o
LOAD ./utilities/fsl_log.o
LOAD ./utilities/fsl_str.o
LOAD ./startup/startup_mkl46z4.o
LOAD ./source/NvmCtxMgmt.o
LOAD ./source/main.o
LOAD ./source/mtb.o
LOAD ./source/semihost_hardfault.o
LOAD ./drivers/sx1276/sx1276.o
LOAD ./drivers/soft-se/aes.o
LOAD ./drivers/soft-se/cmac.o
LOAD ./drivers/soft-se/soft-se.o
LOAD ./drivers/region/Region.o
LOAD ./drivers/region/RegionAU915.o
LOAD ./drivers/region/RegionCommon.o
LOAD ./drivers/LoRaMac.o
LOAD ./drivers/LoRaMacAdr.o
LOAD ./drivers/LoRaMacClassB.o
LOAD ./drivers/LoRaMacCommands.o
LOAD ./drivers/LoRaMacConfirmQueue.o
LOAD ./drivers/LoRaMacCrypto.o
LOAD ./drivers/LoRaMacFCntHandler.o
LOAD ./drivers/LoRaMacParser.o
LOAD ./drivers/LoRaMacSerializer.o
LOAD ./drivers/adc.o
LOAD ./drivers/delay.o
LOAD ./drivers/eeprom.o
LOAD ./drivers/fifo.o
LOAD ./drivers/fsl_clock.o
LOAD ./drivers/fsl_common.o
LOAD ./drivers/fsl_cop.o
LOAD ./drivers/fsl_debug_console.o
LOAD ./drivers/fsl_ftfx_cache.o
LOAD ./drivers/fsl_ftfx_controller.o
LOAD ./drivers/fsl_ftfx_flash.o
LOAD ./drivers/fsl_ftfx_flexnvm.o
LOAD ./drivers/fsl_gpio.o
LOAD ./drivers/fsl_lpsci.o
LOAD ./drivers/fsl_pit.o
LOAD ./drivers/fsl_rtc.o
LOAD ./drivers/fsl_smc.o
LOAD ./drivers/fsl_spi.o
LOAD ./drivers/fsl_tpm.o
LOAD ./drivers/fsl_uart.o
LOAD ./drivers/gpio-board.o
LOAD ./drivers/gpio.o
LOAD ./drivers/nvmm.o
LOAD ./drivers/systime.o
LOAD ./drivers/timer.o
LOAD ./drivers/uart.o
LOAD ./board/src/board_46.o
LOAD ./board/src/clock_config.o
LOAD ./board/src/peripherals.o
LOAD ./board/src/pin_mux.o
LOAD ./board/board.o
LOAD ./board/delay-board.o
LOAD ./board/eeprom-board.o
LOAD ./board/rtc-board.o
LOAD ./board/spi-board.o
LOAD ./board/sx1276-board.o
LOAD ./board/uart-board.o
LOAD ./board/utilities.o
LOAD ./CMSIS/system_MKL46Z4.o
START GROUP
LOAD c:/nxp/mcuxpressoide_10.2.0_759/ide/tools/bin/../lib/gcc/arm-none-eabi/7.2.1/../../../../arm-none-eabi/lib/thumb/v6-m\libcr_semihost_nf.a
LOAD c:/nxp/mcuxpressoide_10.2.0_759/ide/tools/bin/../lib/gcc/arm-none-eabi/7.2.1/../../../../arm-none-eabi/lib/thumb/v6-m\libcr_c.a
LOAD c:/nxp/mcuxpressoide_10.2.0_759/ide/tools/bin/../lib/gcc/arm-none-eabi/7.2.1/thumb/v6-m\libcr_eabihelpers.a
END GROUP
                0x00000000                __base_PROGRAM_FLASH = 0x0
                0x00000000                __base_Flash = 0x0
                0x00040000                __top_PROGRAM_FLASH = 0x40000
                0x00040000                __top_Flash = 0x40000
                0x1fffe000                __base_SRAM = 0x1fffe000
                0x1fffe000                __base_RAM = 0x1fffe000
                0x20006000                __top_SRAM = 0x20006000
                0x20006000                __top_RAM = 0x20006000

.text           0x00000000    0x190c0
 FILL mask 0xff
                0x00000000                __vectors_start__ = ABSOLUTE (.)
 *(SORT_BY_ALIGNMENT(.isr_vector))
 .isr_vector    0x00000000       0xc0 ./startup/startup_mkl46z4.o
                0x00000000                g_pfnVectors
                0x00000000                __Vectors
                0x000000c0                . = ALIGN (0x4)
                0x000000c0                __section_table_start = .
                0x000000c0                __data_section_table = .
                0x000000c0        0x4 LONG 0x190c0 LOADADDR (.data)
                0x000000c4        0x4 LONG 0x1fffe080 ADDR (.data)
                0x000000c8        0x4 LONG 0x158 SIZEOF (.data)
                0x000000cc                __data_section_table_end = .
                0x000000cc                __bss_section_table = .
                0x000000cc        0x4 LONG 0x1fffe1d8 ADDR (.bss)
                0x000000d0        0x4 LONG 0x1540 SIZEOF (.bss)
                0x000000d4                __bss_section_table_end = .
                0x000000d4                __section_table_end = .
 *(SORT_BY_ALIGNMENT(.after_vectors*))
 .after_vectors.reset
                0x000000d4       0x4c ./startup/startup_mkl46z4.o
                0x000000d4                ResetISR
 .after_vectors.init_data
                0x00000120       0x16 ./startup/startup_mkl46z4.o
                0x00000120                data_init
 .after_vectors.init_bss
                0x00000136       0x12 ./startup/startup_mkl46z4.o
                0x00000136                bss_init
 .after_vectors
                0x00000148      0x10c ./startup/startup_mkl46z4.o
                0x00000148                NMI_Handler
                0x0000014c                SVC_Handler
                0x0000014e                PendSV_Handler
                0x00000152                PORTC_PORTD_DriverIRQHandler
                0x00000152                LPTMR0_DriverIRQHandler
                0x00000152                DMA0_DriverIRQHandler
                0x00000152                I2C0_DriverIRQHandler
                0x00000152                DMA2_DriverIRQHandler
                0x00000152                CMP0_DriverIRQHandler
                0x00000152                I2S0_DriverIRQHandler
                0x00000152                ADC0_DriverIRQHandler
                0x00000152                I2C1_DriverIRQHandler
                0x00000152                TPM2_DriverIRQHandler
                0x00000152                DMA3_DriverIRQHandler
                0x00000152                DMA1_DriverIRQHandler
                0x00000152                PIT_DriverIRQHandler
                0x00000152                TSI0_DriverIRQHandler
                0x00000152                RTC_Seconds_DriverIRQHandler
                0x00000152                LCD_DriverIRQHandler
                0x00000152                RTC_DriverIRQHandler
                0x00000152                LLWU_DriverIRQHandler
                0x00000152                MCG_DriverIRQHandler
                0x00000152                TPM1_DriverIRQHandler
                0x00000152                PORTA_DriverIRQHandler
                0x00000152                FTFA_DriverIRQHandler
                0x00000152                IntDefaultHandler
                0x00000152                USB0_DriverIRQHandler
                0x00000152                DAC0_DriverIRQHandler
                0x00000152                LVD_LVW_DriverIRQHandler
                0x00000152                TPM0_DriverIRQHandler
                0x00000152                Reserved20_DriverIRQHandler
                0x00000154                DMA0_IRQHandler
                0x0000015c                DMA1_IRQHandler
                0x00000164                DMA2_IRQHandler
                0x0000016c                DMA3_IRQHandler
                0x00000174                Reserved20_IRQHandler
                0x0000017c                FTFA_IRQHandler
                0x00000184                LVD_LVW_IRQHandler
                0x0000018c                LLWU_IRQHandler
                0x00000194                I2C0_IRQHandler
                0x0000019c                I2C1_IRQHandler
                0x000001a4                SPI0_IRQHandler
                0x000001ac                SPI1_IRQHandler
                0x000001b4                UART0_IRQHandler
                0x000001bc                UART1_IRQHandler
                0x000001c4                UART2_IRQHandler
                0x000001cc                ADC0_IRQHandler
                0x000001d4                CMP0_IRQHandler
                0x000001dc                TPM0_IRQHandler
                0x000001e4                TPM1_IRQHandler
                0x000001ec                TPM2_IRQHandler
                0x000001f4                RTC_IRQHandler
                0x000001fc                RTC_Seconds_IRQHandler
                0x0000020c                I2S0_IRQHandler
                0x00000214                USB0_IRQHandler
                0x0000021c                DAC0_IRQHandler
                0x00000224                TSI0_IRQHandler
                0x0000022c                MCG_IRQHandler
                0x00000234                LPTMR0_IRQHandler
                0x0000023c                LCD_IRQHandler
                0x0000024c                PORTC_PORTD_IRQHandler
                0x00000400                . = 0x400
 *fill*         0x00000254      0x1ac ff
                0x00000400                PROVIDE (__FLASH_CONFIG_START__, .)
 *(SORT_BY_ALIGNMENT(.FlashConfig))
 .FlashConfig   0x00000400       0x10 ./startup/startup_mkl46z4.o
                0x00000400                Flash_Config
                0x00000410                PROVIDE (__FLASH_CONFIG_END__, .)
                0x00000001                ASSERT (! ((__FLASH_CONFIG_START__ == __FLASH_CONFIG_END__)), Linker Flash Config Support Enabled, but no .FlashConfig section provided within application)
 *(SORT_BY_ALIGNMENT(.text*))
 .text.DbgConsole_Init
                0x00000410       0x40 ./utilities/fsl_debug_console.o
                0x00000410                DbgConsole_Init
 .text.IO_Init  0x00000450       0xc8 ./utilities/fsl_io.o
                0x00000450                IO_Init
 .text.PrintHexBuffer
                0x00000518       0x9c ./source/main.o
                0x00000518                PrintHexBuffer
 .text.JoinNetwork
                0x000005b4       0x8c ./source/main.o
 .text.PrepareTxFrame
                0x00000640       0xc0 ./source/main.o
 .text.SendFrame
                0x00000700      0x114 ./source/main.o
 .text.OnTxNextPacketTimerEvent
                0x00000814       0x5c ./source/main.o
 .text.OnLed1TimerEvent
                0x00000870       0x24 ./source/main.o
 .text.OnLed2TimerEvent
                0x00000894       0x24 ./source/main.o
 .text.McpsConfirm
                0x000008b8      0x21c ./source/main.o
 .text.McpsIndication
                0x00000ad4      0x540 ./source/main.o
 .text.MlmeConfirm
                0x00001014      0x104 ./source/main.o
 .text.MlmeIndication
                0x00001118       0x54 ./source/main.o
 .text.OnMacProcessNotify
                0x0000116c       0x14 ./source/main.o
                0x0000116c                OnMacProcessNotify
 .text.main     0x00001180      0x610 ./source/main.o
                0x00001180                main
 .text.HardFault_Handler
                0x00001790       0x30 ./source/semihost_hardfault.o
                0x00001790                HardFault_Handler
 .text.SX1276Init
                0x000017c0       0xe0 ./drivers/sx1276/sx1276.o
                0x000017c0                SX1276Init
 .text.SX1276GetStatus
                0x000018a0       0x14 ./drivers/sx1276/sx1276.o
                0x000018a0                SX1276GetStatus
 .text.SX1276SetChannel
                0x000018b4       0x68 ./drivers/sx1276/sx1276.o
                0x000018b4                SX1276SetChannel
 .text.RxChainCalibration
                0x0000191c       0xdc ./drivers/sx1276/sx1276.o
 .text.GetFskBandwidthRegValue
                0x000019f8       0x70 ./drivers/sx1276/sx1276.o
 .text.SX1276SetRxConfig
                0x00001a68      0x53c ./drivers/sx1276/sx1276.o
                0x00001a68                SX1276SetRxConfig
 .text.SX1276SetTxConfig
                0x00001fa4      0x408 ./drivers/sx1276/sx1276.o
                0x00001fa4                SX1276SetTxConfig
 .text.SX1276GetTimeOnAir
                0x000023ac      0x334 ./drivers/sx1276/sx1276.o
                0x000023ac                SX1276GetTimeOnAir
 .text.SX1276Send
                0x000026e0      0x194 ./drivers/sx1276/sx1276.o
                0x000026e0                SX1276Send
 .text.SX1276SetSleep
                0x00002874       0x34 ./drivers/sx1276/sx1276.o
                0x00002874                SX1276SetSleep
 .text.SX1276SetStby
                0x000028a8       0x34 ./drivers/sx1276/sx1276.o
                0x000028a8                SX1276SetStby
 .text.SX1276SetRx
                0x000028dc      0x344 ./drivers/sx1276/sx1276.o
                0x000028dc                SX1276SetRx
 .text.SX1276SetTx
                0x00002c20       0xfc ./drivers/sx1276/sx1276.o
                0x00002c20                SX1276SetTx
 .text.SX1276StartCad
                0x00002d1c       0x54 ./drivers/sx1276/sx1276.o
                0x00002d1c                SX1276StartCad
 .text.SX1276SetTxContinuousWave
                0x00002d70       0xc4 ./drivers/sx1276/sx1276.o
                0x00002d70                SX1276SetTxContinuousWave
 .text.SX1276ReadRssi
                0x00002e34       0x98 ./drivers/sx1276/sx1276.o
                0x00002e34                SX1276ReadRssi
 .text.SX1276SetModem
                0x00002ecc       0xcc ./drivers/sx1276/sx1276.o
                0x00002ecc                SX1276SetModem
 .text.SX1276WriteBuffer
                0x00002f98       0x88 ./drivers/sx1276/sx1276.o
                0x00002f98                SX1276WriteBuffer
 .text.SX1276ReadBuffer
                0x00003020       0x88 ./drivers/sx1276/sx1276.o
                0x00003020                SX1276ReadBuffer
 .text.SX1276SetMaxPayloadLength
                0x000030a8       0x64 ./drivers/sx1276/sx1276.o
                0x000030a8                SX1276SetMaxPayloadLength
 .text.SX1276SetPublicNetwork
                0x0000310c       0x44 ./drivers/sx1276/sx1276.o
                0x0000310c                SX1276SetPublicNetwork
 .text.SX1276OnTimeoutIrq
                0x00003150      0x168 ./drivers/sx1276/sx1276.o
                0x00003150                SX1276OnTimeoutIrq
 .text.SX1276OnDio0Irq
                0x000032b8      0x4e4 ./drivers/sx1276/sx1276.o
                0x000032b8                SX1276OnDio0Irq
 .text.SX1276OnDio1Irq
                0x0000379c      0x1cc ./drivers/sx1276/sx1276.o
                0x0000379c                SX1276OnDio1Irq
 .text.SX1276OnDio2Irq
                0x00003968      0x194 ./drivers/sx1276/sx1276.o
                0x00003968                SX1276OnDio2Irq
 .text.SX1276OnDio3Irq
                0x00003afc       0x88 ./drivers/sx1276/sx1276.o
                0x00003afc                SX1276OnDio3Irq
 .text.shift_sub_rows
                0x00003b84      0x144 ./drivers/soft-se/aes.o
 .text.mix_sub_columns
                0x00003cc8      0x3cc ./drivers/soft-se/aes.o
 .text.aes_set_key
                0x00004094      0x264 ./drivers/soft-se/aes.o
                0x00004094                aes_set_key
 .text.GetKeyByID
                0x000042f8       0x7c ./drivers/soft-se/soft-se.o
                0x000042f8                GetKeyByID
 .text.ComputeCmac
                0x00004374       0xbc ./drivers/soft-se/soft-se.o
                0x00004374                ComputeCmac
 .text.SecureElementInit
                0x00004430      0x2fc ./drivers/soft-se/soft-se.o
                0x00004430                SecureElementInit
 .text.SecureElementRestoreNvmCtx
                0x0000472c       0x30 ./drivers/soft-se/soft-se.o
                0x0000472c                SecureElementRestoreNvmCtx
 .text.SecureElementGetNvmCtx
                0x0000475c       0x20 ./drivers/soft-se/soft-se.o
                0x0000475c                SecureElementGetNvmCtx
 .text.SecureElementSetKey
                0x0000477c       0xf0 ./drivers/soft-se/soft-se.o
                0x0000477c                SecureElementSetKey
 .text.SecureElementAesEncrypt
                0x0000486c       0xd4 ./drivers/soft-se/soft-se.o
                0x0000486c                SecureElementAesEncrypt
 .text.GetBandwidth
                0x00004940       0x3c ./drivers/region/RegionAU915.o
 .text.RegionAU915GetPhyParam
                0x0000497c      0x2a8 ./drivers/region/RegionAU915.o
                0x0000497c                RegionAU915GetPhyParam
 .text.RegionAU915SetBandTxDone
                0x00004c24       0x40 ./drivers/region/RegionAU915.o
                0x00004c24                RegionAU915SetBandTxDone
 .text.RegionAU915InitDefaults
                0x00004c64      0x260 ./drivers/region/RegionAU915.o
                0x00004c64                RegionAU915InitDefaults
 .text.RegionAU915GetNvmCtx
                0x00004ec4       0x20 ./drivers/region/RegionAU915.o
                0x00004ec4                RegionAU915GetNvmCtx
 .text.RegionAU915Verify
                0x00004ee4       0xc8 ./drivers/region/RegionAU915.o
                0x00004ee4                RegionAU915Verify
 .text.RegionAU915ApplyCFList
                0x00004fac       0xec ./drivers/region/RegionAU915.o
                0x00004fac                RegionAU915ApplyCFList
 .text.RegionAU915ChanMaskSet
                0x00005098       0xa8 ./drivers/region/RegionAU915.o
                0x00005098                RegionAU915ChanMaskSet
 .text.RegionAU915ComputeRxWindowParameters
                0x00005140       0xb0 ./drivers/region/RegionAU915.o
                0x00005140                RegionAU915ComputeRxWindowParameters
 .text.RegionAU915RxConfig
                0x000051f0      0x124 ./drivers/region/RegionAU915.o
                0x000051f0                RegionAU915RxConfig
 .text.RegionAU915TxConfig
                0x00005314      0x134 ./drivers/region/RegionAU915.o
                0x00005314                RegionAU915TxConfig
 .text.RegionAU915LinkAdrReq
                0x00005448      0x4a8 ./drivers/region/RegionAU915.o
                0x00005448                RegionAU915LinkAdrReq
 .text.RegionAU915RxParamSetupReq
                0x000058f0       0xe8 ./drivers/region/RegionAU915.o
                0x000058f0                RegionAU915RxParamSetupReq
 .text.RegionAU915AlternateDr
                0x000059d8       0x5c ./drivers/region/RegionAU915.o
                0x000059d8                RegionAU915AlternateDr
 .text.RegionAU915CalcBackOff
                0x00005a34       0x64 ./drivers/region/RegionAU915.o
                0x00005a34                RegionAU915CalcBackOff
 .text.RegionAU915NextChannel
                0x00005a98      0x170 ./drivers/region/RegionAU915.o
                0x00005a98                RegionAU915NextChannel
 .text.RegionAU915SetContinuousWave
                0x00005c08       0xa8 ./drivers/region/RegionAU915.o
                0x00005c08                RegionAU915SetContinuousWave
 .text.RegionAU915ApplyDrOffset
                0x00005cb0       0x74 ./drivers/region/RegionAU915.o
                0x00005cb0                RegionAU915ApplyDrOffset
 .text.RegionCommonGetJoinDc
                0x00005d24       0x60 ./drivers/region/RegionCommon.o
                0x00005d24                RegionCommonGetJoinDc
 .text.RegionCommonComputeSymbolTimeLoRa
                0x00005d84       0x58 ./drivers/region/RegionCommon.o
                0x00005d84                RegionCommonComputeSymbolTimeLoRa
 .text.RegionCommonComputeRxWindowParameters
                0x00005ddc      0x168 ./drivers/region/RegionCommon.o
                0x00005ddc                RegionCommonComputeRxWindowParameters
 .text.OnRadioTxDone
                0x00005f44       0x6c ./drivers/LoRaMac.o
 .text.OnRadioRxDone
                0x00005fb0       0x90 ./drivers/LoRaMac.o
 .text.OnRadioTxTimeout
                0x00006040       0x44 ./drivers/LoRaMac.o
 .text.OnRadioRxError
                0x00006084       0x44 ./drivers/LoRaMac.o
 .text.OnRadioRxTimeout
                0x000060c8       0x44 ./drivers/LoRaMac.o
 .text.ProcessRadioTxDone
                0x0000610c      0x1f0 ./drivers/LoRaMac.o
 .text.PrepareRxDoneAbort
                0x000062fc       0x58 ./drivers/LoRaMac.o
 .text.ProcessRadioRxDone
                0x00006354      0xb5c ./drivers/LoRaMac.o
 .text.ProcessRadioTxTimeout
                0x00006eb0       0x50 ./drivers/LoRaMac.o
 .text.HandleRadioRxErrorTimeout
                0x00006f00      0x184 ./drivers/LoRaMac.o
 .text.LoRaMacHandleIrqEvents
                0x00007084       0x90 ./drivers/LoRaMac.o
 .text.LoRaMacProcess
                0x00007114      0x3b0 ./drivers/LoRaMac.o
                0x00007114                LoRaMacProcess
 .text.OnTxDelayedTimerEvent
                0x000074c4       0x88 ./drivers/LoRaMac.o
 .text.OnRxWindow1TimerEvent
                0x0000754c       0xec ./drivers/LoRaMac.o
 .text.OnRxWindow2TimerEvent
                0x00007638       0xe8 ./drivers/LoRaMac.o
 .text.OnAckTimeoutTimerEvent
                0x00007720       0x60 ./drivers/LoRaMac.o
 .text.RxWindowSetup
                0x00007780       0x3c ./drivers/LoRaMac.o
 .text.SwitchClass
                0x000077bc      0x1a4 ./drivers/LoRaMac.o
 .text.GetMaxAppPayloadWithoutFOptsLength
                0x00007960       0x7c ./drivers/LoRaMac.o
 .text.SetMlmeScheduleUplinkIndication
                0x000079dc       0x28 ./drivers/LoRaMac.o
 .text.ProcessMacCommands
                0x00007a04      0xe4c ./drivers/LoRaMac.o
 .text.Send     0x00008850      0x2ac ./drivers/LoRaMac.o
                0x00008850                Send
 .text.SendReJoinReq
                0x00008afc      0x2e8 ./drivers/LoRaMac.o
                0x00008afc                SendReJoinReq
 .text.ScheduleTx
                0x00008de4      0x2ec ./drivers/LoRaMac.o
 .text.SecureFrame
                0x000090d0      0x120 ./drivers/LoRaMac.o
 .text.CalculateBackOff
                0x000091f0       0xec ./drivers/LoRaMac.o
 .text.ResetMacParameters
                0x000092dc      0x1ac ./drivers/LoRaMac.o
 .text.IsReJoin0Required
                0x00009488       0x6c ./drivers/LoRaMac.o
 .text.OpenContinuousRx2Window
                0x000094f4       0x1c ./drivers/LoRaMac.o
 .text.PrepareFrame
                0x00009510      0x2b8 ./drivers/LoRaMac.o
                0x00009510                PrepareFrame
 .text.SendFrameOnChannel
                0x000097c8      0x188 ./drivers/LoRaMac.o
                0x000097c8                SendFrameOnChannel
 .text.SetTxContinuousWave
                0x00009950       0xa4 ./drivers/LoRaMac.o
                0x00009950                SetTxContinuousWave
 .text.SetTxContinuousWave1
                0x000099f4       0x50 ./drivers/LoRaMac.o
                0x000099f4                SetTxContinuousWave1
 .text.GetCtxs  0x00009a44       0xb8 ./drivers/LoRaMac.o
                0x00009a44                GetCtxs
 .text.RestoreCtxs
                0x00009afc      0x174 ./drivers/LoRaMac.o
                0x00009afc                RestoreCtxs
 .text.CheckRetransUnconfirmedUplink
                0x00009c70       0x6c ./drivers/LoRaMac.o
 .text.CheckRetransConfirmedUplink
                0x00009cdc       0x58 ./drivers/LoRaMac.o
 .text.StopRetransmission
                0x00009d34      0x160 ./drivers/LoRaMac.o
 .text.CallNvmCtxCallback
                0x00009e94       0x44 ./drivers/LoRaMac.o
 .text.LoRaMacInitialization
                0x00009ed8      0x7e8 ./drivers/LoRaMac.o
                0x00009ed8                LoRaMacInitialization
 .text.LoRaMacStart
                0x0000a6c0       0x1c ./drivers/LoRaMac.o
                0x0000a6c0                LoRaMacStart
 .text.LoRaMacQueryTxPossible
                0x0000a6dc      0x174 ./drivers/LoRaMac.o
                0x0000a6dc                LoRaMacQueryTxPossible
 .text.LoRaMacMibGetRequestConfirm
                0x0000a850      0x2d4 ./drivers/LoRaMac.o
                0x0000a850                LoRaMacMibGetRequestConfirm
 .text.LoRaMacMibSetRequestConfirm
                0x0000ab24      0x9ac ./drivers/LoRaMac.o
                0x0000ab24                LoRaMacMibSetRequestConfirm
 .text.LoRaMacMlmeRequest
                0x0000b4d0      0x450 ./drivers/LoRaMac.o
                0x0000b4d0                LoRaMacMlmeRequest
 .text.LoRaMacMcpsRequest
                0x0000b920      0x25c ./drivers/LoRaMac.o
                0x0000b920                LoRaMacMcpsRequest
 .text.ConvertRejoinCycleTime
                0x0000bb7c       0x38 ./drivers/LoRaMac.o
 .text.OnRejoin0CycleTimerEvent
                0x0000bbb4       0x58 ./drivers/LoRaMac.o
 .text.OnRejoin1CycleTimerEvent
                0x0000bc0c       0x58 ./drivers/LoRaMac.o
 .text.OnRejoin2CycleTimerEvent
                0x0000bc64       0x58 ./drivers/LoRaMac.o
 .text.OnForceRejoinReqCycleTimerEvent
                0x0000bcbc       0x94 ./drivers/LoRaMac.o
 .text.mallocNewMacCommandSlot
                0x0000bd50       0x60 ./drivers/LoRaMacCommands.o
                0x0000bd50                mallocNewMacCommandSlot
 .text.IsSticky
                0x0000bdb0       0x30 ./drivers/LoRaMacCommands.o
 .text.NvmCtxCallback
                0x0000bde0       0x1c ./drivers/LoRaMacCommands.o
 .text.LoRaMacCommandsInit
                0x0000bdfc       0x34 ./drivers/LoRaMacCommands.o
                0x0000bdfc                LoRaMacCommandsInit
 .text.LoRaMacCommandsRestoreNvmCtx
                0x0000be30       0x2c ./drivers/LoRaMacCommands.o
                0x0000be30                LoRaMacCommandsRestoreNvmCtx
 .text.LoRaMacCommandsGetNvmCtx
                0x0000be5c       0x1c ./drivers/LoRaMacCommands.o
                0x0000be5c                LoRaMacCommandsGetNvmCtx
 .text.LoRaMacCommandsAddCmd
                0x0000be78       0xa4 ./drivers/LoRaMacCommands.o
                0x0000be78                LoRaMacCommandsAddCmd
 .text.LoRaMacCommandsRemoveCmd
                0x0000bf1c       0x70 ./drivers/LoRaMacCommands.o
                0x0000bf1c                LoRaMacCommandsRemoveCmd
 .text.LoRaMacCommandsGetCmd
                0x0000bf8c       0x4c ./drivers/LoRaMacCommands.o
                0x0000bf8c                LoRaMacCommandsGetCmd
 .text.LoRaMacCommandsRemoveNoneStickyCmds
                0x0000bfd8       0x50 ./drivers/LoRaMacCommands.o
                0x0000bfd8                LoRaMacCommandsRemoveNoneStickyCmds
 .text.LoRaMacCommandsRemoveStickyAnsCmds
                0x0000c028       0x78 ./drivers/LoRaMacCommands.o
                0x0000c028                LoRaMacCommandsRemoveStickyAnsCmds
 .text.LoRaMacCommandsGetSizeSerializedCmds
                0x0000c0a0       0x2c ./drivers/LoRaMacCommands.o
                0x0000c0a0                LoRaMacCommandsGetSizeSerializedCmds
 .text.LoRaMacCommandsSerializeCmds
                0x0000c0cc       0xa0 ./drivers/LoRaMacCommands.o
                0x0000c0cc                LoRaMacCommandsSerializeCmds
 .text.LoRaMacCommandsStickyCmdsPending
                0x0000c16c       0x4c ./drivers/LoRaMacCommands.o
                0x0000c16c                LoRaMacCommandsStickyCmdsPending
 .text.IncreaseBufferPointer
                0x0000c1b8       0x30 ./drivers/LoRaMacConfirmQueue.o
 .text.DecreaseBufferPointer
                0x0000c1e8       0x34 ./drivers/LoRaMacConfirmQueue.o
 .text.LoRaMacConfirmQueueInit
                0x0000c21c       0x60 ./drivers/LoRaMacConfirmQueue.o
                0x0000c21c                LoRaMacConfirmQueueInit
 .text.LoRaMacConfirmQueueRestoreNvmCtx
                0x0000c27c       0x2c ./drivers/LoRaMacConfirmQueue.o
                0x0000c27c                LoRaMacConfirmQueueRestoreNvmCtx
 .text.LoRaMacConfirmQueueGetNvmCtx
                0x0000c2a8       0x1c ./drivers/LoRaMacConfirmQueue.o
                0x0000c2a8                LoRaMacConfirmQueueGetNvmCtx
 .text.LoRaMacConfirmQueueAdd
                0x0000c2c4       0x68 ./drivers/LoRaMacConfirmQueue.o
                0x0000c2c4                LoRaMacConfirmQueueAdd
 .text.LoRaMacConfirmQueueRemoveLast
                0x0000c32c       0x3c ./drivers/LoRaMacConfirmQueue.o
                0x0000c32c                LoRaMacConfirmQueueRemoveLast
 .text.LoRaMacConfirmQueueRemoveFirst
                0x0000c368       0x3c ./drivers/LoRaMacConfirmQueue.o
                0x0000c368                LoRaMacConfirmQueueRemoveFirst
 .text.LoRaMacConfirmQueueSetStatus
                0x0000c3a4       0x58 ./drivers/LoRaMacConfirmQueue.o
                0x0000c3a4                LoRaMacConfirmQueueSetStatus
 .text.LoRaMacConfirmQueueGetStatus
                0x0000c3fc       0x4c ./drivers/LoRaMacConfirmQueue.o
                0x0000c3fc                LoRaMacConfirmQueueGetStatus
 .text.LoRaMacConfirmQueueSetStatusCmn
                0x0000c448       0x64 ./drivers/LoRaMacConfirmQueue.o
                0x0000c448                LoRaMacConfirmQueueSetStatusCmn
 .text.LoRaMacConfirmQueueGetStatusCmn
                0x0000c4ac       0x14 ./drivers/LoRaMacConfirmQueue.o
                0x0000c4ac                LoRaMacConfirmQueueGetStatusCmn
 .text.LoRaMacConfirmQueueIsCmdActive
                0x0000c4c0       0x34 ./drivers/LoRaMacConfirmQueue.o
                0x0000c4c0                LoRaMacConfirmQueueIsCmdActive
 .text.LoRaMacConfirmQueueHandleCb
                0x0000c4f4       0xc4 ./drivers/LoRaMacConfirmQueue.o
                0x0000c4f4                LoRaMacConfirmQueueHandleCb
 .text.LoRaMacConfirmQueueGetCnt
                0x0000c5b8       0x14 ./drivers/LoRaMacConfirmQueue.o
                0x0000c5b8                LoRaMacConfirmQueueGetCnt
 .text.LoRaMacConfirmQueueIsFull
                0x0000c5cc       0x20 ./drivers/LoRaMacConfirmQueue.o
                0x0000c5cc                LoRaMacConfirmQueueIsFull
 .text.PrepareB0
                0x0000c5ec      0x130 ./drivers/LoRaMacCrypto.o
 .text.ComputeCmacB0
                0x0000c71c      0x138 ./drivers/LoRaMacCrypto.o
 .text.VerifyCmacB0
                0x0000c854      0x164 ./drivers/LoRaMacCrypto.o
 .text.PrepareB1
                0x0000c9b8      0x118 ./drivers/LoRaMacCrypto.o
 .text.ComputeCmacB1
                0x0000cad0      0x140 ./drivers/LoRaMacCrypto.o
 .text.GetKeyAddrItem
                0x0000cc10       0x64 ./drivers/LoRaMacCrypto.o
 .text.DeriveSessionKey10x
                0x0000cc74       0xbc ./drivers/LoRaMacCrypto.o
 .text.DeriveSessionKey11x
                0x0000cd30       0xec ./drivers/LoRaMacCrypto.o
 .text.DeriveLifeTimeSessionKey
                0x0000ce1c       0x88 ./drivers/LoRaMacCrypto.o
 .text.CheckFCntDown
                0x0000cea4       0xbc ./drivers/LoRaMacCrypto.o
 .text.UpdateFCntDown
                0x0000cf60       0x80 ./drivers/LoRaMacCrypto.o
 .text.ResetFCnts
                0x0000cfe0       0x64 ./drivers/LoRaMacCrypto.o
                0x0000cfe0                ResetFCnts
 .text.LoRaMacCryptoInit
                0x0000d044       0xa0 ./drivers/LoRaMacCrypto.o
                0x0000d044                LoRaMacCryptoInit
 .text.LoRaMacCryptoSetLrWanVersion
                0x0000d0e4       0x1c ./drivers/LoRaMacCrypto.o
                0x0000d0e4                LoRaMacCryptoSetLrWanVersion
 .text.LoRaMacCryptoRestoreNvmCtx
                0x0000d100       0x2c ./drivers/LoRaMacCrypto.o
                0x0000d100                LoRaMacCryptoRestoreNvmCtx
 .text.LoRaMacCryptoGetNvmCtx
                0x0000d12c       0x1c ./drivers/LoRaMacCrypto.o
                0x0000d12c                LoRaMacCryptoGetNvmCtx
 .text.LoRaMacCryptoPrepareJoinRequest
                0x0000d148       0xe8 ./drivers/LoRaMacCrypto.o
                0x0000d148                LoRaMacCryptoPrepareJoinRequest
 .text.LoRaMacCryptoPrepareReJoinType1
                0x0000d230       0x90 ./drivers/LoRaMacCrypto.o
                0x0000d230                LoRaMacCryptoPrepareReJoinType1
 .text.LoRaMacCryptoPrepareReJoinType0or2
                0x0000d2c0       0x88 ./drivers/LoRaMacCrypto.o
                0x0000d2c0                LoRaMacCryptoPrepareReJoinType0or2
 .text.LoRaMacCryptoHandleJoinAccept
                0x0000d348      0x4f4 ./drivers/LoRaMacCrypto.o
                0x0000d348                LoRaMacCryptoHandleJoinAccept
 .text.LoRaMacCryptoSecureMessage
                0x0000d83c      0x244 ./drivers/LoRaMacCrypto.o
                0x0000d83c                LoRaMacCryptoSecureMessage
 .text.LoRaMacCryptoUnsecureMessage
                0x0000da80      0x1d4 ./drivers/LoRaMacCrypto.o
                0x0000da80                LoRaMacCryptoUnsecureMessage
 .text.NvmCtxChanged
                0x0000dc54       0x1c ./drivers/LoRaMacFCntHandler.o
 .text.LoRaMacFCntHandlerInit
                0x0000dc70       0x20 ./drivers/LoRaMacFCntHandler.o
                0x0000dc70                LoRaMacFCntHandlerInit
 .text.LoRaMacFCntHandlerRestoreNvmCtx
                0x0000dc90       0x2c ./drivers/LoRaMacFCntHandler.o
                0x0000dc90                LoRaMacFCntHandlerRestoreNvmCtx
 .text.LoRaMacFCntHandlerGetNvmCtx
                0x0000dcbc       0x1c ./drivers/LoRaMacFCntHandler.o
                0x0000dcbc                LoRaMacFCntHandlerGetNvmCtx
 .text.LoRaMacGetFCntDown
                0x0000dcd8      0x158 ./drivers/LoRaMacFCntHandler.o
                0x0000dcd8                LoRaMacGetFCntDown
 .text.LoRaMacSetFCntDown
                0x0000de30       0x78 ./drivers/LoRaMacFCntHandler.o
                0x0000de30                LoRaMacSetFCntDown
 .text.LoRaMacGetFCntUp
                0x0000dea8       0x2c ./drivers/LoRaMacFCntHandler.o
                0x0000dea8                LoRaMacGetFCntUp
 .text.LoRaMacSetFCntUp
                0x0000ded4       0x20 ./drivers/LoRaMacFCntHandler.o
                0x0000ded4                LoRaMacSetFCntUp
 .text.LoRaMacResetFCnts
                0x0000def4       0x54 ./drivers/LoRaMacFCntHandler.o
                0x0000def4                LoRaMacResetFCnts
 .text.LoRaMacGetRJcount
                0x0000df48       0x54 ./drivers/LoRaMacFCntHandler.o
                0x0000df48                LoRaMacGetRJcount
 .text.LoRaMacFCntHandlerSetMulticastReference
                0x0000df9c       0x4c ./drivers/LoRaMacFCntHandler.o
                0x0000df9c                LoRaMacFCntHandlerSetMulticastReference
 .text.CLOCK_SetEr32kClock
                0x0000dfe8       0x34 ./drivers/fsl_clock.o
 .text.CLOCK_SetPllFllSelClock
                0x0000e01c       0x38 ./drivers/fsl_clock.o
 .text.CLOCK_GetMcgExtClkFreq
                0x0000e054       0x28 ./drivers/fsl_clock.o
 .text.CLOCK_GetFllExtRefClkFreq
                0x0000e07c       0xa4 ./drivers/fsl_clock.o
 .text.CLOCK_GetInternalRefClkSelectFreq
                0x0000e120       0x40 ./drivers/fsl_clock.o
 .text.CLOCK_GetFllRefClkFreq
                0x0000e160       0x2c ./drivers/fsl_clock.o
 .text.CLOCK_GetOscRangeFromFreq
                0x0000e18c       0x4c ./drivers/fsl_clock.o
 .text.CLOCK_GetOsc0ErClkFreq
                0x0000e1d8       0x3c ./drivers/fsl_clock.o
                0x0000e1d8                CLOCK_GetOsc0ErClkFreq
 .text.CLOCK_GetEr32kClkFreq
                0x0000e214       0x74 ./drivers/fsl_clock.o
                0x0000e214                CLOCK_GetEr32kClkFreq
 .text.CLOCK_GetPllFllSelClkFreq
                0x0000e288       0x4c ./drivers/fsl_clock.o
                0x0000e288                CLOCK_GetPllFllSelClkFreq
 .text.CLOCK_GetFreq
                0x0000e2d4       0xe0 ./drivers/fsl_clock.o
                0x0000e2d4                CLOCK_GetFreq
 .text.CLOCK_SetSimConfig
                0x0000e3b4       0x38 ./drivers/fsl_clock.o
                0x0000e3b4                CLOCK_SetSimConfig
 .text.CLOCK_GetOutClkFreq
                0x0000e3ec       0x60 ./drivers/fsl_clock.o
                0x0000e3ec                CLOCK_GetOutClkFreq
 .text.CLOCK_GetFllFreq
                0x0000e44c       0x84 ./drivers/fsl_clock.o
                0x0000e44c                CLOCK_GetFllFreq
 .text.CLOCK_GetInternalRefClkFreq
                0x0000e4d0       0x28 ./drivers/fsl_clock.o
                0x0000e4d0                CLOCK_GetInternalRefClkFreq
 .text.CLOCK_GetPll0Freq
                0x0000e4f8       0x70 ./drivers/fsl_clock.o
                0x0000e4f8                CLOCK_GetPll0Freq
 .text.CLOCK_SetInternalRefClkConfig
                0x0000e568      0x128 ./drivers/fsl_clock.o
                0x0000e568                CLOCK_SetInternalRefClkConfig
 .text.CLOCK_EnablePll0
                0x0000e690       0x90 ./drivers/fsl_clock.o
                0x0000e690                CLOCK_EnablePll0
 .text.CLOCK_InitOsc0
                0x0000e720       0x94 ./drivers/fsl_clock.o
                0x0000e720                CLOCK_InitOsc0
 .text.CLOCK_SetPbeMode
                0x0000e7b4       0xb0 ./drivers/fsl_clock.o
                0x0000e7b4                CLOCK_SetPbeMode
 .text.CLOCK_BootToPeeMode
                0x0000e864       0x70 ./drivers/fsl_clock.o
                0x0000e864                CLOCK_BootToPeeMode
 .text.COP_GetDefaultConfig
                0x0000e8d4       0x34 ./drivers/fsl_cop.o
                0x0000e8d4                COP_GetDefaultConfig
 .text.COP_Init
                0x0000e908       0x54 ./drivers/fsl_cop.o
                0x0000e908                COP_Init
 .text.COP_Refresh
                0x0000e95c       0x38 ./drivers/fsl_cop.o
                0x0000e95c                COP_Refresh
 .text.GPIO_GetInstance
                0x0000e994       0x4c ./drivers/fsl_gpio.o
 .text.GPIO_PinInit
                0x0000e9e0       0x64 ./drivers/fsl_gpio.o
                0x0000e9e0                GPIO_PinInit
 .text.GPIO_PortClearInterruptFlags
                0x0000ea44       0x3c ./drivers/fsl_gpio.o
                0x0000ea44                GPIO_PortClearInterruptFlags
 .text.CLOCK_EnableClock
                0x0000ea80       0x34 ./drivers/fsl_lpsci.o
 .text.LPSCI_GetInstance
                0x0000eab4       0x48 ./drivers/fsl_lpsci.o
                0x0000eab4                LPSCI_GetInstance
 .text.LPSCI_Init
                0x0000eafc      0x278 ./drivers/fsl_lpsci.o
                0x0000eafc                LPSCI_Init
 .text.LPSCI_GetDefaultConfig
                0x0000ed74       0x48 ./drivers/fsl_lpsci.o
                0x0000ed74                LPSCI_GetDefaultConfig
 .text.UART0_DriverIRQHandler
                0x0000edbc       0x24 ./drivers/fsl_lpsci.o
                0x0000edbc                UART0_DriverIRQHandler
 .text.CLOCK_EnableClock
                0x0000ede0       0x34 ./drivers/fsl_pit.o
 .text.PIT_GetInstance
                0x0000ee14       0x48 ./drivers/fsl_pit.o
 .text.PIT_Init
                0x0000ee5c       0x6c ./drivers/fsl_pit.o
                0x0000ee5c                PIT_Init
 .text.CLOCK_EnableClock
                0x0000eec8       0x34 ./drivers/fsl_spi.o
 .text.SPI_GetInstance
                0x0000eefc       0x4c ./drivers/fsl_spi.o
                0x0000eefc                SPI_GetInstance
 .text.SPI_SetDummyData
                0x0000ef48       0x34 ./drivers/fsl_spi.o
                0x0000ef48                SPI_SetDummyData
 .text.SPI_WriteNonBlocking
                0x0000ef7c       0xc4 ./drivers/fsl_spi.o
 .text.SPI_MasterGetDefaultConfig
                0x0000f040       0x58 ./drivers/fsl_spi.o
                0x0000f040                SPI_MasterGetDefaultConfig
 .text.SPI_MasterInit
                0x0000f098      0x164 ./drivers/fsl_spi.o
                0x0000f098                SPI_MasterInit
 .text.SPI_MasterTransferBlocking
                0x0000f1fc      0x104 ./drivers/fsl_spi.o
                0x0000f1fc                SPI_MasterTransferBlocking
 .text.SPI_CommonIRQHandler
                0x0000f300       0x54 ./drivers/fsl_spi.o
 .text.SPI0_DriverIRQHandler
                0x0000f354       0x30 ./drivers/fsl_spi.o
                0x0000f354                SPI0_DriverIRQHandler
 .text.SPI1_DriverIRQHandler
                0x0000f384       0x30 ./drivers/fsl_spi.o
                0x0000f384                SPI1_DriverIRQHandler
 .text.CLOCK_EnableClock
                0x0000f3b4       0x34 ./drivers/fsl_uart.o
 .text.UART_GetInstance
                0x0000f3e8       0x54 ./drivers/fsl_uart.o
                0x0000f3e8                UART_GetInstance
 .text.UART_Init
                0x0000f43c      0x200 ./drivers/fsl_uart.o
                0x0000f43c                UART_Init
 .text.UART_GetDefaultConfig
                0x0000f63c       0x48 ./drivers/fsl_uart.o
                0x0000f63c                UART_GetDefaultConfig
 .text.UART1_DriverIRQHandler
                0x0000f684       0x24 ./drivers/fsl_uart.o
                0x0000f684                UART1_DriverIRQHandler
 .text.UART2_DriverIRQHandler
                0x0000f6a8       0x24 ./drivers/fsl_uart.o
                0x0000f6a8                UART2_DriverIRQHandler
 .text.GpioMcuInit
                0x0000f6cc       0xd0 ./drivers/gpio-board.o
                0x0000f6cc                GpioMcuInit
 .text.PORTA_IRQHandler
                0x0000f79c       0x8c ./drivers/gpio-board.o
                0x0000f79c                PORTA_IRQHandler
 .text.SysTimeAdd
                0x0000f828       0xb0 ./drivers/systime.o
                0x0000f828                SysTimeAdd
 .text.TimerStart
                0x0000f8d8       0xa0 ./drivers/timer.o
                0x0000f8d8                TimerStart
 .text.TimerInsertTimer
                0x0000f978       0x5c ./drivers/timer.o
 .text.TimerInsertNewHeadTimer
                0x0000f9d4       0x3c ./drivers/timer.o
 .text.TimerIrqHandler
                0x0000fa10       0xf0 ./drivers/timer.o
                0x0000fa10                TimerIrqHandler
 .text.TimerStop
                0x0000fb00       0xec ./drivers/timer.o
                0x0000fb00                TimerStop
 .text.TimerExists
                0x0000fbec       0x38 ./drivers/timer.o
 .text.CLOCK_SetLpsci0Clock
                0x0000fc24       0x38 ./board/src/board_46.o
 .text.BOARD_InitDebugConsole
                0x0000fc5c       0x30 ./board/src/board_46.o
                0x0000fc5c                BOARD_InitDebugConsole
 .text.CLOCK_EnableClock
                0x0000fc8c       0x34 ./board/src/clock_config.o
 .text.CLOCK_DisableClock
                0x0000fcc0       0x38 ./board/src/clock_config.o
 .text.CLOCK_SetSimSafeDivs
                0x0000fcf8       0x20 ./board/src/clock_config.o
 .text.CLOCK_SetXtal0Freq
                0x0000fd18       0x1c ./board/src/clock_config.o
 .text.CLOCK_CONFIG_SetRtcClock
                0x0000fd34       0x34 ./board/src/clock_config.o
 .text.CLOCK_CONFIG_SetFllExtRefDiv
                0x0000fd68       0x3c ./board/src/clock_config.o
 .text.BOARD_BootClockRUN
                0x0000fda4       0x68 ./board/src/clock_config.o
                0x0000fda4                BOARD_BootClockRUN
 .text.__NVIC_EnableIRQ
                0x0000fe0c       0x34 ./board/src/pin_mux.o
 .text.CLOCK_EnableClock
                0x0000fe40       0x34 ./board/src/pin_mux.o
 .text.PORT_SetPinConfig
                0x0000fe74       0x38 ./board/src/pin_mux.o
 .text.PORT_SetPinMux
                0x0000feac       0x40 ./board/src/pin_mux.o
 .text.PORT_SetPinInterruptConfig
                0x0000feec       0x40 ./board/src/pin_mux.o
 .text.BOARD_InitPins
                0x0000ff2c      0x32c ./board/src/pin_mux.o
                0x0000ff2c                BOARD_InitPins
 .text.__NVIC_SetPriority
                0x00010258       0xdc ./board/board.o
 .text.SysTick_Config
                0x00010334       0x48 ./board/board.o
 .text.BoardInitPeriph
                0x0001037c       0x64 ./board/board.o
                0x0001037c                BoardInitPeriph
 .text.BoardInitMcu
                0x000103e0       0x80 ./board/board.o
                0x000103e0                BoardInitMcu
 .text.SysTick_Handler
                0x00010460       0x20 ./board/delay-board.o
                0x00010460                SysTick_Handler
 .text.SysTick_DelayTicks
                0x00010480       0x24 ./board/delay-board.o
                0x00010480                SysTick_DelayTicks
 .text.__NVIC_EnableIRQ
                0x000104a4       0x34 ./board/rtc-board.o
 .text.__NVIC_SetPriority
                0x000104d8       0xdc ./board/rtc-board.o
 .text.PIT_GetDefaultConfig
                0x000105b4       0x28 ./board/rtc-board.o
 .text.PIT_IRQHandler
                0x000105dc       0x28 ./board/rtc-board.o
                0x000105dc                PIT_IRQHandler
 .text.RtcInit  0x00010604       0xb0 ./board/rtc-board.o
                0x00010604                RtcInit
 .text.RtcGetCalendarTime
                0x000106b4       0x38 ./board/rtc-board.o
                0x000106b4                RtcGetCalendarTime
 .text.RtcSetTimerContext
                0x000106ec       0x20 ./board/rtc-board.o
                0x000106ec                RtcSetTimerContext
 .text.RtcGetTimerContext
                0x0001070c       0x14 ./board/rtc-board.o
                0x0001070c                RtcGetTimerContext
 .text.RtcStopAlarm
                0x00010720       0x14 ./board/rtc-board.o
                0x00010720                RtcStopAlarm
 .text.RtcStartAlarm
                0x00010734       0x4c ./board/rtc-board.o
                0x00010734                RtcStartAlarm
 .text.RtcGetTimerValue
                0x00010780       0x14 ./board/rtc-board.o
                0x00010780                RtcGetTimerValue
 .text.RtcGetTimerElapsedTime
                0x00010794       0x1c ./board/rtc-board.o
                0x00010794                RtcGetTimerElapsedTime
 .text.RtcBkupWrite
                0x000107b0       0x34 ./board/rtc-board.o
                0x000107b0                RtcBkupWrite
 .text.RtcBkupRead
                0x000107e4       0x38 ./board/rtc-board.o
                0x000107e4                RtcBkupRead
 .text.RtcProcess
                0x0001081c       0x58 ./board/rtc-board.o
                0x0001081c                RtcProcess
 .text.SpiInit  0x00010874       0xa8 ./board/spi-board.o
                0x00010874                SpiInit
 .text.SpiInOut
                0x0001091c       0x54 ./board/spi-board.o
                0x0001091c                SpiInOut
 .text.__NVIC_EnableIRQ
                0x00010970       0x34 ./board/sx1276-board.o
 .text.PORT_SetPinInterruptConfig
                0x000109a4       0x40 ./board/sx1276-board.o
 .text.SX1276IoInit
                0x000109e4       0x7c ./board/sx1276-board.o
                0x000109e4                SX1276IoInit
 .text.SX1276IoIrqInit
                0x00010a60       0x60 ./board/sx1276-board.o
                0x00010a60                SX1276IoIrqInit
 .text.SX1276Reset
                0x00010ac0       0x44 ./board/sx1276-board.o
                0x00010ac0                SX1276Reset
 .text.SX1276SetRfTxPower
                0x00010b04      0x1c8 ./board/sx1276-board.o
                0x00010b04                SX1276SetRfTxPower
 .text.SX1276SetAntSwLowPower
                0x00010ccc       0x48 ./board/sx1276-board.o
                0x00010ccc                SX1276SetAntSwLowPower
 .text.rand1    0x00010d14       0x38 ./board/utilities.o
                0x00010d14                rand1
 .text.srand1   0x00010d4c       0x1c ./board/utilities.o
                0x00010d4c                srand1
 .text.SystemInit
                0x00010d68       0x1c ./CMSIS/system_MKL46Z4.o
                0x00010d68                SystemInit
 .text.__assertion_failed
                0x00010d84       0x4c c:/nxp/mcuxpressoide_10.2.0_759/ide/tools/bin/../lib/gcc/arm-none-eabi/7.2.1/../../../../arm-none-eabi/lib/thumb/v6-m\libcr_semihost_nf.a(_cr_assert.o)
                0x00010d84                __assertion_failed
 .text.__sys_appexit
                0x00010dd0        0xc c:/nxp/mcuxpressoide_10.2.0_759/ide/tools/bin/../lib/gcc/arm-none-eabi/7.2.1/../../../../arm-none-eabi/lib/thumb/v6-m\libcr_semihost_nf.a(__sys_appexit.o)
                0x00010dd0                __sys_appexit
                0x00010dd0                __exit
 .text._deferredlazyseek
                0x00010ddc       0x40 c:/nxp/mcuxpressoide_10.2.0_759/ide/tools/bin/../lib/gcc/arm-none-eabi/7.2.1/../../../../arm-none-eabi/lib/thumb/v6-m\libcr_c.a(_deferredlazyseek.o)
                0x00010ddc                _deferredlazyseek
 .text.__flsbuf
                0x00010e1c      0x14c c:/nxp/mcuxpressoide_10.2.0_759/ide/tools/bin/../lib/gcc/arm-none-eabi/7.2.1/../../../../arm-none-eabi/lib/thumb/v6-m\libcr_c.a(_deferredlazyseek.o)
                0x00010e1c                __flsbuf
 .text._fflush  0x00010f68       0x5c c:/nxp/mcuxpressoide_10.2.0_759/ide/tools/bin/../lib/gcc/arm-none-eabi/7.2.1/../../../../arm-none-eabi/lib/thumb/v6-m\libcr_c.a(_fflush.o)
                0x00010f68                _fflush
 .text._Cwritebuf
                0x00010fc4       0x68 c:/nxp/mcuxpressoide_10.2.0_759/ide/tools/bin/../lib/gcc/arm-none-eabi/7.2.1/../../../../arm-none-eabi/lib/thumb/v6-m\libcr_c.a(_writebuf.o)
                0x00010fc4                _Cwritebuf
 .text.malloc   0x0001102c       0xcc c:/nxp/mcuxpressoide_10.2.0_759/ide/tools/bin/../lib/gcc/arm-none-eabi/7.2.1/../../../../arm-none-eabi/lib/thumb/v6-m\libcr_c.a(alloc.o)
                0x0001102c                malloc
 .text._Csys_alloc
                0x000110f8       0x20 c:/nxp/mcuxpressoide_10.2.0_759/ide/tools/bin/../lib/gcc/arm-none-eabi/7.2.1/../../../../arm-none-eabi/lib/thumb/v6-m\libcr_c.a(alloc.o)
                0x000110f8                _Csys_alloc
 .text.ceil     0x00011118       0xa4 c:/nxp/mcuxpressoide_10.2.0_759/ide/tools/bin/../lib/gcc/arm-none-eabi/7.2.1/../../../../arm-none-eabi/lib/thumb/v6-m\libcr_c.a(ceil.o)
                0x00011118                ceil
 .text.floor    0x000111bc       0xa8 c:/nxp/mcuxpressoide_10.2.0_759/ide/tools/bin/../lib/gcc/arm-none-eabi/7.2.1/../../../../arm-none-eabi/lib/thumb/v6-m\libcr_c.a(floor.o)
                0x000111bc                floor
 .text.fseek    0x00011264       0xf0 c:/nxp/mcuxpressoide_10.2.0_759/ide/tools/bin/../lib/gcc/arm-none-eabi/7.2.1/../../../../arm-none-eabi/lib/thumb/v6-m\libcr_c.a(fseek.o)
                0x00011264                fseek
 .text.ftell    0x00011354       0x48 c:/nxp/mcuxpressoide_10.2.0_759/ide/tools/bin/../lib/gcc/arm-none-eabi/7.2.1/../../../../arm-none-eabi/lib/thumb/v6-m\libcr_c.a(ftell.o)
                0x00011354                ftell
 .text._initio  0x0001139c       0x7c c:/nxp/mcuxpressoide_10.2.0_759/ide/tools/bin/../lib/gcc/arm-none-eabi/7.2.1/../../../../arm-none-eabi/lib/thumb/v6-m\libcr_c.a(initio.o)
                0x0001139c                _initio
 .text.__vfprintf
                0x00011418      0xcd4 c:/nxp/mcuxpressoide_10.2.0_759/ide/tools/bin/../lib/gcc/arm-none-eabi/7.2.1/../../../../arm-none-eabi/lib/thumb/v6-m\libcr_c.a(printf.o)
                0x00011418                __vfprintf
 .text._vsnprintf
                0x000120ec       0x60 c:/nxp/mcuxpressoide_10.2.0_759/ide/tools/bin/../lib/gcc/arm-none-eabi/7.2.1/../../../../arm-none-eabi/lib/thumb/v6-m\libcr_c.a(printf.o)
                0x000120ec                _vsnprintf
 .text._printf  0x0001214c       0x50 c:/nxp/mcuxpressoide_10.2.0_759/ide/tools/bin/../lib/gcc/arm-none-eabi/7.2.1/../../../../arm-none-eabi/lib/thumb/v6-m\libcr_c.a(printf.o)
                0x0001214c                _printf
 .text.setvbuf  0x0001219c       0x48 c:/nxp/mcuxpressoide_10.2.0_759/ide/tools/bin/../lib/gcc/arm-none-eabi/7.2.1/../../../../arm-none-eabi/lib/thumb/v6-m\libcr_c.a(setvbuf.o)
                0x0001219c                setvbuf
 .text.strlen   0x000121e4       0x58 c:/nxp/mcuxpressoide_10.2.0_759/ide/tools/bin/../lib/gcc/arm-none-eabi/7.2.1/../../../../arm-none-eabi/lib/thumb/v6-m\libcr_c.a(strlen.o)
                0x000121e4                strlen
 .text._sbrk    0x0001223c       0x40 c:/nxp/mcuxpressoide_10.2.0_759/ide/tools/bin/../lib/gcc/arm-none-eabi/7.2.1/../../../../arm-none-eabi/lib/thumb/v6-m\libcr_c.a(_cr_sbrk.o)
                0x0001223c                _sbrk
 .text._fdopen  0x0001227c       0x74 c:/nxp/mcuxpressoide_10.2.0_759/ide/tools/bin/../lib/gcc/arm-none-eabi/7.2.1/../../../../arm-none-eabi/lib/thumb/v6-m\libcr_c.a(_fdopen.o)
                0x0001227c                _fdopen
 .text.fclose   0x000122f0       0x5c c:/nxp/mcuxpressoide_10.2.0_759/ide/tools/bin/../lib/gcc/arm-none-eabi/7.2.1/../../../../arm-none-eabi/lib/thumb/v6-m\libcr_c.a(fclose.o)
                0x000122f0                fclose
 .text.fflush   0x0001234c       0x44 c:/nxp/mcuxpressoide_10.2.0_759/ide/tools/bin/../lib/gcc/arm-none-eabi/7.2.1/../../../../arm-none-eabi/lib/thumb/v6-m\libcr_c.a(fflush.o)
                0x0001234c                fflush
 .text.__check_heap_overflow
                0x00012390       0x14 c:/nxp/mcuxpressoide_10.2.0_759/ide/tools/bin/../lib/gcc/arm-none-eabi/7.2.1/../../../../arm-none-eabi/lib/thumb/v6-m\libcr_c.a(_cr_check_heap.o)
                0x00012390                __check_heap_overflow
 .text._do_fflush
                0x000123a4       0x44 c:/nxp/mcuxpressoide_10.2.0_759/ide/tools/bin/../lib/gcc/arm-none-eabi/7.2.1/../../../../arm-none-eabi/lib/thumb/v6-m\libcr_c.a(_do_fflush.o)
                0x000123a4                _do_fflush
 .text.__aeabi_dmul
                0x000123e8      0x184 c:/nxp/mcuxpressoide_10.2.0_759/ide/tools/bin/../lib/gcc/arm-none-eabi/7.2.1/thumb/v6-m\libcr_eabihelpers.a(double.o)
                0x000123e8                __aeabi_dmul
 .text.__aeabi_ddiv
                0x0001256c      0x148 c:/nxp/mcuxpressoide_10.2.0_759/ide/tools/bin/../lib/gcc/arm-none-eabi/7.2.1/thumb/v6-m\libcr_eabihelpers.a(double.o)
                0x0001256c                __aeabi_ddiv
 .text.__aeabi_dsub
                0x000126b4      0x1bc c:/nxp/mcuxpressoide_10.2.0_759/ide/tools/bin/../lib/gcc/arm-none-eabi/7.2.1/thumb/v6-m\libcr_eabihelpers.a(double.o)
                0x000126b4                __aeabi_dsub
 .text.__aeabi_dadd
                0x00012870      0x128 c:/nxp/mcuxpressoide_10.2.0_759/ide/tools/bin/../lib/gcc/arm-none-eabi/7.2.1/thumb/v6-m\libcr_eabihelpers.a(double.o)
                0x00012870                __aeabi_dadd
 .text.__aeabi_d2iz
                0x00012998       0x44 c:/nxp/mcuxpressoide_10.2.0_759/ide/tools/bin/../lib/gcc/arm-none-eabi/7.2.1/thumb/v6-m\libcr_eabihelpers.a(double.o)
                0x00012998                __aeabi_d2iz
 .text.__aeabi_d2uiz
                0x000129dc       0x34 c:/nxp/mcuxpressoide_10.2.0_759/ide/tools/bin/../lib/gcc/arm-none-eabi/7.2.1/thumb/v6-m\libcr_eabihelpers.a(double.o)
                0x000129dc                __aeabi_d2uiz
 .text.__aeabi_dcmpeq
                0x00012a10       0x30 c:/nxp/mcuxpressoide_10.2.0_759/ide/tools/bin/../lib/gcc/arm-none-eabi/7.2.1/thumb/v6-m\libcr_eabihelpers.a(double.o)
                0x00012a10                __aeabi_dcmpeq
 .text.__aeabi_dcmpgt
                0x00012a40       0x5c c:/nxp/mcuxpressoide_10.2.0_759/ide/tools/bin/../lib/gcc/arm-none-eabi/7.2.1/thumb/v6-m\libcr_eabihelpers.a(double.o)
                0x00012a40                __aeabi_dcmpgt
 .text.__aeabi_fsub
                0x00012a9c      0x130 c:/nxp/mcuxpressoide_10.2.0_759/ide/tools/bin/../lib/gcc/arm-none-eabi/7.2.1/thumb/v6-m\libcr_eabihelpers.a(float.o)
                0x00012a9c                __aeabi_fsub
 .text.__aeabi_fadd
                0x00012bcc       0xb0 c:/nxp/mcuxpressoide_10.2.0_759/ide/tools/bin/../lib/gcc/arm-none-eabi/7.2.1/thumb/v6-m\libcr_eabihelpers.a(float.o)
                0x00012bcc                __aeabi_fadd
 .text.__aeabi_f2d
                0x00012c7c       0x3c c:/nxp/mcuxpressoide_10.2.0_759/ide/tools/bin/../lib/gcc/arm-none-eabi/7.2.1/thumb/v6-m\libcr_eabihelpers.a(float.o)
                0x00012c7c                __aeabi_f2d
 .text.UART_EnableTx
                0x00012cb8       0x40 ./utilities/fsl_io.o
 .text.UART_EnableRx
                0x00012cf8       0x40 ./utilities/fsl_io.o
 .text.LPSCI_EnableTx
                0x00012d38       0x40 ./utilities/fsl_io.o
 .text.LPSCI_EnableRx
                0x00012d78       0x40 ./utilities/fsl_io.o
 .text.LOG_Init
                0x00012db8       0x3a ./utilities/fsl_log.o
                0x00012db8                LOG_Init
 .text.NvmCtxMgmtEvent
                0x00012df2       0x14 ./source/NvmCtxMgmt.o
                0x00012df2                NvmCtxMgmtEvent
 .text.NvmCtxMgmtStore
                0x00012e06        0xc ./source/NvmCtxMgmt.o
                0x00012e06                NvmCtxMgmtStore
 .text.NvmCtxMgmtRestore
                0x00012e12        0xc ./source/NvmCtxMgmt.o
                0x00012e12                NvmCtxMgmtRestore
 .text.SX1276IsChannelFree
                0x00012e1e       0xaa ./drivers/sx1276/sx1276.o
                0x00012e1e                SX1276IsChannelFree
 .text.SX1276Random
                0x00012ec8       0x68 ./drivers/sx1276/sx1276.o
                0x00012ec8                SX1276Random
 .text.SX1276SetOpMode
                0x00012f30       0x58 ./drivers/sx1276/sx1276.o
                0x00012f30                SX1276SetOpMode
 .text.SX1276Write
                0x00012f88       0x28 ./drivers/sx1276/sx1276.o
                0x00012f88                SX1276Write
 .text.SX1276Read
                0x00012fb0       0x28 ./drivers/sx1276/sx1276.o
                0x00012fb0                SX1276Read
 .text.SX1276WriteFifo
                0x00012fd8       0x24 ./drivers/sx1276/sx1276.o
                0x00012fd8                SX1276WriteFifo
 .text.SX1276ReadFifo
                0x00012ffc       0x24 ./drivers/sx1276/sx1276.o
                0x00012ffc                SX1276ReadFifo
 .text.SX1276GetWakeupTime
                0x00013020       0x12 ./drivers/sx1276/sx1276.o
                0x00013020                SX1276GetWakeupTime
 .text.copy_block
                0x00013032       0xb0 ./drivers/soft-se/aes.o
 .text.copy_block_nn
                0x000130e2       0x36 ./drivers/soft-se/aes.o
 .text.xor_block
                0x00013118      0x16c ./drivers/soft-se/aes.o
 .text.copy_and_key
                0x00013284      0x16e ./drivers/soft-se/aes.o
 .text.add_round_key
                0x000133f2       0x1e ./drivers/soft-se/aes.o
 .text.aes_encrypt
                0x00013410       0x96 ./drivers/soft-se/aes.o
                0x00013410                aes_encrypt
 .text.AES_CMAC_Init
                0x000134a6       0x34 ./drivers/soft-se/cmac.o
                0x000134a6                AES_CMAC_Init
 .text.AES_CMAC_SetKey
                0x000134da       0x1e ./drivers/soft-se/cmac.o
                0x000134da                AES_CMAC_SetKey
 .text.AES_CMAC_Update
                0x000134f8      0x176 ./drivers/soft-se/cmac.o
                0x000134f8                AES_CMAC_Update
 .text.AES_CMAC_Final
                0x0001366e      0x2d6 ./drivers/soft-se/cmac.o
                0x0001366e                AES_CMAC_Final
 .text.DummyCB  0x00013944        0xa ./drivers/soft-se/soft-se.o
 .text.SecureElementComputeAesCmac
                0x0001394e       0x4a ./drivers/soft-se/soft-se.o
                0x0001394e                SecureElementComputeAesCmac
 .text.SecureElementVerifyAesCmac
                0x00013998       0x80 ./drivers/soft-se/soft-se.o
                0x00013998                SecureElementVerifyAesCmac
 .text.SecureElementDeriveAndStoreKey
                0x00013a18       0xf6 ./drivers/soft-se/soft-se.o
                0x00013a18                SecureElementDeriveAndStoreKey
 .text.RegionIsActive
                0x00013b0e       0x22 ./drivers/region/Region.o
                0x00013b0e                RegionIsActive
 .text.RegionGetPhyParam
                0x00013b30       0x50 ./drivers/region/Region.o
                0x00013b30                RegionGetPhyParam
 .text.RegionSetBandTxDone
                0x00013b80       0x28 ./drivers/region/Region.o
                0x00013b80                RegionSetBandTxDone
 .text.RegionInitDefaults
                0x00013ba8       0x2a ./drivers/region/Region.o
                0x00013ba8                RegionInitDefaults
 .text.RegionGetNvmCtx
                0x00013bd2       0x2c ./drivers/region/Region.o
                0x00013bd2                RegionGetNvmCtx
 .text.RegionVerify
                0x00013bfe       0x3a ./drivers/region/Region.o
                0x00013bfe                RegionVerify
 .text.RegionApplyCFList
                0x00013c38       0x2a ./drivers/region/Region.o
                0x00013c38                RegionApplyCFList
 .text.RegionChanMaskSet
                0x00013c62       0x2c ./drivers/region/Region.o
                0x00013c62                RegionChanMaskSet
 .text.RegionComputeRxWindowParameters
                0x00013c8e       0x48 ./drivers/region/Region.o
                0x00013c8e                RegionComputeRxWindowParameters
 .text.RegionRxConfig
                0x00013cd6       0x34 ./drivers/region/Region.o
                0x00013cd6                RegionRxConfig
 .text.RegionTxConfig
                0x00013d0a       0x36 ./drivers/region/Region.o
                0x00013d0a                RegionTxConfig
 .text.RegionLinkAdrReq
                0x00013d40       0x3c ./drivers/region/Region.o
                0x00013d40                RegionLinkAdrReq
 .text.RegionRxParamSetupReq
                0x00013d7c       0x2c ./drivers/region/Region.o
                0x00013d7c                RegionRxParamSetupReq
 .text.RegionNewChannelReq
                0x00013da8       0x2c ./drivers/region/Region.o
                0x00013da8                RegionNewChannelReq
 .text.RegionTxParamSetupReq
                0x00013dd4       0x2c ./drivers/region/Region.o
                0x00013dd4                RegionTxParamSetupReq
 .text.RegionDlChannelReq
                0x00013e00       0x2c ./drivers/region/Region.o
                0x00013e00                RegionDlChannelReq
 .text.RegionAlternateDr
                0x00013e2c       0x34 ./drivers/region/Region.o
                0x00013e2c                RegionAlternateDr
 .text.RegionCalcBackOff
                0x00013e60       0x2a ./drivers/region/Region.o
                0x00013e60                RegionCalcBackOff
 .text.RegionNextChannel
                0x00013e8a       0x36 ./drivers/region/Region.o
                0x00013e8a                RegionNextChannel
 .text.RegionSetContinuousWave
                0x00013ec0       0x2a ./drivers/region/Region.o
                0x00013ec0                RegionSetContinuousWave
 .text.RegionApplyDrOffset
                0x00013eea       0x54 ./drivers/region/Region.o
                0x00013eea                RegionApplyDrOffset
 .text.GetNextLowerTxDr
                0x00013f3e       0x66 ./drivers/region/RegionAU915.o
 .text.LimitTxPower
                0x00013fa4       0x50 ./drivers/region/RegionAU915.o
 .text.CountNbOfEnabledChannels
                0x00013ff4      0x19c ./drivers/region/RegionAU915.o
 .text.RegionAU915NewChannelReq
                0x00014190       0x12 ./drivers/region/RegionAU915.o
                0x00014190                RegionAU915NewChannelReq
 .text.RegionAU915TxParamSetupReq
                0x000141a2       0x12 ./drivers/region/RegionAU915.o
                0x000141a2                RegionAU915TxParamSetupReq
 .text.RegionAU915DlChannelReq
                0x000141b4       0x12 ./drivers/region/RegionAU915.o
                0x000141b4                RegionAU915DlChannelReq
 .text.CountChannels
                0x000141c6       0x78 ./drivers/region/RegionCommon.o
 .text.RegionCommonChanVerifyDr
                0x0001423e      0x134 ./drivers/region/RegionCommon.o
                0x0001423e                RegionCommonChanVerifyDr
 .text.RegionCommonValueInRange
                0x00014372       0x4c ./drivers/region/RegionCommon.o
                0x00014372                RegionCommonValueInRange
 .text.RegionCommonChanDisable
                0x000143be       0x84 ./drivers/region/RegionCommon.o
                0x000143be                RegionCommonChanDisable
 .text.RegionCommonCountChannels
                0x00014442       0x82 ./drivers/region/RegionCommon.o
                0x00014442                RegionCommonCountChannels
 .text.RegionCommonChanMaskCopy
                0x000144c4       0x5e ./drivers/region/RegionCommon.o
                0x000144c4                RegionCommonChanMaskCopy
 .text.RegionCommonSetBandTxDone
                0x00014522       0x36 ./drivers/region/RegionCommon.o
                0x00014522                RegionCommonSetBandTxDone
 .text.RegionCommonUpdateBandTimeOff
                0x00014558      0x1ea ./drivers/region/RegionCommon.o
                0x00014558                RegionCommonUpdateBandTimeOff
 .text.RegionCommonParseLinkAdrReq
                0x00014742       0xac ./drivers/region/RegionCommon.o
                0x00014742                RegionCommonParseLinkAdrReq
 .text.RegionCommonLinkAdrReqVerifyParams
                0x000147ee      0x1aa ./drivers/region/RegionCommon.o
                0x000147ee                RegionCommonLinkAdrReqVerifyParams
 .text.RegionCommonComputeTxPower
                0x00014998       0x70 ./drivers/region/RegionCommon.o
                0x00014998                RegionCommonComputeTxPower
 .text.RegionCommonCalcBackOff
                0x00014a08      0x11a ./drivers/region/RegionCommon.o
                0x00014a08                RegionCommonCalcBackOff
 .text.ProcessRadioRxError
                0x00014b22       0x12 ./drivers/LoRaMac.o
 .text.ProcessRadioRxTimeout
                0x00014b34       0x12 ./drivers/LoRaMac.o
 .text.CheckToDisableAckTimeout
                0x00014b46       0x4e ./drivers/LoRaMac.o
 .text.ValidatePayloadLength
                0x00014b94       0x7c ./drivers/LoRaMac.o
 .text.DetermineFrameType
                0x00014c10       0x9a ./drivers/LoRaMac.o
                0x00014c10                DetermineFrameType
 .text.EventMacNvmCtxChanged
                0x00014caa       0x10 ./drivers/LoRaMac.o
 .text.EventRegionNvmCtxChanged
                0x00014cba       0x10 ./drivers/LoRaMac.o
 .text.EventCryptoNvmCtxChanged
                0x00014cca       0x10 ./drivers/LoRaMac.o
 .text.EventSecureElementNvmCtxChanged
                0x00014cda       0x10 ./drivers/LoRaMac.o
 .text.EventCommandsNvmCtxChanged
                0x00014cea       0x10 ./drivers/LoRaMac.o
 .text.EventClassBNvmCtxChanged
                0x00014cfa       0x10 ./drivers/LoRaMac.o
 .text.EventConfirmQueueNvmCtxChanged
                0x00014d0a       0x10 ./drivers/LoRaMac.o
 .text.EventFCntHandlerNvmCtxChanged
                0x00014d1a       0x10 ./drivers/LoRaMac.o
 .text.CalcNextV10X
                0x00014d2a      0x196 ./drivers/LoRaMacAdr.o
 .text.CalcNextV11X
                0x00014ec0      0x1b4 ./drivers/LoRaMacAdr.o
 .text.LoRaMacAdrCalcNext
                0x00015074       0x3c ./drivers/LoRaMacAdr.o
                0x00015074                LoRaMacAdrCalcNext
 .text.LoRaMacClassBInit
                0x000150b0       0x14 ./drivers/LoRaMacClassB.o
                0x000150b0                LoRaMacClassBInit
 .text.LoRaMacClassBRestoreNvmCtx
                0x000150c4       0x12 ./drivers/LoRaMacClassB.o
                0x000150c4                LoRaMacClassBRestoreNvmCtx
 .text.LoRaMacClassBGetNvmCtx
                0x000150d6       0x18 ./drivers/LoRaMacClassB.o
                0x000150d6                LoRaMacClassBGetNvmCtx
 .text.LoRaMacClassBSetBeaconState
                0x000150ee       0x14 ./drivers/LoRaMacClassB.o
                0x000150ee                LoRaMacClassBSetBeaconState
 .text.LoRaMacClassBSetPingSlotState
                0x00015102       0x14 ./drivers/LoRaMacClassB.o
                0x00015102                LoRaMacClassBSetPingSlotState
 .text.LoRaMacClassBSetMulticastSlotState
                0x00015116       0x14 ./drivers/LoRaMacClassB.o
                0x00015116                LoRaMacClassBSetMulticastSlotState
 .text.LoRaMacClassBIsAcquisitionInProgress
                0x0001512a        0xc ./drivers/LoRaMacClassB.o
                0x0001512a                LoRaMacClassBIsAcquisitionInProgress
 .text.LoRaMacClassBBeaconTimerEvent
                0x00015136        0xa ./drivers/LoRaMacClassB.o
                0x00015136                LoRaMacClassBBeaconTimerEvent
 .text.LoRaMacClassBPingSlotTimerEvent
                0x00015140        0xa ./drivers/LoRaMacClassB.o
                0x00015140                LoRaMacClassBPingSlotTimerEvent
 .text.LoRaMacClassBMulticastSlotTimerEvent
                0x0001514a        0xa ./drivers/LoRaMacClassB.o
                0x0001514a                LoRaMacClassBMulticastSlotTimerEvent
 .text.LoRaMacClassBRxBeacon
                0x00015154       0x18 ./drivers/LoRaMacClassB.o
                0x00015154                LoRaMacClassBRxBeacon
 .text.LoRaMacClassBIsBeaconExpected
                0x0001516c        0xc ./drivers/LoRaMacClassB.o
                0x0001516c                LoRaMacClassBIsBeaconExpected
 .text.LoRaMacClassBIsPingExpected
                0x00015178        0xc ./drivers/LoRaMacClassB.o
                0x00015178                LoRaMacClassBIsPingExpected
 .text.LoRaMacClassBIsMulticastExpected
                0x00015184        0xc ./drivers/LoRaMacClassB.o
                0x00015184                LoRaMacClassBIsMulticastExpected
 .text.LoRaMacClassBIsBeaconModeActive
                0x00015190        0xc ./drivers/LoRaMacClassB.o
                0x00015190                LoRaMacClassBIsBeaconModeActive
 .text.LoRaMacClassBSetPingSlotInfo
                0x0001519c       0x14 ./drivers/LoRaMacClassB.o
                0x0001519c                LoRaMacClassBSetPingSlotInfo
 .text.LoRaMacClassBHaltBeaconing
                0x000151b0        0xa ./drivers/LoRaMacClassB.o
                0x000151b0                LoRaMacClassBHaltBeaconing
 .text.LoRaMacClassBResumeBeaconing
                0x000151ba        0xa ./drivers/LoRaMacClassB.o
                0x000151ba                LoRaMacClassBResumeBeaconing
 .text.LoRaMacClassBSwitchClass
                0x000151c4       0x16 ./drivers/LoRaMacClassB.o
                0x000151c4                LoRaMacClassBSwitchClass
 .text.LoRaMacClassBMibGetRequestConfirm
                0x000151da       0x12 ./drivers/LoRaMacClassB.o
                0x000151da                LoRaMacClassBMibGetRequestConfirm
 .text.LoRaMacMibClassBSetRequestConfirm
                0x000151ec       0x12 ./drivers/LoRaMacClassB.o
                0x000151ec                LoRaMacMibClassBSetRequestConfirm
 .text.LoRaMacClassBPingSlotInfoAns
                0x000151fe        0xa ./drivers/LoRaMacClassB.o
                0x000151fe                LoRaMacClassBPingSlotInfoAns
 .text.LoRaMacClassBPingSlotChannelReq
                0x00015208       0x18 ./drivers/LoRaMacClassB.o
                0x00015208                LoRaMacClassBPingSlotChannelReq
 .text.LoRaMacClassBBeaconTimingAns
                0x00015220       0x1c ./drivers/LoRaMacClassB.o
                0x00015220                LoRaMacClassBBeaconTimingAns
 .text.LoRaMacClassBDeviceTimeAns
                0x0001523c        0xa ./drivers/LoRaMacClassB.o
                0x0001523c                LoRaMacClassBDeviceTimeAns
 .text.LoRaMacClassBBeaconFreqReq
                0x00015246       0x12 ./drivers/LoRaMacClassB.o
                0x00015246                LoRaMacClassBBeaconFreqReq
 .text.LoRaMacClassBIsUplinkCollision
                0x00015258       0x12 ./drivers/LoRaMacClassB.o
                0x00015258                LoRaMacClassBIsUplinkCollision
 .text.LoRaMacClassBStopRxSlots
                0x0001526a        0xa ./drivers/LoRaMacClassB.o
                0x0001526a                LoRaMacClassBStopRxSlots
 .text.LoRaMacClassBProcess
                0x00015274        0xa ./drivers/LoRaMacClassB.o
                0x00015274                LoRaMacClassBProcess
 .text.isSlotFree
                0x0001527e       0x4a ./drivers/LoRaMacCommands.o
                0x0001527e                isSlotFree
 .text.freeMacCommandSlot
                0x000152c8       0x28 ./drivers/LoRaMacCommands.o
                0x000152c8                freeMacCommandSlot
 .text.linkedListInit
                0x000152f0       0x28 ./drivers/LoRaMacCommands.o
 .text.linkedListAdd
                0x00015318       0x4e ./drivers/LoRaMacCommands.o
 .text.linkedListGetPrevious
                0x00015366       0x50 ./drivers/LoRaMacCommands.o
 .text.linkedListRemove
                0x000153b6       0x6a ./drivers/LoRaMacCommands.o
 .text.GetElement
                0x00015420       0x48 ./drivers/LoRaMacConfirmQueue.o
 .text.PayloadEncrypt
                0x00015468      0x204 ./drivers/LoRaMacCrypto.o
 .text.FOptsEncrypt
                0x0001566c      0x16a ./drivers/LoRaMacCrypto.o
 .text.ComputeCmac
                0x000157d6       0x42 ./drivers/LoRaMacCrypto.o
 .text.VerifyCmac
                0x00015818       0x42 ./drivers/LoRaMacCrypto.o
 .text.DummyCB  0x0001585a        0xa ./drivers/LoRaMacCrypto.o
 .text.LoRaMacCryptoSetKey
                0x00015864       0x2e ./drivers/LoRaMacCrypto.o
                0x00015864                LoRaMacCryptoSetKey
 .text.LoRaMacParserJoinAccept
                0x00015892      0x1e2 ./drivers/LoRaMacParser.o
                0x00015892                LoRaMacParserJoinAccept
 .text.LoRaMacParserData
                0x00015a74      0x224 ./drivers/LoRaMacParser.o
                0x00015a74                LoRaMacParserData
 .text.LoRaMacSerializerJoinRequest
                0x00015c98      0x136 ./drivers/LoRaMacSerializer.o
                0x00015c98                LoRaMacSerializerJoinRequest
 .text.LoRaMacSerializerReJoinType1
                0x00015dce       0xdc ./drivers/LoRaMacSerializer.o
                0x00015dce                LoRaMacSerializerReJoinType1
 .text.LoRaMacSerializerReJoinType0or2
                0x00015eaa       0xdc ./drivers/LoRaMacSerializer.o
                0x00015eaa                LoRaMacSerializerReJoinType0or2
 .text.LoRaMacSerializerData
                0x00015f86      0x244 ./drivers/LoRaMacSerializer.o
                0x00015f86                LoRaMacSerializerData
 .text.DelayMs  0x000161ca       0x18 ./drivers/delay.o
                0x000161ca                DelayMs
 .text.OSC_SetExtRefClkConfig
                0x000161e2       0x3e ./drivers/fsl_clock.o
 .text.OSC_SetCapLoad
                0x00016220       0x42 ./drivers/fsl_clock.o
 .text.CLOCK_GetPll0RefFreq
                0x00016262       0x10 ./drivers/fsl_clock.o
 .text.CLOCK_GetFixedFreqClkFreq
                0x00016272       0x30 ./drivers/fsl_clock.o
                0x00016272                CLOCK_GetFixedFreqClkFreq
 .text.CLOCK_SetExternalRefClkConfig
                0x000162a2       0x16 ./drivers/fsl_clock.o
                0x000162a2                CLOCK_SetExternalRefClkConfig
 .text.DisableGlobalIRQ
                0x000162b8       0x1c ./drivers/fsl_cop.o
 .text.EnableGlobalIRQ
                0x000162d4       0x1a ./drivers/fsl_cop.o
 .text.GPIO_PinWrite
                0x000162ee       0x34 ./drivers/fsl_gpio.o
 .text.GPIO_WritePinOutput
                0x00016322       0x24 ./drivers/fsl_gpio.o
 .text.SPI_ReadNonBlocking
                0x00016346       0x96 ./drivers/fsl_spi.o
 .text.SPI_MasterSetBaudRate
                0x000163dc       0xb8 ./drivers/fsl_spi.o
                0x000163dc                SPI_MasterSetBaudRate
 .text.SPI_WriteData
                0x00016494       0x2e ./drivers/fsl_spi.o
                0x00016494                SPI_WriteData
 .text.SPI_ReadData
                0x000164c2       0x3c ./drivers/fsl_spi.o
                0x000164c2                SPI_ReadData
 .text.GPIO_PinWrite
                0x000164fe       0x34 ./drivers/gpio-board.o
 .text.GPIO_WritePinOutput
                0x00016532       0x24 ./drivers/gpio-board.o
 .text.PORT_GetPinsInterruptFlags
                0x00016556       0x16 ./drivers/gpio-board.o
 .text.GpioMcuWrite
                0x0001656c       0x38 ./drivers/gpio-board.o
                0x0001656c                GpioMcuWrite
 .text.GpioInit
                0x000165a4       0x3c ./drivers/gpio.o
                0x000165a4                GpioInit
 .text.GpioWrite
                0x000165e0       0x1e ./drivers/gpio.o
                0x000165e0                GpioWrite
 .text.SysTimeSub
                0x000165fe       0xa8 ./drivers/systime.o
                0x000165fe                SysTimeSub
 .text.SysTimeSet
                0x000166a6       0x62 ./drivers/systime.o
                0x000166a6                SysTimeSet
 .text.SysTimeGet
                0x00016708       0x72 ./drivers/systime.o
                0x00016708                SysTimeGet
 .text.SysTimeGetMcuTime
                0x0001677a       0x36 ./drivers/systime.o
                0x0001677a                SysTimeGetMcuTime
 .text.TimerInit
                0x000167b0       0x30 ./drivers/timer.o
                0x000167b0                TimerInit
 .text.TimerSetValue
                0x000167e0       0x4a ./drivers/timer.o
                0x000167e0                TimerSetValue
 .text.TimerGetCurrentTime
                0x0001682a       0x20 ./drivers/timer.o
                0x0001682a                TimerGetCurrentTime
 .text.TimerGetElapsedTime
                0x0001684a       0x32 ./drivers/timer.o
                0x0001684a                TimerGetElapsedTime
 .text.TimerSetTimeout
                0x0001687c       0x48 ./drivers/timer.o
 .text.TimerProcess
                0x000168c4        0xe ./drivers/timer.o
                0x000168c4                TimerProcess
 .text.BOARD_InitBootClocks
                0x000168d2        0xe ./board/src/clock_config.o
                0x000168d2                BOARD_InitBootClocks
 .text.EnableIRQ
                0x000168e0       0x30 ./board/src/pin_mux.o
 .text.BoardCriticalSectionBegin
                0x00016910       0x1e ./board/board.o
                0x00016910                BoardCriticalSectionBegin
 .text.BoardCriticalSectionEnd
                0x0001692e       0x1e ./board/board.o
                0x0001692e                BoardCriticalSectionEnd
 .text.BoardGetRandomSeed
                0x0001694c        0xc ./board/board.o
                0x0001694c                BoardGetRandomSeed
 .text.BoardGetUniqueId
                0x00016958       0x10 ./board/board.o
                0x00016958                BoardGetUniqueId
 .text.DelayMsMcu
                0x00016968       0x18 ./board/delay-board.o
                0x00016968                DelayMsMcu
 .text.EnableIRQ
                0x00016980       0x30 ./board/rtc-board.o
 .text.PIT_EnableInterrupts
                0x000169b0       0x42 ./board/rtc-board.o
 .text.PIT_ClearStatusFlags
                0x000169f2       0x2e ./board/rtc-board.o
 .text.PIT_SetTimerPeriod
                0x00016a20       0x28 ./board/rtc-board.o
 .text.PIT_StartTimer
                0x00016a48       0x3e ./board/rtc-board.o
 .text.RtcMs2Tick
                0x00016a86       0x12 ./board/rtc-board.o
                0x00016a86                RtcMs2Tick
 .text.RtcTick2Ms
                0x00016a98       0x32 ./board/rtc-board.o
                0x00016a98                RtcTick2Ms
 .text.RtcGetMinimumTimeout
                0x00016aca        0xc ./board/rtc-board.o
                0x00016aca                RtcGetMinimumTimeout
 .text.RtcSetAlarm
                0x00016ad6       0x18 ./board/rtc-board.o
                0x00016ad6                RtcSetAlarm
 .text.EnableIRQ
                0x00016aee       0x30 ./board/sx1276-board.o
 .text.SX1276SetBoardTcxo
                0x00016b1e       0x14 ./board/sx1276-board.o
 .text.SX1276GetBoardTcxoWakeupTime
                0x00016b32        0xc ./board/sx1276-board.o
                0x00016b32                SX1276GetBoardTcxoWakeupTime
 .text.SX1276GetPaSelect
                0x00016b3e       0x12 ./board/sx1276-board.o
 .text.SX1276SetAntSw
                0x00016b50       0x14 ./board/sx1276-board.o
                0x00016b50                SX1276SetAntSw
 .text.SX1276CheckRfFrequency
                0x00016b64       0x12 ./board/sx1276-board.o
                0x00016b64                SX1276CheckRfFrequency
 .text.randr    0x00016b76       0x2c ./board/utilities.o
                0x00016b76                randr
 .text.memcpy1  0x00016ba2       0x36 ./board/utilities.o
                0x00016ba2                memcpy1
 .text.memcpyr  0x00016bd8       0x42 ./board/utilities.o
                0x00016bd8                memcpyr
 .text.memset1  0x00016c1a       0x3c ./board/utilities.o
                0x00016c1a                memset1
 .text.SystemInitHook
                0x00016c56        0xa ./CMSIS/system_MKL46Z4.o
                0x00016c56                SystemInitHook
 .text.__main   0x00016c60        0xc c:/nxp/mcuxpressoide_10.2.0_759/ide/tools/bin/../lib/gcc/arm-none-eabi/7.2.1/../../../../arm-none-eabi/lib/thumb/v6-m\libcr_semihost_nf.a(_cr__main.o)
                0x00016c60                __CR_SEMIHOST
                0x00016c60                __main
 .text.memset   0x00016c6c        0x8 c:/nxp/mcuxpressoide_10.2.0_759/ide/tools/bin/../lib/gcc/arm-none-eabi/7.2.1/../../../../arm-none-eabi/lib/thumb/v6-m\libcr_c.a(memset.o)
                0x00016c6c                memset
 .text.free     0x00016c74       0x2c c:/nxp/mcuxpressoide_10.2.0_759/ide/tools/bin/../lib/gcc/arm-none-eabi/7.2.1/../../../../arm-none-eabi/lib/thumb/v6-m\libcr_c.a(alloc.o)
                0x00016c74                free
 .text.fputs    0x00016ca0       0x2e c:/nxp/mcuxpressoide_10.2.0_759/ide/tools/bin/../lib/gcc/arm-none-eabi/7.2.1/../../../../arm-none-eabi/lib/thumb/v6-m\libcr_c.a(fputs.o)
                0x00016ca0                fputs
 .text.no_fp_display
                0x00016cce        0x4 c:/nxp/mcuxpressoide_10.2.0_759/ide/tools/bin/../lib/gcc/arm-none-eabi/7.2.1/../../../../arm-none-eabi/lib/thumb/v6-m\libcr_c.a(printf.o)
 .text.remove   0x00016cd2       0x12 c:/nxp/mcuxpressoide_10.2.0_759/ide/tools/bin/../lib/gcc/arm-none-eabi/7.2.1/../../../../arm-none-eabi/lib/thumb/v6-m\libcr_c.a(remove.o)
                0x00016cd2                remove
 .text.__aeabi_division_idivmod
                0x00016ce4       0x78 c:/nxp/mcuxpressoide_10.2.0_759/ide/tools/bin/../lib/gcc/arm-none-eabi/7.2.1/thumb/v6-m\libcr_eabihelpers.a(division_32.o)
                0x00016ce4                __aeabi_idivmod
                0x00016ce4                __aeabi_idiv
                0x00016cea                __aeabi_uidivmod
                0x00016cea                __aeabi_uidiv
 .text.__aeabi_division_uldivmod
                0x00016d5c       0x5a c:/nxp/mcuxpressoide_10.2.0_759/ide/tools/bin/../lib/gcc/arm-none-eabi/7.2.1/thumb/v6-m\libcr_eabihelpers.a(division_64.o)
                0x00016d5c                __aeabi_uldivmod
 .text.__aeabi_division_idiv0
                0x00016db6        0x2 c:/nxp/mcuxpressoide_10.2.0_759/ide/tools/bin/../lib/gcc/arm-none-eabi/7.2.1/thumb/v6-m\libcr_eabihelpers.a(division_idiv0.o)
                0x00016db6                __aeabi_idiv0
 .text.__bhs_ui2d
                0x00016db8       0x5e c:/nxp/mcuxpressoide_10.2.0_759/ide/tools/bin/../lib/gcc/arm-none-eabi/7.2.1/thumb/v6-m\libcr_eabihelpers.a(double.o)
                0x00016db8                __bhs_ui2d
 .text.__aeabi_i2d
                0x00016e16       0x18 c:/nxp/mcuxpressoide_10.2.0_759/ide/tools/bin/../lib/gcc/arm-none-eabi/7.2.1/thumb/v6-m\libcr_eabihelpers.a(double.o)
                0x00016e16                __aeabi_i2d
 .text.__aeabi_ui2d
                0x00016e2e        0xc c:/nxp/mcuxpressoide_10.2.0_759/ide/tools/bin/../lib/gcc/arm-none-eabi/7.2.1/thumb/v6-m\libcr_eabihelpers.a(double.o)
                0x00016e2e                __aeabi_ui2d
 .text.__bhs_ui2f
                0x00016e3a       0x62 c:/nxp/mcuxpressoide_10.2.0_759/ide/tools/bin/../lib/gcc/arm-none-eabi/7.2.1/thumb/v6-m\libcr_eabihelpers.a(float.o)
                0x00016e3a                __bhs_ui2f
 .text.__aeabi_ui2f
                0x00016e9c        0xc c:/nxp/mcuxpressoide_10.2.0_759/ide/tools/bin/../lib/gcc/arm-none-eabi/7.2.1/thumb/v6-m\libcr_eabihelpers.a(float.o)
                0x00016e9c                __aeabi_ui2f
 .text.__aeabi_llong_lmul
                0x00016ea8       0x2e c:/nxp/mcuxpressoide_10.2.0_759/ide/tools/bin/../lib/gcc/arm-none-eabi/7.2.1/thumb/v6-m\libcr_eabihelpers.a(llong.o)
                0x00016ea8                __aeabi_lmul
 .text.__aeabi_memset_lowlevel
                0x00016ed6       0x2a c:/nxp/mcuxpressoide_10.2.0_759/ide/tools/bin/../lib/gcc/arm-none-eabi/7.2.1/thumb/v6-m\libcr_eabihelpers.a(memcpy.o)
                0x00016ed6                __aeabi_lowlevel_memset
 .text.__sys_close
                0x00016f00        0xc c:/nxp/mcuxpressoide_10.2.0_759/ide/tools/bin/../lib/gcc/arm-none-eabi/7.2.1/../../../../arm-none-eabi/lib/thumb/v6-m\libcr_semihost_nf.a(__sys_close.o)
                0x00016f00                __sys_close
 .text.__sys_flen
                0x00016f0c        0xc c:/nxp/mcuxpressoide_10.2.0_759/ide/tools/bin/../lib/gcc/arm-none-eabi/7.2.1/../../../../arm-none-eabi/lib/thumb/v6-m\libcr_semihost_nf.a(__sys_flen.o)
                0x00016f0c                __sys_flen
 .text.__sys_istty
                0x00016f18        0xc c:/nxp/mcuxpressoide_10.2.0_759/ide/tools/bin/../lib/gcc/arm-none-eabi/7.2.1/../../../../arm-none-eabi/lib/thumb/v6-m\libcr_semihost_nf.a(__sys_istty.o)
                0x00016f18                __sys_istty
 .text.__sys_remove
                0x00016f24        0xc c:/nxp/mcuxpressoide_10.2.0_759/ide/tools/bin/../lib/gcc/arm-none-eabi/7.2.1/../../../../arm-none-eabi/lib/thumb/v6-m\libcr_semihost_nf.a(__sys_remove.o)
                0x00016f24                __sys_remove
 .text.__sys_seek
                0x00016f30        0xc c:/nxp/mcuxpressoide_10.2.0_759/ide/tools/bin/../lib/gcc/arm-none-eabi/7.2.1/../../../../arm-none-eabi/lib/thumb/v6-m\libcr_semihost_nf.a(__sys_seek.o)
                0x00016f30                __sys_seek
 .text.__sys_tmpnam
                0x00016f3c        0xc c:/nxp/mcuxpressoide_10.2.0_759/ide/tools/bin/../lib/gcc/arm-none-eabi/7.2.1/../../../../arm-none-eabi/lib/thumb/v6-m\libcr_semihost_nf.a(__sys_tmpnam.o)
                0x00016f3c                __sys_tmpnam
 .text.__sys_write
                0x00016f48        0xc c:/nxp/mcuxpressoide_10.2.0_759/ide/tools/bin/../lib/gcc/arm-none-eabi/7.2.1/../../../../arm-none-eabi/lib/thumb/v6-m\libcr_semihost_nf.a(__sys_write.o)
                0x00016f48                __sys_write
 *(SORT_BY_ALIGNMENT(.rodata) SORT_BY_ALIGNMENT(.rodata.*) SORT_BY_ALIGNMENT(.constdata) SORT_BY_ALIGNMENT(.constdata.*))
 .rodata        0x00016f54       0x50 ./utilities/fsl_debug_console.o
 .rodata        0x00016fa4       0x27 ./utilities/fsl_io.o
 *fill*         0x00016fcb        0x1 ff
 .rodata        0x00016fcc      0x821 ./source/main.o
 *fill*         0x000177ed        0x3 ff
 .rodata.McpsIndication
                0x000177f0       0x20 ./source/main.o
 .rodata.main   0x00017810       0x18 ./source/main.o
 .rodata.RadioRegsInit
                0x00017828       0x30 ./drivers/sx1276/sx1276.o
                0x00017828                RadioRegsInit
 .rodata.FskBandwidths
                0x00017858       0xb0 ./drivers/sx1276/sx1276.o
                0x00017858                FskBandwidths
 .rodata.SX1276SetRx
                0x00017908       0x24 ./drivers/sx1276/sx1276.o
 .rodata.sbox   0x0001792c      0x100 ./drivers/soft-se/aes.o
 .rodata.gfm2_sbox
                0x00017a2c      0x100 ./drivers/soft-se/aes.o
 .rodata.gfm3_sbox
                0x00017b2c      0x100 ./drivers/soft-se/aes.o
 .rodata.DataratesAU915
                0x00017c2c       0x10 ./drivers/region/RegionAU915.o
 .rodata.BandwidthsAU915
                0x00017c3c       0x40 ./drivers/region/RegionAU915.o
 .rodata.DatarateOffsetsAU915
                0x00017c7c       0x2a ./drivers/region/RegionAU915.o
 *fill*         0x00017ca6        0x2 ff
 .rodata.MaxPayloadOfDatarateDwell0AU915
                0x00017ca8        0xf ./drivers/region/RegionAU915.o
 *fill*         0x00017cb7        0x1 ff
 .rodata.MaxPayloadOfDatarateRepeaterDwell0AU915
                0x00017cb8        0xe ./drivers/region/RegionAU915.o
 *fill*         0x00017cc6        0x2 ff
 .rodata.MaxPayloadOfDatarateDwell1AU915
                0x00017cc8        0xf ./drivers/region/RegionAU915.o
 *fill*         0x00017cd7        0x1 ff
 .rodata.MaxPayloadOfDatarateRepeaterDwell1AU915
                0x00017cd8        0xf ./drivers/region/RegionAU915.o
 *fill*         0x00017ce7        0x1 ff
 .rodata.RegionAU915GetPhyParam
                0x00017ce8       0xd4 ./drivers/region/RegionAU915.o
 .rodata.RegionAU915Verify
                0x00017dbc       0x2c ./drivers/region/RegionAU915.o
 .rodata.LoRaMacMaxEirpTable
                0x00017de8       0x10 ./drivers/LoRaMac.o
 .rodata.ProcessMacCommands
                0x00017df8       0x84 ./drivers/LoRaMac.o
 .rodata.LoRaMacMibGetRequestConfirm
                0x00017e7c       0xd0 ./drivers/LoRaMac.o
 .rodata.LoRaMacMibSetRequestConfirm
                0x00017f4c       0xcc ./drivers/LoRaMac.o
 .rodata.LoRaMacMlmeRequest
                0x00018018       0x38 ./drivers/LoRaMac.o
 .rodata.CIDsStickyAnsCmds
                0x00018050        0x3 ./drivers/LoRaMacCommands.o
                0x00018050                CIDsStickyAnsCmds
 *fill*         0x00018053        0x1 ff
 .rodata.IsSticky
                0x00018054       0x84 ./drivers/LoRaMacCommands.o
 .rodata.CheckFCntDown
                0x000180d8       0x20 ./drivers/LoRaMacCrypto.o
 .rodata.UpdateFCntDown
                0x000180f8       0x20 ./drivers/LoRaMacCrypto.o
 .rodata.LoRaMacGetFCntDown
                0x00018118       0x14 ./drivers/LoRaMacFCntHandler.o
 .rodata.LoRaMacSetFCntDown
                0x0001812c       0x20 ./drivers/LoRaMacFCntHandler.o
 .rodata        0x0001814c      0x11d ./drivers/fsl_clock.o
 *fill*         0x00018269        0x3 ff
 .rodata.CLOCK_GetFreq
                0x0001826c       0x34 ./drivers/fsl_clock.o
 .rodata.fllFactorTable.5381
                0x000182a0       0x10 ./drivers/fsl_clock.o
 .rodata        0x000182b0       0x45 ./drivers/fsl_cop.o
 *fill*         0x000182f5        0x3 ff
 .rodata.s_portBases
                0x000182f8       0x14 ./drivers/fsl_gpio.o
 .rodata.s_gpioBases
                0x0001830c       0x14 ./drivers/fsl_gpio.o
 .rodata        0x00018320       0xc7 ./drivers/fsl_gpio.o
 *fill*         0x000183e7        0x1 ff
 .rodata        0x000183e8      0x48c ./drivers/fsl_lpsci.o
 .rodata        0x00018874       0x5d ./drivers/fsl_pit.o
 *fill*         0x000188d1        0x3 ff
 .rodata.s_spiBases
                0x000188d4        0x8 ./drivers/fsl_spi.o
 .rodata.s_spiClock
                0x000188dc        0x8 ./drivers/fsl_spi.o
 .rodata        0x000188e4      0x213 ./drivers/fsl_spi.o
 *fill*         0x00018af7        0x1 ff
 .rodata.s_uartBases
                0x00018af8        0xc ./drivers/fsl_uart.o
 .rodata.s_uartClock
                0x00018b04        0xc ./drivers/fsl_uart.o
 .rodata        0x00018b10      0x45b ./drivers/fsl_uart.o
 *fill*         0x00018f6b        0x1 ff
 .rodata.GpioMcuInit
                0x00018f6c       0x14 ./drivers/gpio-board.o
 .rodata.mcgConfig_BOARD_BootClockRUN
                0x00018f80        0xa ./board/src/clock_config.o
                0x00018f80                mcgConfig_BOARD_BootClockRUN
 *fill*         0x00018f8a        0x2 ff
 .rodata.simConfig_BOARD_BootClockRUN
                0x00018f8c        0x8 ./board/src/clock_config.o
                0x00018f8c                simConfig_BOARD_BootClockRUN
 .rodata.oscConfig_BOARD_BootClockRUN
                0x00018f94        0x8 ./board/src/clock_config.o
                0x00018f94                oscConfig_BOARD_BootClockRUN
 .rodata        0x00018f9c       0x26 ./board/src/pin_mux.o
 *fill*         0x00018fc2        0x2 ff
 .rodata        0x00018fc4       0x22 ./board/rtc-board.o
 *fill*         0x00018fe6        0x2 ff
 .rodata.Radio  0x00018fe8       0x6c ./board/sx1276-board.o
                0x00018fe8                Radio
 .rodata.__num_Ciob_streams
                0x00019054        0x4 c:/nxp/mcuxpressoide_10.2.0_759/ide/tools/bin/../lib/gcc/arm-none-eabi/7.2.1/../../../../arm-none-eabi/lib/thumb/v6-m\libcr_semihost_nf.a(__ciob.o)
                0x00019054                __num_Ciob_streams
 .rodata.__assertion_failed.str1.1
                0x00019058       0x15 c:/nxp/mcuxpressoide_10.2.0_759/ide/tools/bin/../lib/gcc/arm-none-eabi/7.2.1/../../../../arm-none-eabi/lib/thumb/v6-m\libcr_semihost_nf.a(_cr_assert.o)
 .rodata._Csys_alloc.str1.1
                0x0001906d       0x18 c:/nxp/mcuxpressoide_10.2.0_759/ide/tools/bin/../lib/gcc/arm-none-eabi/7.2.1/../../../../arm-none-eabi/lib/thumb/v6-m\libcr_c.a(alloc.o)
 .rodata._initio.str1.1
                0x00019085        0x4 c:/nxp/mcuxpressoide_10.2.0_759/ide/tools/bin/../lib/gcc/arm-none-eabi/7.2.1/../../../../arm-none-eabi/lib/thumb/v6-m\libcr_c.a(initio.o)
 .rodata.__vfprintf.str1.1
                0x00019089       0x35 c:/nxp/mcuxpressoide_10.2.0_759/ide/tools/bin/../lib/gcc/arm-none-eabi/7.2.1/../../../../arm-none-eabi/lib/thumb/v6-m\libcr_c.a(printf.o)
                                 0x38 (size before relaxing)
                0x000190c0                . = ALIGN (0x4)
 *fill*         0x000190be        0x2 ff

.glue_7         0x000190c0        0x0