Archive member included to satisfy reference by file (symbol)

c:/nxp/mcuxpressoide_10.2.0_759/ide/tools/bin/../lib/gcc/arm-none-eabi/7.2.1/../../../../arm-none-eabi/lib/thumb/v6-m\libcr_semihost_nf.a(__ciob.o)
                              ./board/uart-board.o (__Ciob)
c:/nxp/mcuxpressoide_10.2.0_759/ide/tools/bin/../lib/gcc/arm-none-eabi/7.2.1/../../../../arm-none-eabi/lib/thumb/v6-m\libcr_semihost_nf.a(_cr__main.o)
                              ./startup/startup_mkl46z4.o (__main)
c:/nxp/mcuxpressoide_10.2.0_759/ide/tools/bin/../lib/gcc/arm-none-eabi/7.2.1/../../../../arm-none-eabi/lib/thumb/v6-m\libcr_semihost_nf.a(_cr_assert.o)
                              ./utilities/fsl_debug_console.o (__assertion_failed)
c:/nxp/mcuxpressoide_10.2.0_759/ide/tools/bin/../lib/gcc/arm-none-eabi/7.2.1/../../../../arm-none-eabi/lib/thumb/v6-m\libcr_semihost_nf.a(__sys_appexit.o)
                              c:/nxp/mcuxpressoide_10.2.0_759/ide/tools/bin/../lib/gcc/arm-none-eabi/7.2.1/../../../../arm-none-eabi/lib/thumb/v6-m\libcr_semihost_nf.a(_cr_assert.o) (__sys_appexit)
c:/nxp/mcuxpressoide_10.2.0_759/ide/tools/bin/../lib/gcc/arm-none-eabi/7.2.1/../../../../arm-none-eabi/lib/thumb/v6-m\libcr_c.a(memcpy.o)
                              ./drivers/fsl_ftfx_cache.o (memcpy)
c:/nxp/mcuxpressoide_10.2.0_759/ide/tools/bin/../lib/gcc/arm-none-eabi/7.2.1/../../../../arm-none-eabi/lib/thumb/v6-m\libcr_c.a(memset.o)
                              ./drivers/soft-se/soft-se.o (memset)
c:/nxp/mcuxpressoide_10.2.0_759/ide/tools/bin/../lib/gcc/arm-none-eabi/7.2.1/../../../../arm-none-eabi/lib/thumb/v6-m\libcr_c.a(__fillbuf.o)
                              ./board/uart-board.o (__filbuf)
c:/nxp/mcuxpressoide_10.2.0_759/ide/tools/bin/../lib/gcc/arm-none-eabi/7.2.1/../../../../arm-none-eabi/lib/thumb/v6-m\libcr_c.a(_deferredlazyseek.o)
                              c:/nxp/mcuxpressoide_10.2.0_759/ide/tools/bin/../lib/gcc/arm-none-eabi/7.2.1/../../../../arm-none-eabi/lib/thumb/v6-m\libcr_c.a(__fillbuf.o) (_deferredlazyseek)
c:/nxp/mcuxpressoide_10.2.0_759/ide/tools/bin/../lib/gcc/arm-none-eabi/7.2.1/../../../../arm-none-eabi/lib/thumb/v6-m\libcr_c.a(_fflush.o)
                              c:/nxp/mcuxpressoide_10.2.0_759/ide/tools/bin/../lib/gcc/arm-none-eabi/7.2.1/../../../../arm-none-eabi/lib/thumb/v6-m\libcr_c.a(__fillbuf.o) (_fflush)
c:/nxp/mcuxpressoide_10.2.0_759/ide/tools/bin/../lib/gcc/arm-none-eabi/7.2.1/../../../../arm-none-eabi/lib/thumb/v6-m\libcr_c.a(_writebuf.o)
                              c:/nxp/mcuxpressoide_10.2.0_759/ide/tools/bin/../lib/gcc/arm-none-eabi/7.2.1/../../../../arm-none-eabi/lib/thumb/v6-m\libcr_c.a(_deferredlazyseek.o) (_Cwritebuf)
c:/nxp/mcuxpressoide_10.2.0_759/ide/tools/bin/../lib/gcc/arm-none-eabi/7.2.1/../../../../arm-none-eabi/lib/thumb/v6-m\libcr_c.a(alloc.o)
                              ./drivers/fsl_common.o (malloc)
c:/nxp/mcuxpressoide_10.2.0_759/ide/tools/bin/../lib/gcc/arm-none-eabi/7.2.1/../../../../arm-none-eabi/lib/thumb/v6-m\libcr_c.a(ceil.o)
                              ./drivers/radio/sx1276/sx1276.o (ceil)
c:/nxp/mcuxpressoide_10.2.0_759/ide/tools/bin/../lib/gcc/arm-none-eabi/7.2.1/../../../../arm-none-eabi/lib/thumb/v6-m\libcr_c.a(floor.o)
                              ./drivers/radio/sx1276/sx1276.o (floor)
c:/nxp/mcuxpressoide_10.2.0_759/ide/tools/bin/../lib/gcc/arm-none-eabi/7.2.1/../../../../arm-none-eabi/lib/thumb/v6-m\libcr_c.a(fputs.o)
                              c:/nxp/mcuxpressoide_10.2.0_759/ide/tools/bin/../lib/gcc/arm-none-eabi/7.2.1/../../../../arm-none-eabi/lib/thumb/v6-m\libcr_semihost_nf.a(_cr_assert.o) (fputs)
c:/nxp/mcuxpressoide_10.2.0_759/ide/tools/bin/../lib/gcc/arm-none-eabi/7.2.1/../../../../arm-none-eabi/lib/thumb/v6-m\libcr_c.a(fseek.o)
                              c:/nxp/mcuxpressoide_10.2.0_759/ide/tools/bin/../lib/gcc/arm-none-eabi/7.2.1/../../../../arm-none-eabi/lib/thumb/v6-m\libcr_c.a(_deferredlazyseek.o) (fseek)
c:/nxp/mcuxpressoide_10.2.0_759/ide/tools/bin/../lib/gcc/arm-none-eabi/7.2.1/../../../../arm-none-eabi/lib/thumb/v6-m\libcr_c.a(ftell.o)
                              c:/nxp/mcuxpressoide_10.2.0_759/ide/tools/bin/../lib/gcc/arm-none-eabi/7.2.1/../../../../arm-none-eabi/lib/thumb/v6-m\libcr_c.a(fseek.o) (ftell)
c:/nxp/mcuxpressoide_10.2.0_759/ide/tools/bin/../lib/gcc/arm-none-eabi/7.2.1/../../../../arm-none-eabi/lib/thumb/v6-m\libcr_c.a(initio.o)
                              c:/nxp/mcuxpressoide_10.2.0_759/ide/tools/bin/../lib/gcc/arm-none-eabi/7.2.1/../../../../arm-none-eabi/lib/thumb/v6-m\libcr_semihost_nf.a(_cr__main.o) (_initio)
c:/nxp/mcuxpressoide_10.2.0_759/ide/tools/bin/../lib/gcc/arm-none-eabi/7.2.1/../../../../arm-none-eabi/lib/thumb/v6-m\libcr_c.a(printf.o)
                              ./utilities/fsl_assert.o (_printf)
c:/nxp/mcuxpressoide_10.2.0_759/ide/tools/bin/../lib/gcc/arm-none-eabi/7.2.1/../../../../arm-none-eabi/lib/thumb/v6-m\libcr_c.a(scanf.o)
[...]
Memory Configuration

Name             Origin             Length             Attributes
PROGRAM_FLASH    0x00000000         0x00040000         xr
SRAM             0x1fffe000         0x00008000         xrw
*default*        0x00000000         0xffffffff

Linker script and memory map

LOAD ./utilities/fsl_assert.o
LOAD ./utilities/fsl_debug_console.o
LOAD ./utilities/fsl_io.o
LOAD ./utilities/fsl_log.o
LOAD ./utilities/fsl_str.o
LOAD ./startup/startup_mkl46z4.o
LOAD ./source/NvmCtxMgmt.o
LOAD ./source/main.o
LOAD ./drivers/system/adc.o
LOAD ./drivers/system/delay.o
LOAD ./drivers/system/eeprom.o
LOAD ./drivers/system/fifo.o
LOAD ./drivers/system/gpio.o
LOAD ./drivers/system/gps.o
LOAD ./drivers/system/i2c.o
LOAD ./drivers/system/nvmm.o
LOAD ./drivers/system/systime.o
LOAD ./drivers/system/timer.o
LOAD ./drivers/system/uart.o
LOAD ./drivers/soft-se/aes.o
LOAD ./drivers/soft-se/cmac.o
LOAD ./drivers/soft-se/soft-se.o
LOAD ./drivers/radio/sx1276/sx1276.o
LOAD ./drivers/mac/region/Region.o
LOAD ./drivers/mac/region/RegionAU915.o
LOAD ./drivers/mac/region/RegionCommon.o
LOAD ./drivers/mac/LoRaMac.o
LOAD ./drivers/mac/LoRaMacAdr.o
LOAD ./drivers/mac/LoRaMacClassB.o
LOAD ./drivers/mac/LoRaMacCommands.o
LOAD ./drivers/mac/LoRaMacConfirmQueue.o
LOAD ./drivers/mac/LoRaMacCrypto.o
LOAD ./drivers/mac/LoRaMacFCntHandler.o
LOAD ./drivers/mac/LoRaMacParser.o
LOAD ./drivers/mac/LoRaMacSerializer.o
LOAD ./drivers/fsl_clock.o
LOAD ./drivers/fsl_common.o
LOAD ./drivers/fsl_ftfx_cache.o
LOAD ./drivers/fsl_ftfx_controller.o
LOAD ./drivers/fsl_ftfx_flash.o
LOAD ./drivers/fsl_ftfx_flexnvm.o
LOAD ./drivers/fsl_gpio.o
LOAD ./drivers/fsl_lpsci.o
LOAD ./drivers/fsl_pit.o
LOAD ./drivers/fsl_rtc.o
LOAD ./drivers/fsl_smc.o
LOAD ./drivers/fsl_spi.o
LOAD ./drivers/fsl_tpm.o
LOAD ./drivers/fsl_uart.o
LOAD ./board/src/board_46.o
LOAD ./board/src/clock_config.o
LOAD ./board/src/peripherals.o
LOAD ./board/src/pin_mux.o
LOAD ./board/board.o
LOAD ./board/delay-board.o
LOAD ./board/eeprom-board.o
LOAD ./board/gpio-board.o
LOAD ./board/rtc-board.o
LOAD ./board/spi-board.o
LOAD ./board/sx1276-board.o
LOAD ./board/uart-board.o
LOAD ./board/utilities.o
LOAD ./CMSIS/system_MKL46Z4.o
START GROUP
LOAD c:/nxp/mcuxpressoide_10.2.0_759/ide/tools/bin/../lib/gcc/arm-none-eabi/7.2.1/../../../../arm-none-eabi/lib/thumb/v6-m\libcr_semihost_nf.a
LOAD c:/nxp/mcuxpressoide_10.2.0_759/ide/tools/bin/../lib/gcc/arm-none-eabi/7.2.1/../../../../arm-none-eabi/lib/thumb/v6-m\libcr_c.a
LOAD c:/nxp/mcuxpressoide_10.2.0_759/ide/tools/bin/../lib/gcc/arm-none-eabi/7.2.1/thumb/v6-m\libcr_eabihelpers.a
END GROUP
                0x00000000                __base_PROGRAM_FLASH = 0x0
                0x00000000                __base_Flash = 0x0
                0x00040000                __top_PROGRAM_FLASH = 0x40000
                0x00040000                __top_Flash = 0x40000
                0x1fffe000                __base_SRAM = 0x1fffe000
                0x1fffe000                __base_RAM = 0x1fffe000
                0x20006000                __top_SRAM = 0x20006000
                0x20006000                __top_RAM = 0x20006000

.text           0x00000000    0x17f44
 FILL mask 0xff
                0x00000000                __vectors_start__ = ABSOLUTE (.)
 *(SORT_BY_ALIGNMENT(.isr_vector))
 .isr_vector    0x00000000       0xc0 ./startup/startup_mkl46z4.o
                0x00000000                g_pfnVectors
                0x00000000                __Vectors
                0x000000c0                . = ALIGN (0x4)
                0x000000c0                __section_table_start = .
                0x000000c0                __data_section_table = .
                0x000000c0        0x4 LONG 0x17f44 LOADADDR (.data)
                0x000000c4        0x4 LONG 0x1fffe000 ADDR (.data)
                0x000000c8        0x4 LONG 0x164 SIZEOF (.data)
                0x000000cc                __data_section_table_end = .
                0x000000cc                __bss_section_table = .
                0x000000cc        0x4 LONG 0x1fffe164 ADDR (.bss)
                0x000000d0        0x4 LONG 0x14e0 SIZEOF (.bss)
                0x000000d4                __bss_section_table_end = .
                0x000000d4                __section_table_end = .
 *(SORT_BY_ALIGNMENT(.after_vectors*))
 .after_vectors.reset
                0x000000d4       0x4c ./startup/startup_mkl46z4.o
                0x000000d4                ResetISR
 .after_vectors.init_data
                0x00000120       0x16 ./startup/startup_mkl46z4.o
                0x00000120                data_init
 .after_vectors.init_bss
                0x00000136       0x12 ./startup/startup_mkl46z4.o
                0x00000136                bss_init
 .after_vectors
                0x00000148      0x10c ./startup/startup_mkl46z4.o
                0x00000148                NMI_Handler
                0x0000014a                HardFault_Handler
                0x0000014c                SVC_Handler
                0x0000014e                PendSV_Handler
                0x00000152                PORTC_PORTD_DriverIRQHandler
                0x00000152                LPTMR0_DriverIRQHandler
                0x00000152                DMA0_DriverIRQHandler
                0x00000152                I2C0_DriverIRQHandler
                0x00000152                DMA2_DriverIRQHandler
                0x00000152                CMP0_DriverIRQHandler
                0x00000152                I2S0_DriverIRQHandler
                0x00000152                ADC0_DriverIRQHandler
                0x00000152                I2C1_DriverIRQHandler
                0x00000152                TPM2_DriverIRQHandler
                0x00000152                DMA3_DriverIRQHandler
                0x00000152                DMA1_DriverIRQHandler
                0x00000152                PIT_DriverIRQHandler
                0x00000152                TSI0_DriverIRQHandler
                0x00000152                RTC_Seconds_DriverIRQHandler
                0x00000152                LCD_DriverIRQHandler
                0x00000152                RTC_DriverIRQHandler
                0x00000152                LLWU_DriverIRQHandler
                0x00000152                MCG_DriverIRQHandler
                0x00000152                TPM1_DriverIRQHandler
                0x00000152                PORTA_DriverIRQHandler
                0x00000152                FTFA_DriverIRQHandler
                0x00000152                IntDefaultHandler
                0x00000152                USB0_DriverIRQHandler
                0x00000152                DAC0_DriverIRQHandler
                0x00000152                LVD_LVW_DriverIRQHandler
                0x00000152                TPM0_DriverIRQHandler
                0x00000152                Reserved20_DriverIRQHandler
                0x00000154                DMA0_IRQHandler
                0x0000015c                DMA1_IRQHandler
                0x00000164                DMA2_IRQHandler
                0x0000016c                DMA3_IRQHandler
                0x00000174                Reserved20_IRQHandler
                0x0000017c                FTFA_IRQHandler
                0x00000184                LVD_LVW_IRQHandler
                0x0000018c                LLWU_IRQHandler
                0x00000194                I2C0_IRQHandler
                0x0000019c                I2C1_IRQHandler
                0x000001a4                SPI0_IRQHandler
                0x000001ac                SPI1_IRQHandler
                0x000001b4                UART0_IRQHandler
                0x000001bc                UART1_IRQHandler
                0x000001c4                UART2_IRQHandler
                0x000001cc                ADC0_IRQHandler
                0x000001d4                CMP0_IRQHandler
                0x000001dc                TPM0_IRQHandler
                0x000001e4                TPM1_IRQHandler
                0x000001ec                TPM2_IRQHandler
                0x000001f4                RTC_IRQHandler
                0x000001fc                RTC_Seconds_IRQHandler
                0x0000020c                I2S0_IRQHandler
                0x00000214                USB0_IRQHandler
                0x0000021c                DAC0_IRQHandler
                0x00000224                TSI0_IRQHandler
                0x0000022c                MCG_IRQHandler
                0x00000234                LPTMR0_IRQHandler
                0x0000023c                LCD_IRQHandler
                0x0000024c                PORTC_PORTD_IRQHandler
                0x00000400                . = 0x400
 *fill*         0x00000254      0x1ac ff
                0x00000400                PROVIDE (__FLASH_CONFIG_START__, .)
 *(SORT_BY_ALIGNMENT(.FlashConfig))
 .FlashConfig   0x00000400       0x10 ./startup/startup_mkl46z4.o
                0x00000400                Flash_Config
                0x00000410                PROVIDE (__FLASH_CONFIG_END__, .)
                0x00000001                ASSERT (! ((__FLASH_CONFIG_START__ == __FLASH_CONFIG_END__)), Linker Flash Config Support Enabled, but no .FlashConfig section provided within application)
 *(SORT_BY_ALIGNMENT(.text*))
 .text.DbgConsole_Init
                0x00000410       0x40 ./utilities/fsl_debug_console.o
                0x00000410                DbgConsole_Init
 .text.IO_Init  0x00000450       0xc8 ./utilities/fsl_io.o
                0x00000450                IO_Init
 .text.PrintHexBuffer
                0x00000518       0x9c ./source/main.o
                0x00000518                PrintHexBuffer
 .text.JoinNetwork
                0x000005b4       0x8c ./source/main.o
 .text.PrepareTxFrame
                0x00000640       0xc0 ./source/main.o
 .text.SendFrame
                0x00000700      0x118 ./source/main.o
 .text.OnTxNextPacketTimerEvent
                0x00000818       0x60 ./source/main.o
 .text.OnLed1TimerEvent
                0x00000878       0x24 ./source/main.o
 .text.OnLed2TimerEvent
                0x0000089c       0x24 ./source/main.o
 .text.McpsConfirm
                0x000008c0      0x21c ./source/main.o
 .text.McpsIndication
                0x00000adc      0x504 ./source/main.o
 .text.MlmeConfirm
                0x00000fe0      0x104 ./source/main.o
 .text.MlmeIndication
                0x000010e4       0x54 ./source/main.o
 .text.OnMacProcessNotify
                0x00001138       0x14 ./source/main.o
                0x00001138                OnMacProcessNotify
 .text.main     0x0000114c      0x61c ./source/main.o
                0x0000114c                main
 .text.SysTimeAdd
                0x00001768       0xb0 ./drivers/system/systime.o
                0x00001768                SysTimeAdd
 .text.TimerStart
                0x00001818       0xa8 ./drivers/system/timer.o
                0x00001818                TimerStart
 .text.TimerInsertTimer
                0x000018c0       0x5c ./drivers/system/timer.o
 .text.TimerInsertNewHeadTimer
                0x0000191c       0x3c ./drivers/system/timer.o
 .text.TimerIrqHandler
                0x00001958      0x108 ./drivers/system/timer.o
                0x00001958                TimerIrqHandler
 .text.TimerStop
                0x00001a60       0xf4 ./drivers/system/timer.o
                0x00001a60                TimerStop
 .text.TimerExists
                0x00001b54       0x38 ./drivers/system/timer.o
 .text.shift_sub_rows
                0x00001b8c      0x144 ./drivers/soft-se/aes.o
 .text.mix_sub_columns
                0x00001cd0      0x3cc ./drivers/soft-se/aes.o
 .text.aes_set_key
                0x0000209c      0x264 ./drivers/soft-se/aes.o
                0x0000209c                aes_set_key
 .text.GetKeyByID
                0x00002300       0x7c ./drivers/soft-se/soft-se.o
                0x00002300                GetKeyByID
 .text.ComputeCmac
                0x0000237c       0xbc ./drivers/soft-se/soft-se.o
                0x0000237c                ComputeCmac
 .text.SecureElementInit
                0x00002438      0x2fc ./drivers/soft-se/soft-se.o
                0x00002438                SecureElementInit
 .text.SecureElementRestoreNvmCtx
                0x00002734       0x30 ./drivers/soft-se/soft-se.o
                0x00002734                SecureElementRestoreNvmCtx
 .text.SecureElementGetNvmCtx
                0x00002764       0x20 ./drivers/soft-se/soft-se.o
                0x00002764                SecureElementGetNvmCtx
 .text.SecureElementSetKey
                0x00002784       0xf0 ./drivers/soft-se/soft-se.o
                0x00002784                SecureElementSetKey
 .text.SecureElementAesEncrypt
                0x00002874       0xd4 ./drivers/soft-se/soft-se.o
                0x00002874                SecureElementAesEncrypt
 .text.SX1276Init
                0x00002948       0xe0 ./drivers/radio/sx1276/sx1276.o
                0x00002948                SX1276Init
 .text.SX1276GetStatus
                0x00002a28       0x18 ./drivers/radio/sx1276/sx1276.o
                0x00002a28                SX1276GetStatus
 .text.SX1276SetChannel
                0x00002a40       0x68 ./drivers/radio/sx1276/sx1276.o
                0x00002a40                SX1276SetChannel
 .text.RxChainCalibration
                0x00002aa8       0xdc ./drivers/radio/sx1276/sx1276.o
 .text.GetFskBandwidthRegValue
                0x00002b84       0x70 ./drivers/radio/sx1276/sx1276.o
 .text.SX1276SetRxConfig
                0x00002bf4      0x544 ./drivers/radio/sx1276/sx1276.o
                0x00002bf4                SX1276SetRxConfig
 .text.SX1276SetTxConfig
                0x00003138      0x418 ./drivers/radio/sx1276/sx1276.o
                0x00003138                SX1276SetTxConfig
 .text.SX1276GetTimeOnAir
                0x00003550      0x348 ./drivers/radio/sx1276/sx1276.o
                0x00003550                SX1276GetTimeOnAir
 .text.SX1276Send
                0x00003898      0x1a8 ./drivers/radio/sx1276/sx1276.o
                0x00003898                SX1276Send
 .text.SX1276SetSleep
                0x00003a40       0x38 ./drivers/radio/sx1276/sx1276.o
                0x00003a40                SX1276SetSleep
 .text.SX1276SetStby
                0x00003a78       0x38 ./drivers/radio/sx1276/sx1276.o
                0x00003a78                SX1276SetStby
 .text.SX1276SetRx
                0x00003ab0      0x368 ./drivers/radio/sx1276/sx1276.o
                0x00003ab0                SX1276SetRx
 .text.SX1276SetTx
                0x00003e18      0x100 ./drivers/radio/sx1276/sx1276.o
                0x00003e18                SX1276SetTx
 .text.SX1276StartCad
                0x00003f18       0x58 ./drivers/radio/sx1276/sx1276.o
                0x00003f18                SX1276StartCad
 .text.SX1276SetTxContinuousWave
                0x00003f70       0xc8 ./drivers/radio/sx1276/sx1276.o
                0x00003f70                SX1276SetTxContinuousWave
 .text.SX1276ReadRssi
                0x00004038       0x9c ./drivers/radio/sx1276/sx1276.o
                0x00004038                SX1276ReadRssi
 .text.SX1276SetModem
                0x000040d4       0xc4 ./drivers/radio/sx1276/sx1276.o
                0x000040d4                SX1276SetModem
 .text.SX1276WriteBuffer
                0x00004198       0x88 ./drivers/radio/sx1276/sx1276.o
                0x00004198                SX1276WriteBuffer
 .text.SX1276ReadBuffer
                0x00004220       0x8c ./drivers/radio/sx1276/sx1276.o
                0x00004220                SX1276ReadBuffer
 .text.SX1276SetMaxPayloadLength
                0x000042ac       0x68 ./drivers/radio/sx1276/sx1276.o
                0x000042ac                SX1276SetMaxPayloadLength
 .text.SX1276SetPublicNetwork
                0x00004314       0x44 ./drivers/radio/sx1276/sx1276.o
                0x00004314                SX1276SetPublicNetwork
 .text.SX1276OnTimeoutIrq
                0x00004358      0x180 ./drivers/radio/sx1276/sx1276.o
                0x00004358                SX1276OnTimeoutIrq
 .text.SX1276OnDio0Irq
                0x000044d8      0x504 ./drivers/radio/sx1276/sx1276.o
                0x000044d8                SX1276OnDio0Irq
 .text.SX1276OnDio1Irq
                0x000049dc      0x220 ./drivers/radio/sx1276/sx1276.o
                0x000049dc                SX1276OnDio1Irq
 .text.SX1276OnDio2Irq
                0x00004bfc      0x1ac ./drivers/radio/sx1276/sx1276.o
                0x00004bfc                SX1276OnDio2Irq
 .text.SX1276OnDio3Irq
                0x00004da8       0x90 ./drivers/radio/sx1276/sx1276.o
                0x00004da8                SX1276OnDio3Irq
 .text.SX1276OnDio4Irq
                0x00004e38       0x44 ./drivers/radio/sx1276/sx1276.o
                0x00004e38                SX1276OnDio4Irq
 .text.GetBandwidth
                0x00004e7c       0x3c ./drivers/mac/region/RegionAU915.o
 .text.VerifyRfFreq
                0x00004eb8       0x88 ./drivers/mac/region/RegionAU915.o
 .text.RegionAU915GetPhyParam
                0x00004f40      0x2ac ./drivers/mac/region/RegionAU915.o
                0x00004f40                RegionAU915GetPhyParam
 .text.RegionAU915SetBandTxDone
                0x000051ec       0x40 ./drivers/mac/region/RegionAU915.o
                0x000051ec                RegionAU915SetBandTxDone
 .text.RegionAU915InitDefaults
                0x0000522c      0x23c ./drivers/mac/region/RegionAU915.o
                0x0000522c                RegionAU915InitDefaults
 .text.RegionAU915GetNvmCtx
                0x00005468       0x20 ./drivers/mac/region/RegionAU915.o
                0x00005468                RegionAU915GetNvmCtx
 .text.RegionAU915Verify
                0x00005488       0xc8 ./drivers/mac/region/RegionAU915.o
                0x00005488                RegionAU915Verify
 .text.RegionAU915ApplyCFList
                0x00005550      0x120 ./drivers/mac/region/RegionAU915.o
                0x00005550                RegionAU915ApplyCFList
 .text.RegionAU915ChanMaskSet
                0x00005670       0xcc ./drivers/mac/region/RegionAU915.o
                0x00005670                RegionAU915ChanMaskSet
 .text.RegionAU915ComputeRxWindowParameters
                0x0000573c       0xb0 ./drivers/mac/region/RegionAU915.o
                0x0000573c                RegionAU915ComputeRxWindowParameters
 .text.RegionAU915RxConfig
                0x000057ec      0x124 ./drivers/mac/region/RegionAU915.o
                0x000057ec                RegionAU915RxConfig
 .text.RegionAU915TxConfig
                0x00005910      0x130 ./drivers/mac/region/RegionAU915.o
                0x00005910                RegionAU915TxConfig
 .text.RegionAU915LinkAdrReq
                0x00005a40      0x4b4 ./drivers/mac/region/RegionAU915.o
                0x00005a40                RegionAU915LinkAdrReq
 .text.RegionAU915AlternateDr
                0x00005ef4       0x64 ./drivers/mac/region/RegionAU915.o
                0x00005ef4                RegionAU915AlternateDr
 .text.RegionAU915CalcBackOff
                0x00005f58       0x64 ./drivers/mac/region/RegionAU915.o
                0x00005f58                RegionAU915CalcBackOff
 .text.RegionAU915NextChannel
                0x00005fbc      0x150 ./drivers/mac/region/RegionAU915.o
                0x00005fbc                RegionAU915NextChannel
 .text.RegionAU915SetContinuousWave
                0x0000610c       0xa8 ./drivers/mac/region/RegionAU915.o
                0x0000610c                RegionAU915SetContinuousWave
 .text.RegionAU915ApplyDrOffset
                0x000061b4       0x74 ./drivers/mac/region/RegionAU915.o
                0x000061b4                RegionAU915ApplyDrOffset
 .text.RegionCommonGetJoinDc
                0x00006228       0x60 ./drivers/mac/region/RegionCommon.o
                0x00006228                RegionCommonGetJoinDc
 .text.RegionCommonComputeSymbolTimeLoRa
                0x00006288       0x58 ./drivers/mac/region/RegionCommon.o
                0x00006288                RegionCommonComputeSymbolTimeLoRa
 .text.RegionCommonComputeRxWindowParameters
                0x000062e0      0x168 ./drivers/mac/region/RegionCommon.o
                0x000062e0                RegionCommonComputeRxWindowParameters
 .text.OnRadioTxDone
                0x00006448       0x6c ./drivers/mac/LoRaMac.o
 .text.OnRadioRxDone
                0x000064b4       0x90 ./drivers/mac/LoRaMac.o
 .text.OnRadioTxTimeout
                0x00006544       0x44 ./drivers/mac/LoRaMac.o
 .text.OnRadioRxError
                0x00006588       0x44 ./drivers/mac/LoRaMac.o
 .text.OnRadioRxTimeout
                0x000065cc       0x44 ./drivers/mac/LoRaMac.o
 .text.ProcessRadioTxDone
                0x00006610      0x18c ./drivers/mac/LoRaMac.o
 .text.PrepareRxDoneAbort
                0x0000679c       0x54 ./drivers/mac/LoRaMac.o
 .text.ProcessRadioRxDone
                0x000067f0      0xa6c ./drivers/mac/LoRaMac.o
 .text.ProcessRadioTxTimeout
                0x0000725c       0x50 ./drivers/mac/LoRaMac.o
 .text.HandleRadioRxErrorTimeout
                0x000072ac      0x188 ./drivers/mac/LoRaMac.o
 .text.LoRaMacHandleIrqEvents
                0x00007434       0x90 ./drivers/mac/LoRaMac.o
 .text.LoRaMacIsBusy
                0x000074c4       0x30 ./drivers/mac/LoRaMac.o
 .text.LoRaMacEnableRequests
                0x000074f4       0x28 ./drivers/mac/LoRaMac.o
 .text.LoRaMacHandleRequestEvents
                0x0000751c       0xcc ./drivers/mac/LoRaMac.o
 .text.LoRaMacHandleIndicationEvents
                0x000075e8       0xcc ./drivers/mac/LoRaMac.o
 .text.LoRaMacHandleMcpsRequest
                0x000076b4       0xe0 ./drivers/mac/LoRaMac.o
 .text.LoRaMacHandleJoinRequest
                0x00007794       0x5c ./drivers/mac/LoRaMac.o
 .text.LoRaMacCheckForTxTimeout
                0x000077f0       0x6c ./drivers/mac/LoRaMac.o
 .text.LoRaMacCheckForBeaconAcquisition
                0x0000785c       0x58 ./drivers/mac/LoRaMac.o
 .text.LoRaMacCheckForRxAbort
                0x000078b4       0x48 ./drivers/mac/LoRaMac.o
 .text.LoRaMacProcess
                0x000078fc       0x88 ./drivers/mac/LoRaMac.o
                0x000078fc                LoRaMacProcess
 .text.OnTxDelayedTimerEvent
                0x00007984       0x8c ./drivers/mac/LoRaMac.o
 .text.OnRxWindow1TimerEvent
                0x00007a10       0xec ./drivers/mac/LoRaMac.o
 .text.OnRxWindow2TimerEvent
                0x00007afc       0xe8 ./drivers/mac/LoRaMac.o
 .text.OnAckTimeoutTimerEvent
                0x00007be4       0x58 ./drivers/mac/LoRaMac.o
 .text.RxWindowSetup
                0x00007c3c       0x3c ./drivers/mac/LoRaMac.o
 .text.SwitchClass
                0x00007c78      0x14c ./drivers/mac/LoRaMac.o
 .text.GetMaxAppPayloadWithoutFOptsLength
                0x00007dc4       0x78 ./drivers/mac/LoRaMac.o
 .text.SetMlmeScheduleUplinkIndication
                0x00007e3c       0x2c ./drivers/mac/LoRaMac.o
 .text.ProcessMacCommands
                0x00007e68      0xb54 ./drivers/mac/LoRaMac.o
 .text.Send     0x000089bc      0x294 ./drivers/mac/LoRaMac.o
                0x000089bc                Send
 .text.SendReJoinReq
                0x00008c50       0xc4 ./drivers/mac/LoRaMac.o
                0x00008c50                SendReJoinReq
 .text.ScheduleTx
                0x00008d14      0x2e8 ./drivers/mac/LoRaMac.o
 .text.SecureFrame
                0x00008ffc       0xbc ./drivers/mac/LoRaMac.o
 .text.CalculateBackOff
                0x000090b8      0x114 ./drivers/mac/LoRaMac.o
 .text.ResetMacParameters
                0x000091cc      0x1a0 ./drivers/mac/LoRaMac.o
 .text.OpenContinuousRx2Window
                0x0000936c       0x20 ./drivers/mac/LoRaMac.o
 .text.PrepareFrame
                0x0000938c      0x2a8 ./drivers/mac/LoRaMac.o
                0x0000938c                PrepareFrame
 .text.SendFrameOnChannel
                0x00009634      0x188 ./drivers/mac/LoRaMac.o
                0x00009634                SendFrameOnChannel
 .text.SetTxContinuousWave
                0x000097bc       0xa0 ./drivers/mac/LoRaMac.o
                0x000097bc                SetTxContinuousWave
 .text.SetTxContinuousWave1
                0x0000985c       0x50 ./drivers/mac/LoRaMac.o
                0x0000985c                SetTxContinuousWave1
 .text.GetCtxs  0x000098ac       0xbc ./drivers/mac/LoRaMac.o
                0x000098ac                GetCtxs
 .text.RestoreCtxs
                0x00009968       0xf4 ./drivers/mac/LoRaMac.o
                0x00009968                RestoreCtxs
 .text.CheckRetransUnconfirmedUplink
                0x00009a5c       0x68 ./drivers/mac/LoRaMac.o
 .text.CheckRetransConfirmedUplink
                0x00009ac4       0x50 ./drivers/mac/LoRaMac.o
 .text.StopRetransmission
                0x00009b14       0xa8 ./drivers/mac/LoRaMac.o
 .text.AckTimeoutRetriesProcess
                0x00009bbc       0xa8 ./drivers/mac/LoRaMac.o
 .text.AckTimeoutRetriesFinalize
                0x00009c64       0x74 ./drivers/mac/LoRaMac.o
 .text.CallNvmCtxCallback
                0x00009cd8       0x44 ./drivers/mac/LoRaMac.o
 .text.IsRequestPending
                0x00009d1c       0x38 ./drivers/mac/LoRaMac.o
 .text.LoRaMacInitialization
                0x00009d54      0x7c4 ./drivers/mac/LoRaMac.o
                0x00009d54                LoRaMacInitialization
 .text.LoRaMacStart
                0x0000a518       0x1c ./drivers/mac/LoRaMac.o
                0x0000a518                LoRaMacStart
 .text.LoRaMacQueryTxPossible
                0x0000a534      0x168 ./drivers/mac/LoRaMac.o
                0x0000a534                LoRaMacQueryTxPossible
 .text.LoRaMacMibGetRequestConfirm
                0x0000a69c      0x298 ./drivers/mac/LoRaMac.o
                0x0000a69c                LoRaMacMibGetRequestConfirm
 .text.LoRaMacMibSetRequestConfirm
                0x0000a934      0x8f8 ./drivers/mac/LoRaMac.o
                0x0000a934                LoRaMacMibSetRequestConfirm
 .text.LoRaMacMlmeRequest
                0x0000b22c      0x2dc ./drivers/mac/LoRaMac.o
                0x0000b22c                LoRaMacMlmeRequest
 .text.LoRaMacMcpsRequest
                0x0000b508      0x27c ./drivers/mac/LoRaMac.o
                0x0000b508                LoRaMacMcpsRequest
 .text.mallocNewMacCommandSlot
                0x0000b784       0x60 ./drivers/mac/LoRaMacCommands.o
                0x0000b784                mallocNewMacCommandSlot
 .text.NvmCtxCallback
                0x0000b7e4       0x1c ./drivers/mac/LoRaMacCommands.o
 .text.LoRaMacCommandsInit
                0x0000b800       0x34 ./drivers/mac/LoRaMacCommands.o
                0x0000b800                LoRaMacCommandsInit
 .text.LoRaMacCommandsRestoreNvmCtx
                0x0000b834       0x2c ./drivers/mac/LoRaMacCommands.o
                0x0000b834                LoRaMacCommandsRestoreNvmCtx
 .text.LoRaMacCommandsGetNvmCtx
                0x0000b860       0x1c ./drivers/mac/LoRaMacCommands.o
                0x0000b860                LoRaMacCommandsGetNvmCtx
 .text.LoRaMacCommandsAddCmd
                0x0000b87c       0xa4 ./drivers/mac/LoRaMacCommands.o
                0x0000b87c                LoRaMacCommandsAddCmd
 .text.LoRaMacCommandsRemoveCmd
                0x0000b920       0x70 ./drivers/mac/LoRaMacCommands.o
                0x0000b920                LoRaMacCommandsRemoveCmd
 .text.LoRaMacCommandsRemoveNoneStickyCmds
                0x0000b990       0x50 ./drivers/mac/LoRaMacCommands.o
                0x0000b990                LoRaMacCommandsRemoveNoneStickyCmds
 .text.LoRaMacCommandsRemoveStickyAnsCmds
                0x0000b9e0       0x78 ./drivers/mac/LoRaMacCommands.o
                0x0000b9e0                LoRaMacCommandsRemoveStickyAnsCmds
 .text.LoRaMacCommandsGetSizeSerializedCmds
                0x0000ba58       0x2c ./drivers/mac/LoRaMacCommands.o
                0x0000ba58                LoRaMacCommandsGetSizeSerializedCmds
 .text.LoRaMacCommandsSerializeCmds
                0x0000ba84       0xa0 ./drivers/mac/LoRaMacCommands.o
                0x0000ba84                LoRaMacCommandsSerializeCmds
 .text.LoRaMacCommandsStickyCmdsPending
                0x0000bb24       0x4c ./drivers/mac/LoRaMacCommands.o
                0x0000bb24                LoRaMacCommandsStickyCmdsPending
 .text.IncreaseBufferPointer
                0x0000bb70       0x30 ./drivers/mac/LoRaMacConfirmQueue.o
 .text.LoRaMacConfirmQueueInit
                0x0000bba0       0x60 ./drivers/mac/LoRaMacConfirmQueue.o
                0x0000bba0                LoRaMacConfirmQueueInit
 .text.LoRaMacConfirmQueueRestoreNvmCtx
                0x0000bc00       0x2c ./drivers/mac/LoRaMacConfirmQueue.o
                0x0000bc00                LoRaMacConfirmQueueRestoreNvmCtx
 .text.LoRaMacConfirmQueueGetNvmCtx
                0x0000bc2c       0x1c ./drivers/mac/LoRaMacConfirmQueue.o
                0x0000bc2c                LoRaMacConfirmQueueGetNvmCtx
 .text.LoRaMacConfirmQueueAdd
                0x0000bc48       0x68 ./drivers/mac/LoRaMacConfirmQueue.o
                0x0000bc48                LoRaMacConfirmQueueAdd
 .text.LoRaMacConfirmQueueRemoveFirst
                0x0000bcb0       0x3c ./drivers/mac/LoRaMacConfirmQueue.o
                0x0000bcb0                LoRaMacConfirmQueueRemoveFirst
 .text.LoRaMacConfirmQueueSetStatus
                0x0000bcec       0x58 ./drivers/mac/LoRaMacConfirmQueue.o
                0x0000bcec                LoRaMacConfirmQueueSetStatus
 .text.LoRaMacConfirmQueueGetStatus
                0x0000bd44       0x4c ./drivers/mac/LoRaMacConfirmQueue.o
                0x0000bd44                LoRaMacConfirmQueueGetStatus
 .text.LoRaMacConfirmQueueSetStatusCmn
                0x0000bd90       0x64 ./drivers/mac/LoRaMacConfirmQueue.o
                0x0000bd90                LoRaMacConfirmQueueSetStatusCmn
 .text.LoRaMacConfirmQueueGetStatusCmn
                0x0000bdf4       0x14 ./drivers/mac/LoRaMacConfirmQueue.o
                0x0000bdf4                LoRaMacConfirmQueueGetStatusCmn
 .text.LoRaMacConfirmQueueIsCmdActive
                0x0000be08       0x34 ./drivers/mac/LoRaMacConfirmQueue.o
                0x0000be08                LoRaMacConfirmQueueIsCmdActive
 .text.LoRaMacConfirmQueueHandleCb
                0x0000be3c       0xc4 ./drivers/mac/LoRaMacConfirmQueue.o
                0x0000be3c                LoRaMacConfirmQueueHandleCb
 .text.LoRaMacConfirmQueueGetCnt
                0x0000bf00       0x14 ./drivers/mac/LoRaMacConfirmQueue.o
                0x0000bf00                LoRaMacConfirmQueueGetCnt
 .text.LoRaMacConfirmQueueIsFull
                0x0000bf14       0x20 ./drivers/mac/LoRaMacConfirmQueue.o
                0x0000bf14                LoRaMacConfirmQueueIsFull
 .text.PrepareB0
                0x0000bf34      0x130 ./drivers/mac/LoRaMacCrypto.o
 .text.ComputeCmacB0
                0x0000c064      0x138 ./drivers/mac/LoRaMacCrypto.o
 .text.VerifyCmacB0
                0x0000c19c      0x164 ./drivers/mac/LoRaMacCrypto.o
 .text.PrepareB1
                0x0000c300      0x118 ./drivers/mac/LoRaMacCrypto.o
 .text.ComputeCmacB1
                0x0000c418      0x140 ./drivers/mac/LoRaMacCrypto.o
 .text.GetKeyAddrItem
                0x0000c558       0x64 ./drivers/mac/LoRaMacCrypto.o
 .text.DeriveSessionKey10x
                0x0000c5bc       0xbc ./drivers/mac/LoRaMacCrypto.o
 .text.DeriveSessionKey11x
                0x0000c678       0xec ./drivers/mac/LoRaMacCrypto.o
 .text.DeriveLifeTimeSessionKey
                0x0000c764       0x88 ./drivers/mac/LoRaMacCrypto.o
 .text.CheckFCntDown
                0x0000c7ec       0xbc ./drivers/mac/LoRaMacCrypto.o
 .text.UpdateFCntDown
                0x0000c8a8       0x80 ./drivers/mac/LoRaMacCrypto.o
 .text.ResetFCnts
                0x0000c928       0x64 ./drivers/mac/LoRaMacCrypto.o
                0x0000c928                ResetFCnts
 .text.LoRaMacCryptoInit
                0x0000c98c       0xa0 ./drivers/mac/LoRaMacCrypto.o
                0x0000c98c                LoRaMacCryptoInit
 .text.LoRaMacCryptoSetLrWanVersion
                0x0000ca2c       0x1c ./drivers/mac/LoRaMacCrypto.o
                0x0000ca2c                LoRaMacCryptoSetLrWanVersion
 .text.LoRaMacCryptoRestoreNvmCtx
                0x0000ca48       0x2c ./drivers/mac/LoRaMacCrypto.o
                0x0000ca48                LoRaMacCryptoRestoreNvmCtx
 .text.LoRaMacCryptoGetNvmCtx
                0x0000ca74       0x1c ./drivers/mac/LoRaMacCrypto.o
                0x0000ca74                LoRaMacCryptoGetNvmCtx
 .text.LoRaMacCryptoPrepareJoinRequest
                0x0000ca90       0xe8 ./drivers/mac/LoRaMacCrypto.o
                0x0000ca90                LoRaMacCryptoPrepareJoinRequest
 .text.LoRaMacCryptoHandleJoinAccept
                0x0000cb78      0x4f4 ./drivers/mac/LoRaMacCrypto.o
                0x0000cb78                LoRaMacCryptoHandleJoinAccept
 .text.LoRaMacCryptoSecureMessage
                0x0000d06c      0x244 ./drivers/mac/LoRaMacCrypto.o
                0x0000d06c                LoRaMacCryptoSecureMessage
 .text.LoRaMacCryptoUnsecureMessage
                0x0000d2b0      0x1dc ./drivers/mac/LoRaMacCrypto.o
                0x0000d2b0                LoRaMacCryptoUnsecureMessage
 .text.NvmCtxChanged
                0x0000d48c       0x1c ./drivers/mac/LoRaMacFCntHandler.o
 .text.LoRaMacFCntHandlerInit
                0x0000d4a8       0x20 ./drivers/mac/LoRaMacFCntHandler.o
                0x0000d4a8                LoRaMacFCntHandlerInit
 .text.LoRaMacFCntHandlerRestoreNvmCtx
                0x0000d4c8       0x2c ./drivers/mac/LoRaMacFCntHandler.o
                0x0000d4c8                LoRaMacFCntHandlerRestoreNvmCtx
 .text.LoRaMacFCntHandlerGetNvmCtx
                0x0000d4f4       0x1c ./drivers/mac/LoRaMacFCntHandler.o
                0x0000d4f4                LoRaMacFCntHandlerGetNvmCtx
 .text.LoRaMacGetFCntDown
                0x0000d510      0x15c ./drivers/mac/LoRaMacFCntHandler.o
                0x0000d510                LoRaMacGetFCntDown
 .text.LoRaMacSetFCntDown
                0x0000d66c       0x78 ./drivers/mac/LoRaMacFCntHandler.o
                0x0000d66c                LoRaMacSetFCntDown
 .text.LoRaMacGetFCntUp
                0x0000d6e4       0x2c ./drivers/mac/LoRaMacFCntHandler.o
                0x0000d6e4                LoRaMacGetFCntUp
 .text.LoRaMacSetFCntUp
                0x0000d710       0x20 ./drivers/mac/LoRaMacFCntHandler.o
                0x0000d710                LoRaMacSetFCntUp
 .text.LoRaMacResetFCnts
                0x0000d730       0x54 ./drivers/mac/LoRaMacFCntHandler.o
                0x0000d730                LoRaMacResetFCnts
 .text.LoRaMacFCntHandlerSetMulticastReference
                0x0000d784       0x4c ./drivers/mac/LoRaMacFCntHandler.o
                0x0000d784                LoRaMacFCntHandlerSetMulticastReference
 .text.CLOCK_SetEr32kClock
                0x0000d7d0       0x34 ./drivers/fsl_clock.o
 .text.CLOCK_SetPllFllSelClock
                0x0000d804       0x38 ./drivers/fsl_clock.o
 .text.CLOCK_GetMcgExtClkFreq
                0x0000d83c       0x28 ./drivers/fsl_clock.o
 .text.CLOCK_GetFllExtRefClkFreq
                0x0000d864       0xa4 ./drivers/fsl_clock.o
 .text.CLOCK_GetInternalRefClkSelectFreq
                0x0000d908       0x40 ./drivers/fsl_clock.o
 .text.CLOCK_GetFllRefClkFreq
                0x0000d948       0x2c ./drivers/fsl_clock.o
 .text.CLOCK_GetOscRangeFromFreq
                0x0000d974       0x4c ./drivers/fsl_clock.o
 .text.CLOCK_GetOsc0ErClkFreq
                0x0000d9c0       0x3c ./drivers/fsl_clock.o
                0x0000d9c0                CLOCK_GetOsc0ErClkFreq
 .text.CLOCK_GetEr32kClkFreq
                0x0000d9fc       0x74 ./drivers/fsl_clock.o
                0x0000d9fc                CLOCK_GetEr32kClkFreq
 .text.CLOCK_GetPllFllSelClkFreq
                0x0000da70       0x4c ./drivers/fsl_clock.o
                0x0000da70                CLOCK_GetPllFllSelClkFreq
 .text.CLOCK_GetFreq
                0x0000dabc       0xe0 ./drivers/fsl_clock.o
                0x0000dabc                CLOCK_GetFreq
 .text.CLOCK_SetSimConfig
                0x0000db9c       0x38 ./drivers/fsl_clock.o
                0x0000db9c                CLOCK_SetSimConfig
 .text.CLOCK_GetOutClkFreq
                0x0000dbd4       0x60 ./drivers/fsl_clock.o
                0x0000dbd4                CLOCK_GetOutClkFreq
 .text.CLOCK_GetFllFreq
                0x0000dc34       0x84 ./drivers/fsl_clock.o
                0x0000dc34                CLOCK_GetFllFreq
 .text.CLOCK_GetInternalRefClkFreq
                0x0000dcb8       0x28 ./drivers/fsl_clock.o
                0x0000dcb8                CLOCK_GetInternalRefClkFreq
 .text.CLOCK_GetPll0Freq
                0x0000dce0       0x70 ./drivers/fsl_clock.o
                0x0000dce0                CLOCK_GetPll0Freq
 .text.CLOCK_SetInternalRefClkConfig
                0x0000dd50      0x128 ./drivers/fsl_clock.o
                0x0000dd50                CLOCK_SetInternalRefClkConfig
 .text.CLOCK_EnablePll0
                0x0000de78       0x90 ./drivers/fsl_clock.o
                0x0000de78                CLOCK_EnablePll0
 .text.CLOCK_InitOsc0
                0x0000df08       0xa4 ./drivers/fsl_clock.o
                0x0000df08                CLOCK_InitOsc0
 .text.CLOCK_SetPbeMode
                0x0000dfac       0xb0 ./drivers/fsl_clock.o
                0x0000dfac                CLOCK_SetPbeMode
 .text.CLOCK_BootToPeeMode
                0x0000e05c       0x70 ./drivers/fsl_clock.o
                0x0000e05c                CLOCK_BootToPeeMode
 .text.GPIO_GetInstance
                0x0000e0cc       0x4c ./drivers/fsl_gpio.o
 .text.GPIO_PinInit
                0x0000e118       0x64 ./drivers/fsl_gpio.o
                0x0000e118                GPIO_PinInit
 .text.GPIO_PortClearInterruptFlags
                0x0000e17c       0x3c ./drivers/fsl_gpio.o
                0x0000e17c                GPIO_PortClearInterruptFlags
 .text.CLOCK_EnableClock
                0x0000e1b8       0x34 ./drivers/fsl_lpsci.o
 .text.LPSCI_GetInstance
                0x0000e1ec       0x48 ./drivers/fsl_lpsci.o
                0x0000e1ec                LPSCI_GetInstance
 .text.LPSCI_Init
                0x0000e234      0x278 ./drivers/fsl_lpsci.o
                0x0000e234                LPSCI_Init
 .text.LPSCI_GetDefaultConfig
                0x0000e4ac       0x48 ./drivers/fsl_lpsci.o
                0x0000e4ac                LPSCI_GetDefaultConfig
 .text.UART0_DriverIRQHandler
                0x0000e4f4       0x24 ./drivers/fsl_lpsci.o
                0x0000e4f4                UART0_DriverIRQHandler
 .text.CLOCK_EnableClock
                0x0000e518       0x34 ./drivers/fsl_pit.o
 .text.PIT_GetInstance
                0x0000e54c       0x48 ./drivers/fsl_pit.o
 .text.PIT_Init
                0x0000e594       0x6c ./drivers/fsl_pit.o
                0x0000e594                PIT_Init
 .text.CLOCK_EnableClock
                0x0000e600       0x34 ./drivers/fsl_spi.o
 .text.SPI_GetInstance
                0x0000e634       0x4c ./drivers/fsl_spi.o
                0x0000e634                SPI_GetInstance
 .text.SPI_SetDummyData
                0x0000e680       0x34 ./drivers/fsl_spi.o
                0x0000e680                SPI_SetDummyData
 .text.SPI_WriteNonBlocking
                0x0000e6b4       0xc4 ./drivers/fsl_spi.o
 .text.SPI_MasterGetDefaultConfig
                0x0000e778       0x58 ./drivers/fsl_spi.o
                0x0000e778                SPI_MasterGetDefaultConfig
 .text.SPI_MasterInit
                0x0000e7d0      0x164 ./drivers/fsl_spi.o
                0x0000e7d0                SPI_MasterInit
 .text.SPI_MasterTransferBlocking
                0x0000e934      0x104 ./drivers/fsl_spi.o
                0x0000e934                SPI_MasterTransferBlocking
 .text.SPI_CommonIRQHandler
                0x0000ea38       0x54 ./drivers/fsl_spi.o
 .text.SPI0_DriverIRQHandler
                0x0000ea8c       0x30 ./drivers/fsl_spi.o
                0x0000ea8c                SPI0_DriverIRQHandler
 .text.SPI1_DriverIRQHandler
                0x0000eabc       0x30 ./drivers/fsl_spi.o
                0x0000eabc                SPI1_DriverIRQHandler
 .text.CLOCK_EnableClock
                0x0000eaec       0x34 ./drivers/fsl_uart.o
 .text.UART_GetInstance
                0x0000eb20       0x54 ./drivers/fsl_uart.o
                0x0000eb20                UART_GetInstance
 .text.UART_Init
                0x0000eb74      0x200 ./drivers/fsl_uart.o
                0x0000eb74                UART_Init
 .text.UART_GetDefaultConfig
                0x0000ed74       0x48 ./drivers/fsl_uart.o
                0x0000ed74                UART_GetDefaultConfig
 .text.UART1_DriverIRQHandler
                0x0000edbc       0x24 ./drivers/fsl_uart.o
                0x0000edbc                UART1_DriverIRQHandler
 .text.UART2_DriverIRQHandler
                0x0000ede0       0x24 ./drivers/fsl_uart.o
                0x0000ede0                UART2_DriverIRQHandler
 .text.CLOCK_SetLpsci0Clock
                0x0000ee04       0x38 ./board/src/board_46.o
 .text.BOARD_InitDebugConsole
                0x0000ee3c       0x30 ./board/src/board_46.o
                0x0000ee3c                BOARD_InitDebugConsole
 .text.CLOCK_EnableClock
                0x0000ee6c       0x34 ./board/src/clock_config.o
 .text.CLOCK_DisableClock
                0x0000eea0       0x38 ./board/src/clock_config.o
 .text.CLOCK_SetSimSafeDivs
                0x0000eed8       0x20 ./board/src/clock_config.o
 .text.CLOCK_SetXtal0Freq
                0x0000eef8       0x1c ./board/src/clock_config.o
 .text.CLOCK_CONFIG_SetRtcClock
                0x0000ef14       0x34 ./board/src/clock_config.o
 .text.CLOCK_CONFIG_SetFllExtRefDiv
                0x0000ef48       0x3c ./board/src/clock_config.o
 .text.BOARD_BootClockRUN
                0x0000ef84       0x68 ./board/src/clock_config.o
                0x0000ef84                BOARD_BootClockRUN
 .text.__NVIC_EnableIRQ
                0x0000efec       0x34 ./board/src/pin_mux.o
 .text.CLOCK_EnableClock
                0x0000f020       0x34 ./board/src/pin_mux.o
 .text.PORT_SetPinConfig
                0x0000f054       0x38 ./board/src/pin_mux.o
 .text.PORT_SetPinMux
                0x0000f08c       0x40 ./board/src/pin_mux.o
 .text.PORT_SetPinInterruptConfig
                0x0000f0cc       0x40 ./board/src/pin_mux.o
 .text.BOARD_InitPins
                0x0000f10c      0x330 ./board/src/pin_mux.o
                0x0000f10c                BOARD_InitPins
 .text.__NVIC_SetPriority
                0x0000f43c       0xdc ./board/board.o
 .text.SysTick_Config
                0x0000f518       0x48 ./board/board.o
 .text.BoardInitPeriph
                0x0000f560       0x64 ./board/board.o
                0x0000f560                BoardInitPeriph
 .text.BoardInitMcu
                0x0000f5c4       0x6c ./board/board.o
                0x0000f5c4                BoardInitMcu
 .text.SysTick_Handler
                0x0000f630       0x20 ./board/delay-board.o
                0x0000f630                SysTick_Handler
 .text.SysTick_DelayTicks
                0x0000f650       0x24 ./board/delay-board.o
                0x0000f650                SysTick_DelayTicks
 .text.GpioMcuInit
                0x0000f674       0xb0 ./board/gpio-board.o
                0x0000f674                GpioMcuInit
 .text.PORTA_IRQHandler
                0x0000f724       0x8c ./board/gpio-board.o
                0x0000f724                PORTA_IRQHandler
 .text.__NVIC_EnableIRQ
                0x0000f7b0       0x34 ./board/rtc-board.o
 .text.__NVIC_SetPriority
                0x0000f7e4       0xdc ./board/rtc-board.o
 .text.PIT_GetDefaultConfig
                0x0000f8c0       0x28 ./board/rtc-board.o
 .text.PIT_IRQHandler
                0x0000f8e8       0x28 ./board/rtc-board.o
                0x0000f8e8                PIT_IRQHandler
 .text.RtcInit  0x0000f910       0xb0 ./board/rtc-board.o
                0x0000f910                RtcInit
 .text.RtcGetCalendarTime
                0x0000f9c0       0x38 ./board/rtc-board.o
                0x0000f9c0                RtcGetCalendarTime
 .text.RtcSetTimerContext
                0x0000f9f8       0x20 ./board/rtc-board.o
                0x0000f9f8                RtcSetTimerContext
 .text.RtcGetTimerContext
                0x0000fa18       0x14 ./board/rtc-board.o
                0x0000fa18                RtcGetTimerContext
 .text.RtcStopAlarm
                0x0000fa2c       0x14 ./board/rtc-board.o
                0x0000fa2c                RtcStopAlarm
 .text.RtcStartAlarm
                0x0000fa40       0x4c ./board/rtc-board.o
                0x0000fa40                RtcStartAlarm
 .text.RtcGetTimerValue
                0x0000fa8c       0x14 ./board/rtc-board.o
                0x0000fa8c                RtcGetTimerValue
 .text.RtcGetTimerElapsedTime
                0x0000faa0       0x1c ./board/rtc-board.o
                0x0000faa0                RtcGetTimerElapsedTime
 .text.RtcBkupWrite
                0x0000fabc       0x34 ./board/rtc-board.o
                0x0000fabc                RtcBkupWrite
 .text.RtcBkupRead
                0x0000faf0       0x38 ./board/rtc-board.o
                0x0000faf0                RtcBkupRead
 .text.RtcProcess
                0x0000fb28       0x58 ./board/rtc-board.o
                0x0000fb28                RtcProcess
 .text.SpiInit  0x0000fb80       0xa8 ./board/spi-board.o
                0x0000fb80                SpiInit
 .text.SpiInOut
                0x0000fc28       0x54 ./board/spi-board.o
                0x0000fc28                SpiInOut
 .text.SX1276IoInit
                0x0000fc7c       0x98 ./board/sx1276-board.o
                0x0000fc7c                SX1276IoInit
 .text.IoIrqInit
                0x0000fd14       0x28 ./board/sx1276-board.o
 .text.SX1276Reset
                0x0000fd3c       0x44 ./board/sx1276-board.o
                0x0000fd3c                SX1276Reset
 .text.SX1276SetRfTxPower
                0x0000fd80      0x1c8 ./board/sx1276-board.o
                0x0000fd80                SX1276SetRfTxPower
 .text.SX1276SetAntSwLowPower
                0x0000ff48       0x48 ./board/sx1276-board.o
                0x0000ff48                SX1276SetAntSwLowPower
 .text.rand1    0x0000ff90       0x38 ./board/utilities.o
                0x0000ff90                rand1
 .text.srand1   0x0000ffc8       0x1c ./board/utilities.o
                0x0000ffc8                srand1
 .text.SystemInit
                0x0000ffe4       0x1c ./CMSIS/system_MKL46Z4.o
                0x0000ffe4                SystemInit
 .text.__assertion_failed
                0x00010000       0x4c c:/nxp/mcuxpressoide_10.2.0_759/ide/tools/bin/../lib/gcc/arm-none-eabi/7.2.1/../../../../arm-none-eabi/lib/thumb/v6-m\libcr_semihost_nf.a(_cr_assert.o)
                0x00010000                __assertion_failed
 .text.__sys_appexit
                0x0001004c        0xc c:/nxp/mcuxpressoide_10.2.0_759/ide/tools/bin/../lib/gcc/arm-none-eabi/7.2.1/../../../../arm-none-eabi/lib/thumb/v6-m\libcr_semihost_nf.a(__sys_appexit.o)
                0x0001004c                __sys_appexit
                0x0001004c                __exit
 .text._deferredlazyseek
                0x00010058       0x40 c:/nxp/mcuxpressoide_10.2.0_759/ide/tools/bin/../lib/gcc/arm-none-eabi/7.2.1/../../../../arm-none-eabi/lib/thumb/v6-m\libcr_c.a(_deferredlazyseek.o)
                0x00010058                _deferredlazyseek
 .text.__flsbuf
                0x00010098      0x14c c:/nxp/mcuxpressoide_10.2.0_759/ide/tools/bin/../lib/gcc/arm-none-eabi/7.2.1/../../../../arm-none-eabi/lib/thumb/v6-m\libcr_c.a(_deferredlazyseek.o)
                0x00010098                __flsbuf
 .text._fflush  0x000101e4       0x5c c:/nxp/mcuxpressoide_10.2.0_759/ide/tools/bin/../lib/gcc/arm-none-eabi/7.2.1/../../../../arm-none-eabi/lib/thumb/v6-m\libcr_c.a(_fflush.o)
                0x000101e4                _fflush
 .text._Cwritebuf
                0x00010240       0x68 c:/nxp/mcuxpressoide_10.2.0_759/ide/tools/bin/../lib/gcc/arm-none-eabi/7.2.1/../../../../arm-none-eabi/lib/thumb/v6-m\libcr_c.a(_writebuf.o)
                0x00010240                _Cwritebuf
 .text.malloc   0x000102a8       0xcc c:/nxp/mcuxpressoide_10.2.0_759/ide/tools/bin/../lib/gcc/arm-none-eabi/7.2.1/../../../../arm-none-eabi/lib/thumb/v6-m\libcr_c.a(alloc.o)
                0x000102a8                malloc
 .text._Csys_alloc
                0x00010374       0x20 c:/nxp/mcuxpressoide_10.2.0_759/ide/tools/bin/../lib/gcc/arm-none-eabi/7.2.1/../../../../arm-none-eabi/lib/thumb/v6-m\libcr_c.a(alloc.o)
                0x00010374                _Csys_alloc
 .text.ceil     0x00010394       0xa4 c:/nxp/mcuxpressoide_10.2.0_759/ide/tools/bin/../lib/gcc/arm-none-eabi/7.2.1/../../../../arm-none-eabi/lib/thumb/v6-m\libcr_c.a(ceil.o)
                0x00010394                ceil
 .text.floor    0x00010438       0xa8 c:/nxp/mcuxpressoide_10.2.0_759/ide/tools/bin/../lib/gcc/arm-none-eabi/7.2.1/../../../../arm-none-eabi/lib/thumb/v6-m\libcr_c.a(floor.o)
                0x00010438                floor
 .text.fseek    0x000104e0       0xf0 c:/nxp/mcuxpressoide_10.2.0_759/ide/tools/bin/../lib/gcc/arm-none-eabi/7.2.1/../../../../arm-none-eabi/lib/thumb/v6-m\libcr_c.a(fseek.o)
                0x000104e0                fseek
 .text.ftell    0x000105d0       0x48 c:/nxp/mcuxpressoide_10.2.0_759/ide/tools/bin/../lib/gcc/arm-none-eabi/7.2.1/../../../../arm-none-eabi/lib/thumb/v6-m\libcr_c.a(ftell.o)
                0x000105d0                ftell
 .text._initio  0x00010618       0x7c c:/nxp/mcuxpressoide_10.2.0_759/ide/tools/bin/../lib/gcc/arm-none-eabi/7.2.1/../../../../arm-none-eabi/lib/thumb/v6-m\libcr_c.a(initio.o)
                0x00010618                _initio
 .text.__vfprintf
                0x00010694      0xcd4 c:/nxp/mcuxpressoide_10.2.0_759/ide/tools/bin/../lib/gcc/arm-none-eabi/7.2.1/../../../../arm-none-eabi/lib/thumb/v6-m\libcr_c.a(printf.o)
                0x00010694                __vfprintf
 .text._vsnprintf
                0x00011368       0x60 c:/nxp/mcuxpressoide_10.2.0_759/ide/tools/bin/../lib/gcc/arm-none-eabi/7.2.1/../../../../arm-none-eabi/lib/thumb/v6-m\libcr_c.a(printf.o)
                0x00011368                _vsnprintf
 .text._printf  0x000113c8       0x50 c:/nxp/mcuxpressoide_10.2.0_759/ide/tools/bin/../lib/gcc/arm-none-eabi/7.2.1/../../../../arm-none-eabi/lib/thumb/v6-m\libcr_c.a(printf.o)
                0x000113c8                _printf
 .text.setvbuf  0x00011418       0x48 c:/nxp/mcuxpressoide_10.2.0_759/ide/tools/bin/../lib/gcc/arm-none-eabi/7.2.1/../../../../arm-none-eabi/lib/thumb/v6-m\libcr_c.a(setvbuf.o)
                0x00011418                setvbuf
 .text.strlen   0x00011460       0x58 c:/nxp/mcuxpressoide_10.2.0_759/ide/tools/bin/../lib/gcc/arm-none-eabi/7.2.1/../../../../arm-none-eabi/lib/thumb/v6-m\libcr_c.a(strlen.o)
                0x00011460                strlen
 .text._sbrk    0x000114b8       0x40 c:/nxp/mcuxpressoide_10.2.0_759/ide/tools/bin/../lib/gcc/arm-none-eabi/7.2.1/../../../../arm-none-eabi/lib/thumb/v6-m\libcr_c.a(_cr_sbrk.o)
                0x000114b8                _sbrk
 .text._fdopen  0x000114f8       0x74 c:/nxp/mcuxpressoide_10.2.0_759/ide/tools/bin/../lib/gcc/arm-none-eabi/7.2.1/../../../../arm-none-eabi/lib/thumb/v6-m\libcr_c.a(_fdopen.o)
                0x000114f8                _fdopen
 .text.fclose   0x0001156c       0x5c c:/nxp/mcuxpressoide_10.2.0_759/ide/tools/bin/../lib/gcc/arm-none-eabi/7.2.1/../../../../arm-none-eabi/lib/thumb/v6-m\libcr_c.a(fclose.o)
                0x0001156c                fclose
 .text.fflush   0x000115c8       0x44 c:/nxp/mcuxpressoide_10.2.0_759/ide/tools/bin/../lib/gcc/arm-none-eabi/7.2.1/../../../../arm-none-eabi/lib/thumb/v6-m\libcr_c.a(fflush.o)
                0x000115c8                fflush
 .text.__check_heap_overflow
                0x0001160c       0x14 c:/nxp/mcuxpressoide_10.2.0_759/ide/tools/bin/../lib/gcc/arm-none-eabi/7.2.1/../../../../arm-none-eabi/lib/thumb/v6-m\libcr_c.a(_cr_check_heap.o)
                0x0001160c                __check_heap_overflow
 .text._do_fflush
                0x00011620       0x44 c:/nxp/mcuxpressoide_10.2.0_759/ide/tools/bin/../lib/gcc/arm-none-eabi/7.2.1/../../../../arm-none-eabi/lib/thumb/v6-m\libcr_c.a(_do_fflush.o)
                0x00011620                _do_fflush
 .text.__aeabi_dmul
                0x00011664      0x184 c:/nxp/mcuxpressoide_10.2.0_759/ide/tools/bin/../lib/gcc/arm-none-eabi/7.2.1/thumb/v6-m\libcr_eabihelpers.a(double.o)
                0x00011664                __aeabi_dmul
 .text.__aeabi_ddiv
                0x000117e8      0x148 c:/nxp/mcuxpressoide_10.2.0_759/ide/tools/bin/../lib/gcc/arm-none-eabi/7.2.1/thumb/v6-m\libcr_eabihelpers.a(double.o)
                0x000117e8                __aeabi_ddiv
 .text.__aeabi_dsub
                0x00011930      0x1bc c:/nxp/mcuxpressoide_10.2.0_759/ide/tools/bin/../lib/gcc/arm-none-eabi/7.2.1/thumb/v6-m\libcr_eabihelpers.a(double.o)
                0x00011930                __aeabi_dsub
 .text.__aeabi_dadd
                0x00011aec      0x128 c:/nxp/mcuxpressoide_10.2.0_759/ide/tools/bin/../lib/gcc/arm-none-eabi/7.2.1/thumb/v6-m\libcr_eabihelpers.a(double.o)
                0x00011aec                __aeabi_dadd
 .text.__aeabi_d2iz
                0x00011c14       0x44 c:/nxp/mcuxpressoide_10.2.0_759/ide/tools/bin/../lib/gcc/arm-none-eabi/7.2.1/thumb/v6-m\libcr_eabihelpers.a(double.o)
                0x00011c14                __aeabi_d2iz
 .text.__aeabi_d2uiz
                0x00011c58       0x34 c:/nxp/mcuxpressoide_10.2.0_759/ide/tools/bin/../lib/gcc/arm-none-eabi/7.2.1/thumb/v6-m\libcr_eabihelpers.a(double.o)
                0x00011c58                __aeabi_d2uiz
 .text.__aeabi_dcmpeq
                0x00011c8c       0x30 c:/nxp/mcuxpressoide_10.2.0_759/ide/tools/bin/../lib/gcc/arm-none-eabi/7.2.1/thumb/v6-m\libcr_eabihelpers.a(double.o)
                0x00011c8c                __aeabi_dcmpeq
 .text.__aeabi_dcmpgt
                0x00011cbc       0x5c c:/nxp/mcuxpressoide_10.2.0_759/ide/tools/bin/../lib/gcc/arm-none-eabi/7.2.1/thumb/v6-m\libcr_eabihelpers.a(double.o)
                0x00011cbc                __aeabi_dcmpgt
 .text.__aeabi_fsub
                0x00011d18      0x130 c:/nxp/mcuxpressoide_10.2.0_759/ide/tools/bin/../lib/gcc/arm-none-eabi/7.2.1/thumb/v6-m\libcr_eabihelpers.a(float.o)
                0x00011d18                __aeabi_fsub
 .text.__aeabi_fadd
                0x00011e48       0xb0 c:/nxp/mcuxpressoide_10.2.0_759/ide/tools/bin/../lib/gcc/arm-none-eabi/7.2.1/thumb/v6-m\libcr_eabihelpers.a(float.o)
                0x00011e48                __aeabi_fadd
 .text.__aeabi_f2d
                0x00011ef8       0x3c c:/nxp/mcuxpressoide_10.2.0_759/ide/tools/bin/../lib/gcc/arm-none-eabi/7.2.1/thumb/v6-m\libcr_eabihelpers.a(float.o)
                0x00011ef8                __aeabi_f2d
 .text.UART_EnableTx
                0x00011f34       0x40 ./utilities/fsl_io.o
 .text.UART_EnableRx
                0x00011f74       0x40 ./utilities/fsl_io.o
 .text.LPSCI_EnableTx
                0x00011fb4       0x40 ./utilities/fsl_io.o
 .text.LPSCI_EnableRx
                0x00011ff4       0x40 ./utilities/fsl_io.o
 .text.LOG_Init
                0x00012034       0x3a ./utilities/fsl_log.o
                0x00012034                LOG_Init
 .text.NvmCtxMgmtEvent
                0x0001206e       0x14 ./source/NvmCtxMgmt.o
                0x0001206e                NvmCtxMgmtEvent
 .text.NvmCtxMgmtStore
                0x00012082        0xc ./source/NvmCtxMgmt.o
                0x00012082                NvmCtxMgmtStore
 .text.NvmCtxMgmtRestore
                0x0001208e        0xc ./source/NvmCtxMgmt.o
                0x0001208e                NvmCtxMgmtRestore
 .text.DelayMs  0x0001209a       0x18 ./drivers/system/delay.o
                0x0001209a                DelayMs
 .text.GpioInit
                0x000120b2       0x3c ./drivers/system/gpio.o
                0x000120b2                GpioInit
 .text.GpioWrite
                0x000120ee       0x1e ./drivers/system/gpio.o
                0x000120ee                GpioWrite
 .text.SysTimeSub
                0x0001210c       0xa8 ./drivers/system/systime.o
                0x0001210c                SysTimeSub
 .text.SysTimeSet
                0x000121b4       0x62 ./drivers/system/systime.o
                0x000121b4                SysTimeSet
 .text.SysTimeGet
                0x00012216       0x72 ./drivers/system/systime.o
                0x00012216                SysTimeGet
 .text.SysTimeGetMcuTime
                0x00012288       0x36 ./drivers/system/systime.o
                0x00012288                SysTimeGetMcuTime
 .text.TimerInit
                0x000122be       0x3c ./drivers/system/timer.o
                0x000122be                TimerInit
 .text.TimerIsStarted
                0x000122fa       0x14 ./drivers/system/timer.o
                0x000122fa                TimerIsStarted
 .text.TimerSetValue
                0x0001230e       0x4a ./drivers/system/timer.o
                0x0001230e                TimerSetValue
 .text.TimerGetCurrentTime
                0x00012358       0x20 ./drivers/system/timer.o
                0x00012358                TimerGetCurrentTime
 .text.TimerGetElapsedTime
                0x00012378       0x3c ./drivers/system/timer.o
                0x00012378                TimerGetElapsedTime
 .text.TimerSetTimeout
                0x000123b4       0x48 ./drivers/system/timer.o
 .text.TimerProcess
                0x000123fc        0xe ./drivers/system/timer.o
                0x000123fc                TimerProcess
 .text.copy_block
                0x0001240a       0xb0 ./drivers/soft-se/aes.o
 .text.copy_block_nn
                0x000124ba       0x36 ./drivers/soft-se/aes.o
 .text.xor_block
                0x000124f0      0x16c ./drivers/soft-se/aes.o
 .text.copy_and_key
                0x0001265c      0x16e ./drivers/soft-se/aes.o
 .text.add_round_key
                0x000127ca       0x1e ./drivers/soft-se/aes.o
 .text.aes_encrypt
                0x000127e8       0x96 ./drivers/soft-se/aes.o
                0x000127e8                aes_encrypt
 .text.AES_CMAC_Init
                0x0001287e       0x34 ./drivers/soft-se/cmac.o
                0x0001287e                AES_CMAC_Init
 .text.AES_CMAC_SetKey
                0x000128b2       0x1e ./drivers/soft-se/cmac.o
                0x000128b2                AES_CMAC_SetKey
 .text.AES_CMAC_Update
                0x000128d0      0x176 ./drivers/soft-se/cmac.o
                0x000128d0                AES_CMAC_Update
 .text.AES_CMAC_Final
                0x00012a46      0x2d6 ./drivers/soft-se/cmac.o
                0x00012a46                AES_CMAC_Final
 .text.DummyCB  0x00012d1c        0xa ./drivers/soft-se/soft-se.o
 .text.SecureElementComputeAesCmac
                0x00012d26       0x4a ./drivers/soft-se/soft-se.o
                0x00012d26                SecureElementComputeAesCmac
 .text.SecureElementVerifyAesCmac
                0x00012d70       0x80 ./drivers/soft-se/soft-se.o
                0x00012d70                SecureElementVerifyAesCmac
 .text.SecureElementDeriveAndStoreKey
                0x00012df0       0xf6 ./drivers/soft-se/soft-se.o
                0x00012df0                SecureElementDeriveAndStoreKey
 .text.SX1276IsChannelFree
                0x00012ee6       0xaa ./drivers/radio/sx1276/sx1276.o
                0x00012ee6                SX1276IsChannelFree
 .text.SX1276Random
                0x00012f90       0x68 ./drivers/radio/sx1276/sx1276.o
                0x00012f90                SX1276Random
 .text.SX1276SetOpMode
                0x00012ff8       0x58 ./drivers/radio/sx1276/sx1276.o
                0x00012ff8                SX1276SetOpMode
 .text.SX1276Write
                0x00013050       0x28 ./drivers/radio/sx1276/sx1276.o
                0x00013050                SX1276Write
 .text.SX1276Read
                0x00013078       0x28 ./drivers/radio/sx1276/sx1276.o
                0x00013078                SX1276Read
 .text.SX1276WriteFifo
                0x000130a0       0x24 ./drivers/radio/sx1276/sx1276.o
                0x000130a0                SX1276WriteFifo
 .text.SX1276ReadFifo
                0x000130c4       0x24 ./drivers/radio/sx1276/sx1276.o
                0x000130c4                SX1276ReadFifo
 .text.SX1276GetWakeupTime
                0x000130e8       0x12 ./drivers/radio/sx1276/sx1276.o
                0x000130e8                SX1276GetWakeupTime
 .text.RegionIsActive
                0x000130fa       0x22 ./drivers/mac/region/Region.o
                0x000130fa                RegionIsActive
 .text.RegionGetPhyParam
                0x0001311c       0x50 ./drivers/mac/region/Region.o
                0x0001311c                RegionGetPhyParam
 .text.RegionSetBandTxDone
                0x0001316c       0x28 ./drivers/mac/region/Region.o
                0x0001316c                RegionSetBandTxDone
 .text.RegionInitDefaults
                0x00013194       0x2a ./drivers/mac/region/Region.o
                0x00013194                RegionInitDefaults
 .text.RegionGetNvmCtx
                0x000131be       0x2c ./drivers/mac/region/Region.o
                0x000131be                RegionGetNvmCtx
 .text.RegionVerify
                0x000131ea       0x3a ./drivers/mac/region/Region.o
                0x000131ea                RegionVerify
 .text.RegionApplyCFList
                0x00013224       0x2a ./drivers/mac/region/Region.o
                0x00013224                RegionApplyCFList
 .text.RegionChanMaskSet
                0x0001324e       0x2c ./drivers/mac/region/Region.o
                0x0001324e                RegionChanMaskSet
 .text.RegionComputeRxWindowParameters
                0x0001327a       0x48 ./drivers/mac/region/Region.o
                0x0001327a                RegionComputeRxWindowParameters
 .text.RegionRxConfig
                0x000132c2       0x34 ./drivers/mac/region/Region.o
                0x000132c2                RegionRxConfig
 .text.RegionTxConfig
                0x000132f6       0x36 ./drivers/mac/region/Region.o
                0x000132f6                RegionTxConfig
 .text.RegionLinkAdrReq
                0x0001332c       0x3c ./drivers/mac/region/Region.o
                0x0001332c                RegionLinkAdrReq
 .text.RegionRxParamSetupReq
                0x00013368       0x2c ./drivers/mac/region/Region.o
                0x00013368                RegionRxParamSetupReq
 .text.RegionNewChannelReq
                0x00013394       0x2c ./drivers/mac/region/Region.o
                0x00013394                RegionNewChannelReq
 .text.RegionTxParamSetupReq
                0x000133c0       0x2c ./drivers/mac/region/Region.o
                0x000133c0                RegionTxParamSetupReq
 .text.RegionDlChannelReq
                0x000133ec       0x2c ./drivers/mac/region/Region.o
                0x000133ec                RegionDlChannelReq
 .text.RegionAlternateDr
                0x00013418       0x46 ./drivers/mac/region/Region.o
                0x00013418                RegionAlternateDr
 .text.RegionCalcBackOff
                0x0001345e       0x2a ./drivers/mac/region/Region.o
                0x0001345e                RegionCalcBackOff
 .text.RegionNextChannel
                0x00013488       0x36 ./drivers/mac/region/Region.o
                0x00013488                RegionNextChannel
 .text.RegionSetContinuousWave
                0x000134be       0x2a ./drivers/mac/region/Region.o
                0x000134be                RegionSetContinuousWave
 .text.RegionApplyDrOffset
                0x000134e8       0x54 ./drivers/mac/region/Region.o
                0x000134e8                RegionApplyDrOffset
 .text.GetNextLowerTxDr
                0x0001353c       0x66 ./drivers/mac/region/RegionAU915.o
 .text.LimitTxPower
                0x000135a2       0x50 ./drivers/mac/region/RegionAU915.o
 .text.CountNbOfEnabledChannels
                0x000135f2      0x19c ./drivers/mac/region/RegionAU915.o
 .text.RegionAU915RxParamSetupReq
                0x0001378e       0xaa ./drivers/mac/region/RegionAU915.o
                0x0001378e                RegionAU915RxParamSetupReq
 .text.RegionAU915NewChannelReq
                0x00013838       0x12 ./drivers/mac/region/RegionAU915.o
                0x00013838                RegionAU915NewChannelReq
 .text.RegionAU915TxParamSetupReq
                0x0001384a       0x12 ./drivers/mac/region/RegionAU915.o
                0x0001384a                RegionAU915TxParamSetupReq
 .text.RegionAU915DlChannelReq
                0x0001385c       0x12 ./drivers/mac/region/RegionAU915.o
                0x0001385c                RegionAU915DlChannelReq
 .text.CountChannels
                0x0001386e       0x78 ./drivers/mac/region/RegionCommon.o
 .text.RegionCommonChanVerifyDr
                0x000138e6      0x134 ./drivers/mac/region/RegionCommon.o
                0x000138e6                RegionCommonChanVerifyDr
 .text.RegionCommonValueInRange
                0x00013a1a       0x4c ./drivers/mac/region/RegionCommon.o
                0x00013a1a                RegionCommonValueInRange
 .text.RegionCommonChanDisable
                0x00013a66       0x84 ./drivers/mac/region/RegionCommon.o
                0x00013a66                RegionCommonChanDisable
 .text.RegionCommonCountChannels
                0x00013aea       0x82 ./drivers/mac/region/RegionCommon.o
                0x00013aea                RegionCommonCountChannels
 .text.RegionCommonChanMaskCopy
                0x00013b6c       0x5e ./drivers/mac/region/RegionCommon.o
                0x00013b6c                RegionCommonChanMaskCopy
 .text.RegionCommonSetBandTxDone
                0x00013bca       0x36 ./drivers/mac/region/RegionCommon.o
                0x00013bca                RegionCommonSetBandTxDone
 .text.RegionCommonUpdateBandTimeOff
                0x00013c00      0x18e ./drivers/mac/region/RegionCommon.o
                0x00013c00                RegionCommonUpdateBandTimeOff
 .text.RegionCommonParseLinkAdrReq
                0x00013d8e       0xac ./drivers/mac/region/RegionCommon.o
                0x00013d8e                RegionCommonParseLinkAdrReq
 .text.RegionCommonLinkAdrReqVerifyParams
                0x00013e3a      0x14a ./drivers/mac/region/RegionCommon.o
                0x00013e3a                RegionCommonLinkAdrReqVerifyParams
 .text.RegionCommonComputeTxPower
                0x00013f84       0x70 ./drivers/mac/region/RegionCommon.o
                0x00013f84                RegionCommonComputeTxPower
 .text.RegionCommonCalcBackOff
                0x00013ff4      0x11a ./drivers/mac/region/RegionCommon.o
                0x00013ff4                RegionCommonCalcBackOff
 .text.ProcessRadioRxError
                0x0001410e       0x12 ./drivers/mac/LoRaMac.o
 .text.ProcessRadioRxTimeout
                0x00014120       0x12 ./drivers/mac/LoRaMac.o
 .text.CheckToDisableAckTimeout
                0x00014132       0x52 ./drivers/mac/LoRaMac.o
 .text.ValidatePayloadLength
                0x00014184       0x7c ./drivers/mac/LoRaMac.o
 .text.RemoveMacCommands
                0x00014200       0x50 ./drivers/mac/LoRaMac.o
 .text.DetermineFrameType
                0x00014250       0x9a ./drivers/mac/LoRaMac.o
                0x00014250                DetermineFrameType
 .text.EventMacNvmCtxChanged
                0x000142ea       0x10 ./drivers/mac/LoRaMac.o
 .text.EventRegionNvmCtxChanged
                0x000142fa       0x10 ./drivers/mac/LoRaMac.o
 .text.EventCryptoNvmCtxChanged
                0x0001430a       0x10 ./drivers/mac/LoRaMac.o
 .text.EventSecureElementNvmCtxChanged
                0x0001431a       0x10 ./drivers/mac/LoRaMac.o
 .text.EventCommandsNvmCtxChanged
                0x0001432a       0x10 ./drivers/mac/LoRaMac.o
 .text.EventClassBNvmCtxChanged
                0x0001433a       0x10 ./drivers/mac/LoRaMac.o
 .text.EventConfirmQueueNvmCtxChanged
                0x0001434a       0x10 ./drivers/mac/LoRaMac.o
 .text.EventFCntHandlerNvmCtxChanged
                0x0001435a       0x10 ./drivers/mac/LoRaMac.o
 .text.CalcNextV10X
                0x0001436a      0x1b0 ./drivers/mac/LoRaMacAdr.o
 .text.LoRaMacAdrCalcNext
                0x0001451a       0x30 ./drivers/mac/LoRaMacAdr.o
                0x0001451a                LoRaMacAdrCalcNext
 .text.LoRaMacClassBInit
                0x0001454a       0x14 ./drivers/mac/LoRaMacClassB.o
                0x0001454a                LoRaMacClassBInit
 .text.LoRaMacClassBRestoreNvmCtx
                0x0001455e       0x12 ./drivers/mac/LoRaMacClassB.o
                0x0001455e                LoRaMacClassBRestoreNvmCtx
 .text.LoRaMacClassBGetNvmCtx
                0x00014570       0x18 ./drivers/mac/LoRaMacClassB.o
                0x00014570                LoRaMacClassBGetNvmCtx
 .text.LoRaMacClassBSetBeaconState
                0x00014588       0x14 ./drivers/mac/LoRaMacClassB.o
                0x00014588                LoRaMacClassBSetBeaconState
 .text.LoRaMacClassBSetPingSlotState
                0x0001459c       0x14 ./drivers/mac/LoRaMacClassB.o
                0x0001459c                LoRaMacClassBSetPingSlotState
 .text.LoRaMacClassBSetMulticastSlotState
                0x000145b0       0x14 ./drivers/mac/LoRaMacClassB.o
                0x000145b0                LoRaMacClassBSetMulticastSlotState
 .text.LoRaMacClassBIsAcquisitionInProgress
                0x000145c4        0xc ./drivers/mac/LoRaMacClassB.o
                0x000145c4                LoRaMacClassBIsAcquisitionInProgress
 .text.LoRaMacClassBBeaconTimerEvent
                0x000145d0       0x10 ./drivers/mac/LoRaMacClassB.o
                0x000145d0                LoRaMacClassBBeaconTimerEvent
 .text.LoRaMacClassBPingSlotTimerEvent
                0x000145e0       0x10 ./drivers/mac/LoRaMacClassB.o
                0x000145e0                LoRaMacClassBPingSlotTimerEvent
 .text.LoRaMacClassBMulticastSlotTimerEvent
                0x000145f0       0x10 ./drivers/mac/LoRaMacClassB.o
                0x000145f0                LoRaMacClassBMulticastSlotTimerEvent
 .text.LoRaMacClassBRxBeacon
                0x00014600       0x18 ./drivers/mac/LoRaMacClassB.o
                0x00014600                LoRaMacClassBRxBeacon
 .text.LoRaMacClassBIsBeaconExpected
                0x00014618        0xc ./drivers/mac/LoRaMacClassB.o
                0x00014618                LoRaMacClassBIsBeaconExpected
 .text.LoRaMacClassBIsPingExpected
                0x00014624        0xc ./drivers/mac/LoRaMacClassB.o
                0x00014624                LoRaMacClassBIsPingExpected
 .text.LoRaMacClassBIsMulticastExpected
                0x00014630        0xc ./drivers/mac/LoRaMacClassB.o
                0x00014630                LoRaMacClassBIsMulticastExpected
 .text.LoRaMacClassBIsBeaconModeActive
                0x0001463c        0xc ./drivers/mac/LoRaMacClassB.o
                0x0001463c                LoRaMacClassBIsBeaconModeActive
 .text.LoRaMacClassBSetPingSlotInfo
                0x00014648       0x14 ./drivers/mac/LoRaMacClassB.o
                0x00014648                LoRaMacClassBSetPingSlotInfo
 .text.LoRaMacClassBHaltBeaconing
                0x0001465c        0xa ./drivers/mac/LoRaMacClassB.o
                0x0001465c                LoRaMacClassBHaltBeaconing
 .text.LoRaMacClassBResumeBeaconing
                0x00014666        0xa ./drivers/mac/LoRaMacClassB.o
                0x00014666                LoRaMacClassBResumeBeaconing
 .text.LoRaMacClassBSwitchClass
                0x00014670       0x16 ./drivers/mac/LoRaMacClassB.o
                0x00014670                LoRaMacClassBSwitchClass
 .text.LoRaMacClassBMibGetRequestConfirm
                0x00014686       0x12 ./drivers/mac/LoRaMacClassB.o
                0x00014686                LoRaMacClassBMibGetRequestConfirm
 .text.LoRaMacMibClassBSetRequestConfirm
                0x00014698       0x12 ./drivers/mac/LoRaMacClassB.o
                0x00014698                LoRaMacMibClassBSetRequestConfirm
 .text.LoRaMacClassBPingSlotInfoAns
                0x000146aa        0xa ./drivers/mac/LoRaMacClassB.o
                0x000146aa                LoRaMacClassBPingSlotInfoAns
 .text.LoRaMacClassBPingSlotChannelReq
                0x000146b4       0x18 ./drivers/mac/LoRaMacClassB.o
                0x000146b4                LoRaMacClassBPingSlotChannelReq
 .text.LoRaMacClassBBeaconTimingAns
                0x000146cc       0x1c ./drivers/mac/LoRaMacClassB.o
                0x000146cc                LoRaMacClassBBeaconTimingAns
 .text.LoRaMacClassBDeviceTimeAns
                0x000146e8        0xa ./drivers/mac/LoRaMacClassB.o
                0x000146e8                LoRaMacClassBDeviceTimeAns
 .text.LoRaMacClassBBeaconFreqReq
                0x000146f2       0x12 ./drivers/mac/LoRaMacClassB.o
                0x000146f2                LoRaMacClassBBeaconFreqReq
 .text.LoRaMacClassBIsUplinkCollision
                0x00014704       0x12 ./drivers/mac/LoRaMacClassB.o
                0x00014704                LoRaMacClassBIsUplinkCollision
 .text.LoRaMacClassBStopRxSlots
                0x00014716        0xa ./drivers/mac/LoRaMacClassB.o
                0x00014716                LoRaMacClassBStopRxSlots
 .text.LoRaMacClassBProcess
                0x00014720        0xa ./drivers/mac/LoRaMacClassB.o
                0x00014720                LoRaMacClassBProcess
 .text.isSlotFree
                0x0001472a       0x4a ./drivers/mac/LoRaMacCommands.o
                0x0001472a                isSlotFree
 .text.freeMacCommandSlot
                0x00014774       0x28 ./drivers/mac/LoRaMacCommands.o
                0x00014774                freeMacCommandSlot
 .text.linkedListInit
                0x0001479c       0x28 ./drivers/mac/LoRaMacCommands.o
 .text.linkedListAdd
                0x000147c4       0x4e ./drivers/mac/LoRaMacCommands.o
 .text.linkedListGetPrevious
                0x00014812       0x50 ./drivers/mac/LoRaMacCommands.o
 .text.linkedListRemove
                0x00014862       0x6a ./drivers/mac/LoRaMacCommands.o
 .text.IsSticky
                0x000148cc       0x2a ./drivers/mac/LoRaMacCommands.o
 .text.GetElement
                0x000148f6       0x48 ./drivers/mac/LoRaMacConfirmQueue.o
 .text.PayloadEncrypt
                0x0001493e      0x188 ./drivers/mac/LoRaMacCrypto.o
 .text.FOptsEncrypt
                0x00014ac6      0x16a ./drivers/mac/LoRaMacCrypto.o
 .text.ComputeCmac
                0x00014c30       0x42 ./drivers/mac/LoRaMacCrypto.o
 .text.VerifyCmac
                0x00014c72       0x42 ./drivers/mac/LoRaMacCrypto.o
 .text.DummyCB  0x00014cb4        0xa ./drivers/mac/LoRaMacCrypto.o
 .text.LoRaMacCryptoSetKey
                0x00014cbe       0x2e ./drivers/mac/LoRaMacCrypto.o
                0x00014cbe                LoRaMacCryptoSetKey
 .text.LoRaMacParserJoinAccept
                0x00014cec      0x1e2 ./drivers/mac/LoRaMacParser.o
                0x00014cec                LoRaMacParserJoinAccept
 .text.LoRaMacParserData
                0x00014ece      0x224 ./drivers/mac/LoRaMacParser.o
                0x00014ece                LoRaMacParserData
 .text.LoRaMacSerializerJoinRequest
                0x000150f2      0x136 ./drivers/mac/LoRaMacSerializer.o
                0x000150f2                LoRaMacSerializerJoinRequest
 .text.LoRaMacSerializerData
                0x00015228      0x25a ./drivers/mac/LoRaMacSerializer.o
                0x00015228                LoRaMacSerializerData
 .text.OSC_SetExtRefClkConfig
                0x00015482       0x3e ./drivers/fsl_clock.o
 .text.OSC_SetCapLoad
                0x000154c0       0x42 ./drivers/fsl_clock.o
 .text.CLOCK_GetPll0RefFreq
                0x00015502       0x10 ./drivers/fsl_clock.o
 .text.CLOCK_GetFixedFreqClkFreq
                0x00015512       0x30 ./drivers/fsl_clock.o
                0x00015512                CLOCK_GetFixedFreqClkFreq
 .text.CLOCK_SetExternalRefClkConfig
                0x00015542       0x16 ./drivers/fsl_clock.o
                0x00015542                CLOCK_SetExternalRefClkConfig
 .text.GPIO_PinWrite
                0x00015558       0x34 ./drivers/fsl_gpio.o
 .text.GPIO_WritePinOutput
                0x0001558c       0x24 ./drivers/fsl_gpio.o
 .text.SPI_ReadNonBlocking
                0x000155b0       0x96 ./drivers/fsl_spi.o
 .text.SPI_MasterSetBaudRate
                0x00015646       0xb8 ./drivers/fsl_spi.o
                0x00015646                SPI_MasterSetBaudRate
 .text.SPI_WriteData
                0x000156fe       0x2e ./drivers/fsl_spi.o
                0x000156fe                SPI_WriteData
 .text.SPI_ReadData
                0x0001572c       0x3c ./drivers/fsl_spi.o
                0x0001572c                SPI_ReadData
 .text.BOARD_InitBootClocks
                0x00015768        0xe ./board/src/clock_config.o
                0x00015768                BOARD_InitBootClocks
 .text.EnableIRQ
                0x00015776       0x30 ./board/src/pin_mux.o
 .text.BoardCriticalSectionBegin
                0x000157a6       0x1e ./board/board.o
                0x000157a6                BoardCriticalSectionBegin
 .text.BoardCriticalSectionEnd
                0x000157c4       0x1e ./board/board.o
                0x000157c4                BoardCriticalSectionEnd
 .text.BoardGetRandomSeed
                0x000157e2        0xc ./board/board.o
                0x000157e2                BoardGetRandomSeed
 .text.BoardGetUniqueId
                0x000157ee       0x10 ./board/board.o
                0x000157ee                BoardGetUniqueId
 .text.BoardGetBatteryLevel
                0x000157fe        0xc ./board/board.o
                0x000157fe                BoardGetBatteryLevel
 .text.BoardLowPowerHandler
                0x0001580a        0xe ./board/board.o
                0x0001580a                BoardLowPowerHandler
 .text.DelayMsMcu
                0x00015818       0x18 ./board/delay-board.o
                0x00015818                DelayMsMcu
 .text.PORT_GetPinsInterruptFlags
                0x00015830       0x16 ./board/gpio-board.o
 .text.GPIO_PinWrite
                0x00015846       0x34 ./board/gpio-board.o
 .text.GPIO_WritePinOutput
                0x0001587a       0x24 ./board/gpio-board.o
 .text.GpioMcuWrite
                0x0001589e       0x38 ./board/gpio-board.o
                0x0001589e                GpioMcuWrite
 .text.EnableIRQ
                0x000158d6       0x30 ./board/rtc-board.o
 .text.PIT_EnableInterrupts
                0x00015906       0x42 ./board/rtc-board.o
 .text.PIT_ClearStatusFlags
                0x00015948       0x2e ./board/rtc-board.o
 .text.PIT_SetTimerPeriod
                0x00015976       0x28 ./board/rtc-board.o
 .text.PIT_StartTimer
                0x0001599e       0x3e ./board/rtc-board.o
 .text.RtcMs2Tick
                0x000159dc       0x12 ./board/rtc-board.o
                0x000159dc                RtcMs2Tick
 .text.RtcTick2Ms
                0x000159ee       0x32 ./board/rtc-board.o
                0x000159ee                RtcTick2Ms
 .text.RtcGetMinimumTimeout
                0x00015a20        0xc ./board/rtc-board.o
                0x00015a20                RtcGetMinimumTimeout
 .text.RtcSetAlarm
                0x00015a2c       0x18 ./board/rtc-board.o
                0x00015a2c                RtcSetAlarm
 .text.SX1276IoIrqInit
                0x00015a44       0x54 ./board/sx1276-board.o
                0x00015a44                SX1276IoIrqInit
 .text.SX1276SetBoardTcxo
                0x00015a98       0x14 ./board/sx1276-board.o
 .text.SX1276GetBoardTcxoWakeupTime
                0x00015aac        0xc ./board/sx1276-board.o
                0x00015aac                SX1276GetBoardTcxoWakeupTime
 .text.SX1276GetPaSelect
                0x00015ab8       0x12 ./board/sx1276-board.o
 .text.SX1276SetAntSw
                0x00015aca       0x14 ./board/sx1276-board.o
                0x00015aca                SX1276SetAntSw
 .text.SX1276CheckRfFrequency
                0x00015ade       0x12 ./board/sx1276-board.o
                0x00015ade                SX1276CheckRfFrequency
 .text.randr    0x00015af0       0x2c ./board/utilities.o
                0x00015af0                randr
 .text.memcpy1  0x00015b1c       0x36 ./board/utilities.o
                0x00015b1c                memcpy1
 .text.memcpyr  0x00015b52       0x42 ./board/utilities.o
                0x00015b52                memcpyr
 .text.memset1  0x00015b94       0x3c ./board/utilities.o
                0x00015b94                memset1
 .text.SystemInitHook
                0x00015bd0        0xa ./CMSIS/system_MKL46Z4.o
                0x00015bd0                SystemInitHook
 .text.__main   0x00015bda        0xc c:/nxp/mcuxpressoide_10.2.0_759/ide/tools/bin/../lib/gcc/arm-none-eabi/7.2.1/../../../../arm-none-eabi/lib/thumb/v6-m\libcr_semihost_nf.a(_cr__main.o)
                0x00015bda                __CR_SEMIHOST
                0x00015bda                __main
 .text.memset   0x00015be6        0x8 c:/nxp/mcuxpressoide_10.2.0_759/ide/tools/bin/../lib/gcc/arm-none-eabi/7.2.1/../../../../arm-none-eabi/lib/thumb/v6-m\libcr_c.a(memset.o)
                0x00015be6                memset
 .text.free     0x00015bee       0x2c c:/nxp/mcuxpressoide_10.2.0_759/ide/tools/bin/../lib/gcc/arm-none-eabi/7.2.1/../../../../arm-none-eabi/lib/thumb/v6-m\libcr_c.a(alloc.o)
                0x00015bee                free
 .text.fputs    0x00015c1a       0x2e c:/nxp/mcuxpressoide_10.2.0_759/ide/tools/bin/../lib/gcc/arm-none-eabi/7.2.1/../../../../arm-none-eabi/lib/thumb/v6-m\libcr_c.a(fputs.o)
                0x00015c1a                fputs
 .text.no_fp_display
                0x00015c48        0x4 c:/nxp/mcuxpressoide_10.2.0_759/ide/tools/bin/../lib/gcc/arm-none-eabi/7.2.1/../../../../arm-none-eabi/lib/thumb/v6-m\libcr_c.a(printf.o)
 .text.remove   0x00015c4c       0x12 c:/nxp/mcuxpressoide_10.2.0_759/ide/tools/bin/../lib/gcc/arm-none-eabi/7.2.1/../../../../arm-none-eabi/lib/thumb/v6-m\libcr_c.a(remove.o)
                0x00015c4c                remove
 .text.__aeabi_division_idivmod
                0x00015c5e       0x78 c:/nxp/mcuxpressoide_10.2.0_759/ide/tools/bin/../lib/gcc/arm-none-eabi/7.2.1/thumb/v6-m\libcr_eabihelpers.a(division_32.o)
                0x00015c5e                __aeabi_idivmod
                0x00015c5e                __aeabi_idiv
                0x00015c64                __aeabi_uidivmod
                0x00015c64                __aeabi_uidiv
 .text.__aeabi_division_uldivmod
                0x00015cd6       0x5a c:/nxp/mcuxpressoide_10.2.0_759/ide/tools/bin/../lib/gcc/arm-none-eabi/7.2.1/thumb/v6-m\libcr_eabihelpers.a(division_64.o)
                0x00015cd6                __aeabi_uldivmod
 .text.__aeabi_division_idiv0
                0x00015d30        0x2 c:/nxp/mcuxpressoide_10.2.0_759/ide/tools/bin/../lib/gcc/arm-none-eabi/7.2.1/thumb/v6-m\libcr_eabihelpers.a(division_idiv0.o)
                0x00015d30                __aeabi_idiv0
 .text.__bhs_ui2d
                0x00015d32       0x5e c:/nxp/mcuxpressoide_10.2.0_759/ide/tools/bin/../lib/gcc/arm-none-eabi/7.2.1/thumb/v6-m\libcr_eabihelpers.a(double.o)
                0x00015d32                __bhs_ui2d
 .text.__aeabi_i2d
                0x00015d90       0x18 c:/nxp/mcuxpressoide_10.2.0_759/ide/tools/bin/../lib/gcc/arm-none-eabi/7.2.1/thumb/v6-m\libcr_eabihelpers.a(double.o)
                0x00015d90                __aeabi_i2d
 .text.__aeabi_ui2d
                0x00015da8        0xc c:/nxp/mcuxpressoide_10.2.0_759/ide/tools/bin/../lib/gcc/arm-none-eabi/7.2.1/thumb/v6-m\libcr_eabihelpers.a(double.o)
                0x00015da8                __aeabi_ui2d
 .text.__bhs_ui2f
                0x00015db4       0x62 c:/nxp/mcuxpressoide_10.2.0_759/ide/tools/bin/../lib/gcc/arm-none-eabi/7.2.1/thumb/v6-m\libcr_eabihelpers.a(float.o)
                0x00015db4                __bhs_ui2f
 .text.__aeabi_ui2f
                0x00015e16        0xc c:/nxp/mcuxpressoide_10.2.0_759/ide/tools/bin/../lib/gcc/arm-none-eabi/7.2.1/thumb/v6-m\libcr_eabihelpers.a(float.o)
                0x00015e16                __aeabi_ui2f
 .text.__aeabi_llong_lmul
                0x00015e22       0x2e c:/nxp/mcuxpressoide_10.2.0_759/ide/tools/bin/../lib/gcc/arm-none-eabi/7.2.1/thumb/v6-m\libcr_eabihelpers.a(llong.o)
                0x00015e22                __aeabi_lmul
 .text.__aeabi_memset_lowlevel
                0x00015e50       0x2a c:/nxp/mcuxpressoide_10.2.0_759/ide/tools/bin/../lib/gcc/arm-none-eabi/7.2.1/thumb/v6-m\libcr_eabihelpers.a(memcpy.o)
                0x00015e50                __aeabi_lowlevel_memset
 .text.__sys_close
                0x00015e7a        0xc c:/nxp/mcuxpressoide_10.2.0_759/ide/tools/bin/../lib/gcc/arm-none-eabi/7.2.1/../../../../arm-none-eabi/lib/thumb/v6-m\libcr_semihost_nf.a(__sys_close.o)
                0x00015e7a                __sys_close
 .text.__sys_flen
                0x00015e86        0xc c:/nxp/mcuxpressoide_10.2.0_759/ide/tools/bin/../lib/gcc/arm-none-eabi/7.2.1/../../../../arm-none-eabi/lib/thumb/v6-m\libcr_semihost_nf.a(__sys_flen.o)
                0x00015e86                __sys_flen
 .text.__sys_istty
                0x00015e92        0xc c:/nxp/mcuxpressoide_10.2.0_759/ide/tools/bin/../lib/gcc/arm-none-eabi/7.2.1/../../../../arm-none-eabi/lib/thumb/v6-m\libcr_semihost_nf.a(__sys_istty.o)
                0x00015e92                __sys_istty
 .text.__sys_remove
                0x00015e9e        0xc c:/nxp/mcuxpressoide_10.2.0_759/ide/tools/bin/../lib/gcc/arm-none-eabi/7.2.1/../../../../arm-none-eabi/lib/thumb/v6-m\libcr_semihost_nf.a(__sys_remove.o)
                0x00015e9e                __sys_remove
 .text.__sys_seek
                0x00015eaa        0xc c:/nxp/mcuxpressoide_10.2.0_759/ide/tools/bin/../lib/gcc/arm-none-eabi/7.2.1/../../../../arm-none-eabi/lib/thumb/v6-m\libcr_semihost_nf.a(__sys_seek.o)
                0x00015eaa                __sys_seek
 .text.__sys_tmpnam
                0x00015eb6        0xc c:/nxp/mcuxpressoide_10.2.0_759/ide/tools/bin/../lib/gcc/arm-none-eabi/7.2.1/../../../../arm-none-eabi/lib/thumb/v6-m\libcr_semihost_nf.a(__sys_tmpnam.o)
                0x00015eb6                __sys_tmpnam
 .text.__sys_write
                0x00015ec2        0xc c:/nxp/mcuxpressoide_10.2.0_759/ide/tools/bin/../lib/gcc/arm-none-eabi/7.2.1/../../../../arm-none-eabi/lib/thumb/v6-m\libcr_semihost_nf.a(__sys_write.o)
                0x00015ec2                __sys_write
 *(SORT_BY_ALIGNMENT(.rodata) SORT_BY_ALIGNMENT(.rodata.*) SORT_BY_ALIGNMENT(.constdata) SORT_BY_ALIGNMENT(.constdata.*))
 *fill*         0x00015ece        0x2 ff
 .rodata        0x00015ed0       0x50 ./utilities/fsl_debug_console.o
 .rodata        0x00015f20       0x27 ./utilities/fsl_io.o
 *fill*         0x00015f47        0x1 ff
 .rodata        0x00015f48      0x841 ./source/main.o
 *fill*         0x00016789        0x3 ff
 .rodata.McpsIndication
                0x0001678c       0x20 ./source/main.o
 .rodata.main   0x000167ac       0x18 ./source/main.o
 .rodata.sbox   0x000167c4      0x100 ./drivers/soft-se/aes.o
 .rodata.gfm2_sbox
                0x000168c4      0x100 ./drivers/soft-se/aes.o
 .rodata.gfm3_sbox
                0x000169c4      0x100 ./drivers/soft-se/aes.o
 .rodata.RadioRegsInit
                0x00016ac4       0x30 ./drivers/radio/sx1276/sx1276.o
                0x00016ac4                RadioRegsInit
 .rodata.FskBandwidths
                0x00016af4       0xb0 ./drivers/radio/sx1276/sx1276.o
                0x00016af4                FskBandwidths
 .rodata.SX1276SetRx
                0x00016ba4       0x24 ./drivers/radio/sx1276/sx1276.o
 .rodata.DataratesAU915
                0x00016bc8       0x10 ./drivers/mac/region/RegionAU915.o
 .rodata.BandwidthsAU915
                0x00016bd8       0x40 ./drivers/mac/region/RegionAU915.o
 .rodata.DatarateOffsetsAU915
                0x00016c18       0x2a ./drivers/mac/region/RegionAU915.o
 *fill*         0x00016c42        0x2 ff
 .rodata.MaxPayloadOfDatarateDwell0AU915
                0x00016c44        0xe ./drivers/mac/region/RegionAU915.o
 *fill*         0x00016c52        0x2 ff
 .rodata.MaxPayloadOfDatarateRepeaterDwell0AU915
                0x00016c54        0xe ./drivers/mac/region/RegionAU915.o
 *fill*         0x00016c62        0x2 ff
 .rodata.MaxPayloadOfDatarateDwell1AU915
                0x00016c64        0xe ./drivers/mac/region/RegionAU915.o
 *fill*         0x00016c72        0x2 ff
 .rodata.MaxPayloadOfDatarateRepeaterDwell1AU915
                0x00016c74        0xe ./drivers/mac/region/RegionAU915.o
 *fill*         0x00016c82        0x2 ff
 .rodata.RegionAU915GetPhyParam
                0x00016c84       0xd4 ./drivers/mac/region/RegionAU915.o
 .rodata.RegionAU915Verify
                0x00016d58       0x2c ./drivers/mac/region/RegionAU915.o
 .rodata.LoRaMacMaxEirpTable
                0x00016d84       0x10 ./drivers/mac/LoRaMac.o
 .rodata.ProcessMacCommands
                0x00016d94       0x50 ./drivers/mac/LoRaMac.o
 .rodata.LoRaMacMibGetRequestConfirm
                0x00016de4       0xc0 ./drivers/mac/LoRaMac.o
 .rodata.LoRaMacMibSetRequestConfirm
                0x00016ea4       0xc4 ./drivers/mac/LoRaMac.o
 .rodata.LoRaMacMlmeRequest
                0x00016f68       0x38 ./drivers/mac/LoRaMac.o
 .rodata.CIDsStickyAnsCmds
                0x00016fa0        0x3 ./drivers/mac/LoRaMacCommands.o
                0x00016fa0                CIDsStickyAnsCmds
 *fill*         0x00016fa3        0x1 ff
 .rodata.CheckFCntDown
                0x00016fa4       0x20 ./drivers/mac/LoRaMacCrypto.o
 .rodata.UpdateFCntDown
                0x00016fc4       0x20 ./drivers/mac/LoRaMacCrypto.o
 .rodata.LoRaMacGetFCntDown
                0x00016fe4       0x14 ./drivers/mac/LoRaMacFCntHandler.o
 .rodata.LoRaMacSetFCntDown
                0x00016ff8       0x20 ./drivers/mac/LoRaMacFCntHandler.o
 .rodata        0x00017018      0x11d ./drivers/fsl_clock.o
 *fill*         0x00017135        0x3 ff
 .rodata.CLOCK_GetFreq
                0x00017138       0x34 ./drivers/fsl_clock.o
 .rodata.fllFactorTable.5381
                0x0001716c       0x10 ./drivers/fsl_clock.o
 .rodata.s_portBases
                0x0001717c       0x14 ./drivers/fsl_gpio.o
 .rodata.s_gpioBases
                0x00017190       0x14 ./drivers/fsl_gpio.o
 .rodata        0x000171a4       0xc7 ./drivers/fsl_gpio.o
 *fill*         0x0001726b        0x1 ff
 .rodata        0x0001726c      0x48c ./drivers/fsl_lpsci.o
 .rodata        0x000176f8       0x5d ./drivers/fsl_pit.o
 *fill*         0x00017755        0x3 ff
 .rodata.s_spiBases
                0x00017758        0x8 ./drivers/fsl_spi.o
 .rodata.s_spiClock
                0x00017760        0x8 ./drivers/fsl_spi.o
 .rodata        0x00017768      0x213 ./drivers/fsl_spi.o
 *fill*         0x0001797b        0x1 ff
 .rodata.s_uartBases
                0x0001797c        0xc ./drivers/fsl_uart.o
 .rodata.s_uartClock
                0x00017988        0xc ./drivers/fsl_uart.o
 .rodata        0x00017994      0x45b ./drivers/fsl_uart.o
 *fill*         0x00017def        0x1 ff
 .rodata.mcgConfig_BOARD_BootClockRUN
                0x00017df0        0xa ./board/src/clock_config.o
                0x00017df0                mcgConfig_BOARD_BootClockRUN
 *fill*         0x00017dfa        0x2 ff
 .rodata.simConfig_BOARD_BootClockRUN
                0x00017dfc        0x8 ./board/src/clock_config.o
                0x00017dfc                simConfig_BOARD_BootClockRUN
 .rodata.oscConfig_BOARD_BootClockRUN
                0x00017e04        0x8 ./board/src/clock_config.o
                0x00017e04                oscConfig_BOARD_BootClockRUN
 .rodata        0x00017e0c       0x26 ./board/src/pin_mux.o
 *fill*         0x00017e32        0x2 ff
 .rodata.GpioMcuInit
                0x00017e34       0x14 ./board/gpio-board.o
 .rodata        0x00017e48       0x22 ./board/rtc-board.o
 *fill*         0x00017e6a        0x2 ff
 .rodata.Radio  0x00017e6c       0x6c ./board/sx1276-board.o
                0x00017e6c                Radio
 .rodata.__num_Ciob_streams
                0x00017ed8        0x4 c:/nxp/mcuxpressoide_10.2.0_759/ide/tools/bin/../lib/gcc/arm-none-eabi/7.2.1/../../../../arm-none-eabi/lib/thumb/v6-m\libcr_semihost_nf.a(__ciob.o)
                0x00017ed8                __num_Ciob_streams
 .rodata.__assertion_failed.str1.1
                0x00017edc       0x15 c:/nxp/mcuxpressoide_10.2.0_759/ide/tools/bin/../lib/gcc/arm-none-eabi/7.2.1/../../../../arm-none-eabi/lib/thumb/v6-m\libcr_semihost_nf.a(_cr_assert.o)
 .rodata._Csys_alloc.str1.1
                0x00017ef1       0x18 c:/nxp/mcuxpressoide_10.2.0_759/ide/tools/bin/../lib/gcc/arm-none-eabi/7.2.1/../../../../arm-none-eabi/lib/thumb/v6-m\libcr_c.a(alloc.o)
 .rodata._initio.str1.1
                0x00017f09        0x4 c:/nxp/mcuxpressoide_10.2.0_759/ide/tools/bin/../lib/gcc/arm-none-eabi/7.2.1/../../../../arm-none-eabi/lib/thumb/v6-m\libcr_c.a(initio.o)
 .rodata.__vfprintf.str1.1