12:44:53 **** Incremental Build of configuration Debug for project frdmkl46z_LoraWan_spi_polling_b2b_transfer_master ****
make -r -j4 all 
Building file: ../source/main.c
Invoking: MCU C Compiler
arm-none-eabi-gcc -std=gnu99 -D__REDLIB__ -DCPU_MKL46Z256VLL4 -DCPU_MKL46Z256VLL4_cm0plus -DFRDM_KL46Z -DFREEDOM -DSDK_DEBUGCONSOLE=0 -DCR_INTEGER_PRINTF -DPRINTF_FLOAT_ENABLE=0 -D__MCUXPRESSO -D__USE_CMSIS -DDEBUG -I../CMSIS -I../drivers -I../utilities -I../board -I../source -I../ -I../startup -I../board/src -O0 -fno-common -g -Wall -c  -ffunction-sections  -fdata-sections  -ffreestanding  -fno-builtin -mcpu=cortex-m0plus -mthumb -D__REDLIB__ -specs=redlib.specs -MMD -MP -MF"source/main.d" -MT"source/main.o" -MT"source/main.d" -o "source/main.o" "../source/main.c"
Finished building: ../source/main.c
 
Building target: frdmkl46z_LoraWan_spi_polling_b2b_transfer_master.axf
Invoking: MCU Linker
arm-none-eabi-gcc -nostdlib -Xlinker -Map="frdmkl46z_LoraWan_spi_polling_b2b_transfer_master.map" -Xlinker --gc-sections -Xlinker -print-memory-usage -Xlinker --sort-section=alignment -mcpu=cortex-m0plus -mthumb -T frdmkl46z_LoraWan_spi_polling_b2b_transfer_master_Debug.ld -o "frdmkl46z_LoraWan_spi_polling_b2b_transfer_master.axf"  ./utilities/fsl_assert.o ./utilities/fsl_debug_console.o ./utilities/fsl_io.o ./utilities/fsl_log.o ./utilities/fsl_str.o  ./startup/startup_mkl46z4.o  ./source/NvmCtxMgmt.o ./source/main.o ./source/mtb.o ./source/semihost_hardfault.o  ./drivers/sx1276/sx1276.o  ./drivers/soft-se/aes.o ./drivers/soft-se/cmac.o ./drivers/soft-se/soft-se.o  ./drivers/region/Region.o ./drivers/region/RegionAU915.o ./drivers/region/RegionCommon.o  ./drivers/LoRaMac.o ./drivers/LoRaMacAdr.o ./drivers/LoRaMacClassB.o ./drivers/LoRaMacCommands.o ./drivers/LoRaMacConfirmQueue.o ./drivers/LoRaMacCrypto.o ./drivers/LoRaMacFCntHandler.o ./drivers/LoRaMacParser.o ./drivers/LoRaMacSerializer.o ./drivers/adc.o ./drivers/delay.o ./drivers/eeprom.o ./drivers/fifo.o ./drivers/fsl_clock.o ./drivers/fsl_common.o ./drivers/fsl_cop.o ./drivers/fsl_debug_console.o ./drivers/fsl_ftfx_cache.o ./drivers/fsl_ftfx_controller.o ./drivers/fsl_ftfx_flash.o ./drivers/fsl_ftfx_flexnvm.o ./drivers/fsl_gpio.o ./drivers/fsl_lpsci.o ./drivers/fsl_pit.o ./drivers/fsl_rtc.o ./drivers/fsl_smc.o ./drivers/fsl_spi.o ./drivers/fsl_tpm.o ./drivers/fsl_uart.o ./drivers/gpio-board.o ./drivers/gpio.o ./drivers/nvmm.o ./drivers/systime.o ./drivers/timer.o ./drivers/uart.o  ./board/src/board_46.o ./board/src/clock_config.o ./board/src/peripherals.o ./board/src/pin_mux.o  ./board/board.o ./board/delay-board.o ./board/eeprom-board.o ./board/rtc-board.o ./board/spi-board.o ./board/sx1276-board.o ./board/uart-board.o ./board/utilities.o  ./CMSIS/system_MKL46Z4.o   
Memory region         Used Size  Region Size  %age Used
   PROGRAM_FLASH:      102936 B       256 KB     39.27%
            SRAM:       10008 B        32 KB     30.54%
Finished building target: frdmkl46z_LoraWan_spi_polling_b2b_transfer_master.axf
 
make --no-print-directory post-build
Performing post-build steps
arm-none-eabi-size "frdmkl46z_LoraWan_spi_polling_b2b_transfer_master.axf"; # arm-none-eabi-objcopy -v -O binary "frdmkl46z_LoraWan_spi_polling_b2b_transfer_master.axf" "frdmkl46z_LoraWan_spi_polling_b2b_transfer_master.bin" ; # checksum -p MKL46Z256xxx4 -d "frdmkl46z_LoraWan_spi_polling_b2b_transfer_master.bin";
   text	   data	    bss	    dec	    hex	filename
 102592	    344	   9664	 112600	  1b7d8	frdmkl46z_LoraWan_spi_polling_b2b_transfer_master.axf
 

12:44:55 Build Finished (took 1s.874ms)

