21:33:18 **** Incremental Build of configuration Debug for project frdmkl46z_tpm_timer ****
make -r -j4 all 
Building file: ../board/board.c
Invoking: MCU C Compiler
arm-none-eabi-gcc -std=gnu99 -D__REDLIB__ -DCPU_MKL46Z256VLL4 -DCPU_MKL46Z256VLL4_cm0plus -DFRDM_KL46Z -DFREEDOM -DSDK_DEBUGCONSOLE=0 -DCR_INTEGER_PRINTF -DPRINTF_FLOAT_ENABLE=0 -D__MCUXPRESSO -D__USE_CMSIS -DDEBUG -I../board -I../source -I../ -I../drivers -I../CMSIS -I../startup -I../utilities -I../board/src -O0 -fno-common -g -Wall -c  -ffunction-sections  -fdata-sections  -ffreestanding  -fno-builtin -mcpu=cortex-m0plus -mthumb -D__REDLIB__ -specs=redlib.specs -MMD -MP -MF"board/board.d" -MT"board/board.o" -MT"board/board.d" -o "board/board.o" "../board/board.c"
In file included from ../CMSIS/MKL46Z4.h:190:0,
                 from ../board/board-config.h:37,
                 from ../board/board.c:26:
../board/board.c: In function 'BoardCriticalSectionBegin':
../CMSIS/core_cm0plus.h:697:39: warning: statement with no effect [-Wunused-value]
   #define NVIC_DisableIRQ             __NVIC_DisableIRQ
                                       ^
../board/board.c:63:5: note: in expansion of macro 'NVIC_DisableIRQ'
     NVIC_DisableIRQ;
     ^~~~~~~~~~~~~~~
../board/board.c: In function 'BoardCriticalSectionEnd':
../CMSIS/core_cm0plus.h:695:39: warning: statement with no effect [-Wunused-value]
   #define NVIC_EnableIRQ              __NVIC_EnableIRQ
                                       ^
../board/board.c:70:5: note: in expansion of macro 'NVIC_EnableIRQ'
     NVIC_EnableIRQ;
     ^~~~~~~~~~~~~~
../board/board.c: In function 'BoardInitMcu':
../board/board.c:86:2: warning: implicit declaration of function 'BOARD_InitDebugConsole'; did you mean 'BOARD_InitPeripherals'? [-Wimplicit-function-declaration]
  BOARD_InitDebugConsole();
  ^~~~~~~~~~~~~~~~~~~~~~
  BOARD_InitPeripherals
Finished building: ../board/board.c
 
Building target: frdmkl46z_tpm_timer.axf
Invoking: MCU Linker
arm-none-eabi-gcc -nostdlib -Xlinker -Map="frdmkl46z_tpm_timer.map" -Xlinker --gc-sections -Xlinker -print-memory-usage -Xlinker --sort-section=alignment -mcpu=cortex-m0plus -mthumb -T frdmkl46z_tpm_timer_Debug.ld -o "frdmkl46z_tpm_timer.axf"  ./utilities/fsl_assert.o ./utilities/fsl_debug_console.o ./utilities/fsl_io.o ./utilities/fsl_log.o ./utilities/fsl_str.o  ./startup/startup_mkl46z4.o  ./source/NvmCtxMgmt.o ./source/main.o  ./drivers/system/adc.o ./drivers/system/delay.o ./drivers/system/eeprom.o ./drivers/system/fifo.o ./drivers/system/gpio.o ./drivers/system/gps.o ./drivers/system/i2c.o ./drivers/system/nvmm.o ./drivers/system/systime.o ./drivers/system/timer.o ./drivers/system/uart.o  ./drivers/soft-se/aes.o ./drivers/soft-se/cmac.o ./drivers/soft-se/soft-se.o  ./drivers/radio/sx1276/sx1276.o  ./drivers/mac/region/Region.o ./drivers/mac/region/RegionAU915.o ./drivers/mac/region/RegionCommon.o  ./drivers/mac/LoRaMac.o ./drivers/mac/LoRaMacAdr.o ./drivers/mac/LoRaMacClassB.o ./drivers/mac/LoRaMacCommands.o ./drivers/mac/LoRaMacConfirmQueue.o ./drivers/mac/LoRaMacCrypto.o ./drivers/mac/LoRaMacFCntHandler.o ./drivers/mac/LoRaMacParser.o ./drivers/mac/LoRaMacSerializer.o  ./drivers/fsl_clock.o ./drivers/fsl_common.o ./drivers/fsl_ftfx_cache.o ./drivers/fsl_ftfx_controller.o ./drivers/fsl_ftfx_flash.o ./drivers/fsl_ftfx_flexnvm.o ./drivers/fsl_gpio.o ./drivers/fsl_lpsci.o ./drivers/fsl_pit.o ./drivers/fsl_rtc.o ./drivers/fsl_smc.o ./drivers/fsl_spi.o ./drivers/fsl_tpm.o ./drivers/fsl_uart.o  ./board/src/board_46.o ./board/src/clock_config.o ./board/src/peripherals.o ./board/src/pin_mux.o  ./board/board.o ./board/delay-board.o ./board/eeprom-board.o ./board/gpio-board.o ./board/rtc-board.o ./board/spi-board.o ./board/sx1276-board.o ./board/uart-board.o ./board/utilities.o  ./CMSIS/system_MKL46Z4.o   
Memory region         Used Size  Region Size  %age Used
   PROGRAM_FLASH:       98476 B       256 KB     37.57%
            SRAM:        9796 B        32 KB     29.90%
Finished building target: frdmkl46z_tpm_timer.axf
 
make --no-print-directory post-build
Performing post-build steps
arm-none-eabi-size "frdmkl46z_tpm_timer.axf"; # arm-none-eabi-objcopy -v -O binary "frdmkl46z_tpm_timer.axf" "frdmkl46z_tpm_timer.bin" ; # checksum -p MKL46Z256xxx4 -d "frdmkl46z_tpm_timer.bin";
   text	   data	    bss	    dec	    hex	filename
  98120	    356	   9440	 107916	  1a58c	frdmkl46z_tpm_timer.axf
 
21:33:33 **** Incremental Build of configuration Debug for project frdmkl46z_tpm_timer ****
make -r -j4 all 
make: Nothing to be done for `all'.
17:03:18 **** Incremental Build of configuration Debug for project frdmkl46z_tpm_timer ****
make -r -j4 all 
Building target: frdmkl46z_tpm_timer.axf
Invoking: MCU Linker
arm-none-eabi-gcc -nostdlib -Xlinker -Map="frdmkl46z_tpm_timer.map" -Xlinker --gc-sections -Xlinker -print-memory-usage -Xlinker --sort-section=alignment -mcpu=cortex-m0plus -mthumb -T frdmkl46z_tpm_timer_Debug.ld -o "frdmkl46z_tpm_timer.axf"  ./utilities/fsl_assert.o ./utilities/fsl_debug_console.o ./utilities/fsl_io.o ./utilities/fsl_log.o ./utilities/fsl_str.o  ./startup/startup_mkl46z4.o  ./source/NvmCtxMgmt.o ./source/main.o  ./drivers/system/adc.o ./drivers/system/delay.o ./drivers/system/eeprom.o ./drivers/system/fifo.o ./drivers/system/gpio.o ./drivers/system/gps.o ./drivers/system/i2c.o ./drivers/system/nvmm.o ./drivers/system/systime.o ./drivers/system/timer.o ./drivers/system/uart.o  ./drivers/soft-se/aes.o ./drivers/soft-se/cmac.o ./drivers/soft-se/soft-se.o  ./drivers/radio/sx1276/sx1276.o  ./drivers/mac/region/Region.o ./drivers/mac/region/RegionAU915.o ./drivers/mac/region/RegionCommon.o  ./drivers/mac/LoRaMac.o ./drivers/mac/LoRaMacAdr.o ./drivers/mac/LoRaMacClassB.o ./drivers/mac/LoRaMacCommands.o ./drivers/mac/LoRaMacConfirmQueue.o ./drivers/mac/LoRaMacCrypto.o ./drivers/mac/LoRaMacFCntHandler.o ./drivers/mac/LoRaMacParser.o ./drivers/mac/LoRaMacSerializer.o  ./drivers/fsl_clock.o ./drivers/fsl_common.o ./drivers/fsl_ftfx_cache.o ./drivers/fsl_ftfx_controller.o ./drivers/fsl_ftfx_flash.o ./drivers/fsl_ftfx_flexnvm.o ./drivers/fsl_gpio.o ./drivers/fsl_lpsci.o ./drivers/fsl_pit.o ./drivers/fsl_rtc.o ./drivers/fsl_smc.o ./drivers/fsl_spi.o ./drivers/fsl_tpm.o ./drivers/fsl_uart.o  ./board/src/board_46.o ./board/src/clock_config.o ./board/src/peripherals.o ./board/src/pin_mux.o  ./board/board.o ./board/delay-board.o ./board/eeprom-board.o ./board/gpio-board.o ./board/rtc-board.o ./board/spi-board.o ./board/sx1276-board.o ./board/uart-board.o ./board/utilities.o  ./CMSIS/system_MKL46Z4.o   
Memory region         Used Size  Region Size  %age Used
   PROGRAM_FLASH:       98476 B       256 KB     37.57%
            SRAM:        9796 B        32 KB     29.90%
Finished building target: frdmkl46z_tpm_timer.axf
 
make --no-print-directory post-build
Performing post-build steps
arm-none-eabi-size "frdmkl46z_tpm_timer.axf"; # arm-none-eabi-objcopy -v -O binary "frdmkl46z_tpm_timer.axf" "frdmkl46z_tpm_timer.bin" ; # checksum -p MKL46Z256xxx4 -d "frdmkl46z_tpm_timer.bin";
   text	   data	    bss	    dec	    hex	filename
  98120	    356	   9440	 107916	  1a58c	frdmkl46z_tpm_timer.axf
 
17:23:47 **** Incremental Build of configuration Debug for project frdmkl46z_tpm_timer ****
make -r -j4 all 
Building file: ../source/main.c
Invoking: MCU C Compiler
arm-none-eabi-gcc -std=gnu99 -D__REDLIB__ -DCPU_MKL46Z256VLL4 -DCPU_MKL46Z256VLL4_cm0plus -DFRDM_KL46Z -DFREEDOM -DSDK_DEBUGCONSOLE=0 -DCR_INTEGER_PRINTF -DPRINTF_FLOAT_ENABLE=0 -D__MCUXPRESSO -D__USE_CMSIS -DDEBUG -I../board -I../source -I../ -I../drivers -I../CMSIS -I../startup -I../utilities -I../board/src -O0 -fno-common -g -Wall -c  -ffunction-sections  -fdata-sections  -ffreestanding  -fno-builtin -mcpu=cortex-m0plus -mthumb -D__REDLIB__ -specs=redlib.specs -MMD -MP -MF"source/main.d" -MT"source/main.o" -MT"source/main.d" -o "source/main.o" "../source/main.c"
../source/main.c: In function 'main':
../source/main.c:1067:40: warning: passing argument 2 of 'TimerInit' from incompatible pointer type [-Wincompatible-pointer-types]
                 TimerInit( &Led1Timer, OnLed1TimerEvent );
                                        ^~~~~~~~~~~~~~~~
In file included from ../drivers/mac/LoRaMac.h:73:0,
                 from ../source/main.c:32:
../drivers/system/timer.h:61:6: note: expected 'void (*)(void *)' but argument is of type 'void (*)(void)'
 void TimerInit( TimerEvent_t *obj, void ( *callback )( void *context ) );
      ^~~~~~~~~
../source/main.c:1070:40: warning: passing argument 2 of 'TimerInit' from incompatible pointer type [-Wincompatible-pointer-types]
                 TimerInit( &Led2Timer, OnLed2TimerEvent );
                                        ^~~~~~~~~~~~~~~~
In file included from ../drivers/mac/LoRaMac.h:73:0,
                 from ../source/main.c:32:
../drivers/system/timer.h:61:6: note: expected 'void (*)(void *)' but argument is of type 'void (*)(void)'
 void TimerInit( TimerEvent_t *obj, void ( *callback )( void *context ) );
      ^~~~~~~~~
Finished building: ../source/main.c
 
Building target: frdmkl46z_tpm_timer.axf
Invoking: MCU Linker
arm-none-eabi-gcc -nostdlib -Xlinker -Map="frdmkl46z_tpm_timer.map" -Xlinker --gc-sections -Xlinker -print-memory-usage -Xlinker --sort-section=alignment -mcpu=cortex-m0plus -mthumb -T frdmkl46z_tpm_timer_Debug.ld -o "frdmkl46z_tpm_timer.axf"  ./utilities/fsl_assert.o ./utilities/fsl_debug_console.o ./utilities/fsl_io.o ./utilities/fsl_log.o ./utilities/fsl_str.o  ./startup/startup_mkl46z4.o  ./source/NvmCtxMgmt.o ./source/main.o  ./drivers/system/adc.o ./drivers/system/delay.o ./drivers/system/eeprom.o ./drivers/system/fifo.o ./drivers/system/gpio.o ./drivers/system/gps.o ./drivers/system/i2c.o ./drivers/system/nvmm.o ./drivers/system/systime.o ./drivers/system/timer.o ./drivers/system/uart.o  ./drivers/soft-se/aes.o ./drivers/soft-se/cmac.o ./drivers/soft-se/soft-se.o  ./drivers/radio/sx1276/sx1276.o  ./drivers/mac/region/Region.o ./drivers/mac/region/RegionAU915.o ./drivers/mac/region/RegionCommon.o  ./drivers/mac/LoRaMac.o ./drivers/mac/LoRaMacAdr.o ./drivers/mac/LoRaMacClassB.o ./drivers/mac/LoRaMacCommands.o ./drivers/mac/LoRaMacConfirmQueue.o ./drivers/mac/LoRaMacCrypto.o ./drivers/mac/LoRaMacFCntHandler.o ./drivers/mac/LoRaMacParser.o ./drivers/mac/LoRaMacSerializer.o  ./drivers/fsl_clock.o ./drivers/fsl_common.o ./drivers/fsl_ftfx_cache.o ./drivers/fsl_ftfx_controller.o ./drivers/fsl_ftfx_flash.o ./drivers/fsl_ftfx_flexnvm.o ./drivers/fsl_gpio.o ./drivers/fsl_lpsci.o ./drivers/fsl_pit.o ./drivers/fsl_rtc.o ./drivers/fsl_smc.o ./drivers/fsl_spi.o ./drivers/fsl_tpm.o ./drivers/fsl_uart.o  ./board/src/board_46.o ./board/src/clock_config.o ./board/src/peripherals.o ./board/src/pin_mux.o  ./board/board.o ./board/delay-board.o ./board/eeprom-board.o ./board/gpio-board.o ./board/rtc-board.o ./board/spi-board.o ./board/sx1276-board.o ./board/uart-board.o ./board/utilities.o  ./CMSIS/system_MKL46Z4.o   
Memory region         Used Size  Region Size  %age Used
   PROGRAM_FLASH:       98476 B       256 KB     37.57%
            SRAM:        9796 B        32 KB     29.90%
Finished building target: frdmkl46z_tpm_timer.axf
 
make --no-print-directory post-build
Performing post-build steps
arm-none-eabi-size "frdmkl46z_tpm_timer.axf"; # arm-none-eabi-objcopy -v -O binary "frdmkl46z_tpm_timer.axf" "frdmkl46z_tpm_timer.bin" ; # checksum -p MKL46Z256xxx4 -d "frdmkl46z_tpm_timer.bin";
   text	   data	    bss	    dec	    hex	filename
  98120	    356	   9440	 107916	  1a58c	frdmkl46z_tpm_timer.axf
 
17:27:54 **** Incremental Build of configuration Debug for project frdmkl46z_tpm_timer ****
make -r -j4 all 
Building file: ../source/main.c
Invoking: MCU C Compiler
arm-none-eabi-gcc -std=gnu99 -D__REDLIB__ -DCPU_MKL46Z256VLL4 -DCPU_MKL46Z256VLL4_cm0plus -DFRDM_KL46Z -DFREEDOM -DSDK_DEBUGCONSOLE=0 -DCR_INTEGER_PRINTF -DPRINTF_FLOAT_ENABLE=0 -D__MCUXPRESSO -D__USE_CMSIS -DDEBUG -I../board -I../source -I../ -I../drivers -I../CMSIS -I../startup -I../utilities -I../board/src -O0 -fno-common -g -Wall -c  -ffunction-sections  -fdata-sections  -ffreestanding  -fno-builtin -mcpu=cortex-m0plus -mthumb -D__REDLIB__ -specs=redlib.specs -MMD -MP -MF"source/main.d" -MT"source/main.o" -MT"source/main.d" -o "source/main.o" "../source/main.c"
../source/main.c: In function 'main':
../source/main.c:1067:40: warning: passing argument 2 of 'TimerInit' from incompatible pointer type [-Wincompatible-pointer-types]
                 TimerInit( &Led1Timer, OnLed1TimerEvent );
                                        ^~~~~~~~~~~~~~~~
In file included from ../drivers/mac/LoRaMac.h:73:0,
                 from ../source/main.c:32:
../drivers/system/timer.h:61:6: note: expected 'void (*)(void *)' but argument is of type 'void (*)(void)'
 void TimerInit( TimerEvent_t *obj, void ( *callback )( void *context ) );
      ^~~~~~~~~
../source/main.c:1070:40: warning: passing argument 2 of 'TimerInit' from incompatible pointer type [-Wincompatible-pointer-types]
                 TimerInit( &Led2Timer, OnLed2TimerEvent );
                                        ^~~~~~~~~~~~~~~~
In file included from ../drivers/mac/LoRaMac.h:73:0,
                 from ../source/main.c:32:
../drivers/system/timer.h:61:6: note: expected 'void (*)(void *)' but argument is of type 'void (*)(void)'
 void TimerInit( TimerEvent_t *obj, void ( *callback )( void *context ) );
      ^~~~~~~~~
Finished building: ../source/main.c
 
Building target: frdmkl46z_tpm_timer.axf
Invoking: MCU Linker
arm-none-eabi-gcc -nostdlib -Xlinker -Map="frdmkl46z_tpm_timer.map" -Xlinker --gc-sections -Xlinker -print-memory-usage -Xlinker --sort-section=alignment -mcpu=cortex-m0plus -mthumb -T frdmkl46z_tpm_timer_Debug.ld -o "frdmkl46z_tpm_timer.axf"  ./utilities/fsl_assert.o ./utilities/fsl_debug_console.o ./utilities/fsl_io.o ./utilities/fsl_log.o ./utilities/fsl_str.o  ./startup/startup_mkl46z4.o  ./source/NvmCtxMgmt.o ./source/main.o  ./drivers/system/adc.o ./drivers/system/delay.o ./drivers/system/eeprom.o ./drivers/system/fifo.o ./drivers/system/gpio.o ./drivers/system/gps.o ./drivers/system/i2c.o ./drivers/system/nvmm.o ./drivers/system/systime.o ./drivers/system/timer.o ./drivers/system/uart.o  ./drivers/soft-se/aes.o ./drivers/soft-se/cmac.o ./drivers/soft-se/soft-se.o  ./drivers/radio/sx1276/sx1276.o  ./drivers/mac/region/Region.o ./drivers/mac/region/RegionAU915.o ./drivers/mac/region/RegionCommon.o  ./drivers/mac/LoRaMac.o ./drivers/mac/LoRaMacAdr.o ./drivers/mac/LoRaMacClassB.o ./drivers/mac/LoRaMacCommands.o ./drivers/mac/LoRaMacConfirmQueue.o ./drivers/mac/LoRaMacCrypto.o ./drivers/mac/LoRaMacFCntHandler.o ./drivers/mac/LoRaMacParser.o ./drivers/mac/LoRaMacSerializer.o  ./drivers/fsl_clock.o ./drivers/fsl_common.o ./drivers/fsl_ftfx_cache.o ./drivers/fsl_ftfx_controller.o ./drivers/fsl_ftfx_flash.o ./drivers/fsl_ftfx_flexnvm.o ./drivers/fsl_gpio.o ./drivers/fsl_lpsci.o ./drivers/fsl_pit.o ./drivers/fsl_rtc.o ./drivers/fsl_smc.o ./drivers/fsl_spi.o ./drivers/fsl_tpm.o ./drivers/fsl_uart.o  ./board/src/board_46.o ./board/src/clock_config.o ./board/src/peripherals.o ./board/src/pin_mux.o  ./board/board.o ./board/delay-board.o ./board/eeprom-board.o ./board/gpio-board.o ./board/rtc-board.o ./board/spi-board.o ./board/sx1276-board.o ./board/uart-board.o ./board/utilities.o  ./CMSIS/system_MKL46Z4.o   
Memory region         Used Size  Region Size  %age Used
   PROGRAM_FLASH:       98472 B       256 KB     37.56%
            SRAM:        9796 B        32 KB     29.90%
Finished building target: frdmkl46z_tpm_timer.axf
 
make --no-print-directory post-build
Performing post-build steps
arm-none-eabi-size "frdmkl46z_tpm_timer.axf"; # arm-none-eabi-objcopy -v -O binary "frdmkl46z_tpm_timer.axf" "frdmkl46z_tpm_timer.bin" ; # checksum -p MKL46Z256xxx4 -d "frdmkl46z_tpm_timer.bin";
   text	   data	    bss	    dec	    hex	filename
  98116	    356	   9440	 107912	  1a588	frdmkl46z_tpm_timer.axf
 
