Archive member included to satisfy reference by file (symbol)

c:/nxp/mcuxpressoide_10.2.0_759/ide/tools/bin/../lib/gcc/arm-none-eabi/7.2.1/../../../../arm-none-eabi/lib/thumb/v6-m\libcr_semihost_nf.a(__ciob.o)
                              ./board/uart-board.o (__Ciob)
c:/nxp/mcuxpressoide_10.2.0_759/ide/tools/bin/../lib/gcc/arm-none-eabi/7.2.1/../../../../arm-none-eabi/lib/thumb/v6-m\libcr_semihost_nf.a(_cr__main.o)
                              ./startup/startup_mkl46z4.o (__main)
c:/nxp/mcuxpressoide_10.2.0_759/ide/tools/bin/../lib/gcc/arm-none-eabi/7.2.1/../../../../arm-none-eabi/lib/thumb/v6-m\libcr_semihost_nf.a(_cr_assert.o)
                              ./utilities/fsl_debug_console.o (__assertion_failed)
c:/nxp/mcuxpressoide_10.2.0_759/ide/tools/bin/../lib/gcc/arm-none-eabi/7.2.1/../../../../arm-none-eabi/lib/thumb/v6-m\libcr_semihost_nf.a(__sys_appexit.o)
                              c:/nxp/mcuxpressoide_10.2.0_759/ide/tools/bin/../lib/gcc/arm-none-eabi/7.2.1/../../../../arm-none-eabi/lib/thumb/v6-m\libcr_semihost_nf.a(_cr_assert.o) (__sys_appexit)
c:/nxp/mcuxpressoide_10.2.0_759/ide/tools/bin/../lib/gcc/arm-none-eabi/7.2.1/../../../../arm-none-eabi/lib/thumb/v6-m\libcr_c.a(memcpy.o)
                              ./drivers/fsl_ftfx_cache.o (memcpy)
c:/nxp/mcuxpressoide_10.2.0_759/ide/tools/bin/../lib/gcc/arm-none-eabi/7.2.1/../../../../arm-none-eabi/lib/thumb/v6-m\libcr_c.a(memset.o)
                              ./drivers/soft-se/soft-se.o (memset)
c:/nxp/mcuxpressoide_10.2.0_759/ide/tools/bin/../lib/gcc/arm-none-eabi/7.2.1/../../../../arm-none-eabi/lib/thumb/v6-m\libcr_c.a(__fillbuf.o)
                              ./board/uart-board.o (__filbuf)
c:/nxp/mcuxpressoide_10.2.0_759/ide/tools/bin/../lib/gcc/arm-none-eabi/7.2.1/../../../../arm-none-eabi/lib/thumb/v6-m\libcr_c.a(_deferredlazyseek.o)
                              c:/nxp/mcuxpressoide_10.2.0_759/ide/tools/bin/../lib/gcc/arm-none-eabi/7.2.1/../../../../arm-none-eabi/lib/thumb/v6-m\libcr_c.a(__fillbuf.o) (_deferredlazyseek)
c:/nxp/mcuxpressoide_10.2.0_759/ide/tools/bin/../lib/gcc/arm-none-eabi/7.2.1/../../../../arm-none-eabi/lib/thumb/v6-m\libcr_c.a(_fflush.o)
                              c:/nxp/mcuxpressoide_10.2.0_759/ide/tools/bin/../lib/gcc/arm-none-eabi/7.2.1/../../../../arm-none-eabi/lib/thumb/v6-m\libcr_c.a(__fillbuf.o) (_fflush)
c:/nxp/mcuxpressoide_10.2.0_759/ide/tools/bin/../lib/gcc/arm-none-eabi/7.2.1/../../../../arm-none-eabi/lib/thumb/v6-m\libcr_c.a(_writebuf.o)
                              c:/nxp/mcuxpressoide_10.2.0_759/ide/tools/bin/../lib/gcc/arm-none-eabi/7.2.1/../../../../arm-none-eabi/lib/thumb/v6-m\libcr_c.a(_deferredlazyseek.o) (_Cwritebuf)
c:/nxp/mcuxpressoide_10.2.0_759/ide/tools/bin/../lib/gcc/arm-none-eabi/7.2.1/../../../../arm-none-eabi/lib/thumb/v6-m\libcr_c.a(alloc.o)
                              ./drivers/fsl_common.o (malloc)
c:/nxp/mcuxpressoide_10.2.0_759/ide/tools/bin/../lib/gcc/arm-none-eabi/7.2.1/../../../../arm-none-eabi/lib/thumb/v6-m\libcr_c.a(ceil.o)
                              ./drivers/radio/sx1276/sx1276.o (ceil)
c:/nxp/mcuxpressoide_10.2.0_759/ide/tools/bin/../lib/gcc/arm-none-eabi/7.2.1/../../../../arm-none-eabi/lib/thumb/v6-m\libcr_c.a(floor.o)
                              ./drivers/radio/sx1276/sx1276.o (floor)
c:/nxp/mcuxpressoide_10.2.0_759/ide/tools/bin/../lib/gcc/arm-none-eabi/7.2.1/../../../../arm-none-eabi/lib/thumb/v6-m\libcr_c.a(fpprintf.o)
                              ./drivers/mac/LoRaMac.o (printf)
c:/nxp/mcuxpressoide_10.2.0_759/ide/tools/bin/../lib/gcc/arm-none-eabi/7.2.1/../../../../arm-none-eabi/lib/thumb/v6-m\libcr_c.a(fputs.o)
                              c:/nxp/mcuxpressoide_10.2.0_759/ide/tools/bin/../lib/gcc/arm-none-eabi/7.2.1/../../../../arm-none-eabi/lib/thumb/v6-m\libcr_semihost_nf.a(_cr_assert.o) (fputs)
c:/nxp/mcuxpressoide_10.2.0_759/ide/tools/bin/../lib/gcc/arm-none-eabi/7.2.1/../../../../arm-none-eabi/lib/thumb/v6-m\libcr_c.a(fseek.o)
                              c:/nxp/mcuxpressoide_10.2.0_759/ide/tools/bin/../lib/gcc/arm-none-eabi/7.2.1/../../../../arm-none-eabi/lib/thumb/v6-m\libcr_c.a(_deferredlazyseek.o) (fseek)
c:/nxp/mcuxpressoide_10.2.0_759/ide/tools/bin/../lib/gcc/arm-none-eabi/7.2.1/../../../../arm-none-eabi/lib/thumb/v6-m\libcr_c.a(ftell.o)
                              c:/nxp/mcuxpressoide_10.2.0_759/ide/tools/bin/../lib/gcc/arm-none-eabi/7.2.1/../../../../arm-none-eabi/lib/thumb/v6-m\libcr_c.a(fseek.o) (ftell)
c:/nxp/mcuxpressoide_10.2.0_759/ide/tools/bin/../lib/gcc/arm-none-eabi/7.2.1/../../../../arm-none-eabi/lib/thumb/v6-m\libcr_c.a(initio.o)
                              c:/nxp/mcuxpressoide_10.2.0_759/ide/tools/bin/../lib/gcc/arm-none-eabi/7.2.1/../../../../arm-none-eabi/lib/thumb/v6-m\libcr_semihost_nf.a(_cr__main.o) (_initio)
c:/nxp/mcuxpressoide_10.2.0_759/ide/tools/bin/../lib/gcc/arm-none-eabi/7.2.1/../../../../arm-none-eabi/lib/thumb/v6-m\libcr_c.a(printf.o)
[...]
Memory Configuration

Name             Origin             Length             Attributes
PROGRAM_FLASH    0x00000000         0x00040000         xr
SRAM             0x1fffe000         0x00008000         xrw
*default*        0x00000000         0xffffffff

Linker script and memory map

LOAD ./utilities/fsl_assert.o
LOAD ./utilities/fsl_debug_console.o
LOAD ./utilities/fsl_io.o
LOAD ./utilities/fsl_log.o
LOAD ./utilities/fsl_str.o
LOAD ./startup/startup_mkl46z4.o
LOAD ./source/NvmCtxMgmt.o
LOAD ./source/main.o
LOAD ./drivers/system/adc.o
LOAD ./drivers/system/delay.o
LOAD ./drivers/system/eeprom.o
LOAD ./drivers/system/fifo.o
LOAD ./drivers/system/gpio.o
LOAD ./drivers/system/gps.o
LOAD ./drivers/system/i2c.o
LOAD ./drivers/system/nvmm.o
LOAD ./drivers/system/systime.o
LOAD ./drivers/system/timer.o
LOAD ./drivers/system/uart.o
LOAD ./drivers/soft-se/aes.o
LOAD ./drivers/soft-se/cmac.o
LOAD ./drivers/soft-se/soft-se.o
LOAD ./drivers/radio/sx1276/sx1276.o
LOAD ./drivers/mac/region/Region.o
LOAD ./drivers/mac/region/RegionAU915.o
LOAD ./drivers/mac/region/RegionCommon.o
LOAD ./drivers/mac/LoRaMac.o
LOAD ./drivers/mac/LoRaMacAdr.o
LOAD ./drivers/mac/LoRaMacClassB.o
LOAD ./drivers/mac/LoRaMacCommands.o
LOAD ./drivers/mac/LoRaMacConfirmQueue.o
LOAD ./drivers/mac/LoRaMacCrypto.o
LOAD ./drivers/mac/LoRaMacFCntHandler.o
LOAD ./drivers/mac/LoRaMacParser.o
LOAD ./drivers/mac/LoRaMacSerializer.o
LOAD ./drivers/fsl_clock.o
LOAD ./drivers/fsl_common.o
LOAD ./drivers/fsl_ftfx_cache.o
LOAD ./drivers/fsl_ftfx_controller.o
LOAD ./drivers/fsl_ftfx_flash.o
LOAD ./drivers/fsl_ftfx_flexnvm.o
LOAD ./drivers/fsl_gpio.o
LOAD ./drivers/fsl_lpsci.o
LOAD ./drivers/fsl_pit.o
LOAD ./drivers/fsl_rtc.o
LOAD ./drivers/fsl_smc.o
LOAD ./drivers/fsl_spi.o
LOAD ./drivers/fsl_tpm.o
LOAD ./drivers/fsl_uart.o
LOAD ./board/src/board_46.o
LOAD ./board/src/clock_config.o
LOAD ./board/src/peripherals.o
LOAD ./board/src/pin_mux.o
LOAD ./board/board.o
LOAD ./board/delay-board.o
LOAD ./board/eeprom-board.o
LOAD ./board/gpio-board.o
LOAD ./board/rtc-board.o
LOAD ./board/spi-board.o
LOAD ./board/sx1276-board.o
LOAD ./board/uart-board.o
LOAD ./board/utilities.o
LOAD ./CMSIS/system_MKL46Z4.o
START GROUP
LOAD c:/nxp/mcuxpressoide_10.2.0_759/ide/tools/bin/../lib/gcc/arm-none-eabi/7.2.1/../../../../arm-none-eabi/lib/thumb/v6-m\libcr_semihost_nf.a
LOAD c:/nxp/mcuxpressoide_10.2.0_759/ide/tools/bin/../lib/gcc/arm-none-eabi/7.2.1/../../../../arm-none-eabi/lib/thumb/v6-m\libcr_c.a
LOAD c:/nxp/mcuxpressoide_10.2.0_759/ide/tools/bin/../lib/gcc/arm-none-eabi/7.2.1/thumb/v6-m\libcr_eabihelpers.a
END GROUP
                0x00000000                __base_PROGRAM_FLASH = 0x0
                0x00000000                __base_Flash = 0x0
                0x00040000                __top_PROGRAM_FLASH = 0x40000
                0x00040000                __top_Flash = 0x40000
                0x1fffe000                __base_SRAM = 0x1fffe000
                0x1fffe000                __base_RAM = 0x1fffe000
                0x20006000                __top_SRAM = 0x20006000
                0x20006000                __top_RAM = 0x20006000

.text           0x00000000    0x1adf0
 FILL mask 0xff
                0x00000000                __vectors_start__ = ABSOLUTE (.)
 *(SORT_BY_ALIGNMENT(.isr_vector))
 .isr_vector    0x00000000       0xc0 ./startup/startup_mkl46z4.o
                0x00000000                g_pfnVectors
                0x00000000                __Vectors
                0x000000c0                . = ALIGN (0x4)
                0x000000c0                __section_table_start = .
                0x000000c0                __data_section_table = .
                0x000000c0        0x4 LONG 0x1adf0 LOADADDR (.data)
                0x000000c4        0x4 LONG 0x1fffe000 ADDR (.data)
                0x000000c8        0x4 LONG 0x164 SIZEOF (.data)
                0x000000cc                __data_section_table_end = .
                0x000000cc                __bss_section_table = .
                0x000000cc        0x4 LONG 0x1fffe164 ADDR (.bss)
                0x000000d0        0x4 LONG 0x15ec SIZEOF (.bss)
                0x000000d4                __bss_section_table_end = .
                0x000000d4                __section_table_end = .
 *(SORT_BY_ALIGNMENT(.after_vectors*))
 .after_vectors.reset
                0x000000d4       0x4c ./startup/startup_mkl46z4.o
                0x000000d4                ResetISR
 .after_vectors.init_data
                0x00000120       0x16 ./startup/startup_mkl46z4.o
                0x00000120                data_init
 .after_vectors.init_bss
                0x00000136       0x12 ./startup/startup_mkl46z4.o
                0x00000136                bss_init
 .after_vectors
                0x00000148      0x10c ./startup/startup_mkl46z4.o
                0x00000148                NMI_Handler
                0x0000014a                HardFault_Handler
                0x0000014c                SVC_Handler
                0x0000014e                PendSV_Handler
                0x00000152                PORTC_PORTD_DriverIRQHandler
                0x00000152                LPTMR0_DriverIRQHandler
                0x00000152                DMA0_DriverIRQHandler
                0x00000152                I2C0_DriverIRQHandler
                0x00000152                DMA2_DriverIRQHandler
                0x00000152                CMP0_DriverIRQHandler
                0x00000152                I2S0_DriverIRQHandler
                0x00000152                ADC0_DriverIRQHandler
                0x00000152                I2C1_DriverIRQHandler
                0x00000152                TPM2_DriverIRQHandler
                0x00000152                DMA3_DriverIRQHandler
                0x00000152                DMA1_DriverIRQHandler
                0x00000152                PIT_DriverIRQHandler
                0x00000152                TSI0_DriverIRQHandler
                0x00000152                RTC_Seconds_DriverIRQHandler
                0x00000152                LCD_DriverIRQHandler
                0x00000152                RTC_DriverIRQHandler
                0x00000152                LLWU_DriverIRQHandler
                0x00000152                MCG_DriverIRQHandler
                0x00000152                TPM1_DriverIRQHandler
                0x00000152                PORTA_DriverIRQHandler
                0x00000152                FTFA_DriverIRQHandler
                0x00000152                IntDefaultHandler
                0x00000152                USB0_DriverIRQHandler
                0x00000152                DAC0_DriverIRQHandler
                0x00000152                LVD_LVW_DriverIRQHandler
                0x00000152                TPM0_DriverIRQHandler
                0x00000152                Reserved20_DriverIRQHandler
                0x00000154                DMA0_IRQHandler
                0x0000015c                DMA1_IRQHandler
                0x00000164                DMA2_IRQHandler
                0x0000016c                DMA3_IRQHandler
                0x00000174                Reserved20_IRQHandler
                0x0000017c                FTFA_IRQHandler
                0x00000184                LVD_LVW_IRQHandler
                0x0000018c                LLWU_IRQHandler
                0x00000194                I2C0_IRQHandler
                0x0000019c                I2C1_IRQHandler
                0x000001a4                SPI0_IRQHandler
                0x000001ac                SPI1_IRQHandler
                0x000001b4                UART0_IRQHandler
                0x000001bc                UART1_IRQHandler
                0x000001c4                UART2_IRQHandler
                0x000001cc                ADC0_IRQHandler
                0x000001d4                CMP0_IRQHandler
                0x000001dc                TPM0_IRQHandler
                0x000001e4                TPM1_IRQHandler
                0x000001ec                TPM2_IRQHandler
                0x000001f4                RTC_IRQHandler
                0x000001fc                RTC_Seconds_IRQHandler
                0x0000020c                I2S0_IRQHandler
                0x00000214                USB0_IRQHandler
                0x0000021c                DAC0_IRQHandler
                0x00000224                TSI0_IRQHandler
                0x0000022c                MCG_IRQHandler
                0x00000234                LPTMR0_IRQHandler
                0x0000023c                LCD_IRQHandler
                0x0000024c                PORTC_PORTD_IRQHandler
                0x00000400                . = 0x400
 *fill*         0x00000254      0x1ac ff
                0x00000400                PROVIDE (__FLASH_CONFIG_START__, .)
 *(SORT_BY_ALIGNMENT(.FlashConfig))
 .FlashConfig   0x00000400       0x10 ./startup/startup_mkl46z4.o
                0x00000400                Flash_Config
                0x00000410                PROVIDE (__FLASH_CONFIG_END__, .)
                0x00000001                ASSERT (! ((__FLASH_CONFIG_START__ == __FLASH_CONFIG_END__)), Linker Flash Config Support Enabled, but no .FlashConfig section provided within application)
 *(SORT_BY_ALIGNMENT(.text*))
 .text.DbgConsole_Init
                0x00000410       0x40 ./utilities/fsl_debug_console.o
                0x00000410                DbgConsole_Init
 .text.IO_Init  0x00000450       0xc8 ./utilities/fsl_io.o
                0x00000450                IO_Init
 .text.PrintHexBuffer
                0x00000518       0x9c ./source/main.o
                0x00000518                PrintHexBuffer
 .text.JoinNetwork
                0x000005b4       0x8c ./source/main.o
 .text.PrepareTxFrame
                0x00000640       0xc0 ./source/main.o
 .text.SendFrame
                0x00000700      0x118 ./source/main.o
 .text.OnTxNextPacketTimerEvent
                0x00000818       0x68 ./source/main.o
 .text.OnLed1TimerEvent
                0x00000880       0x24 ./source/main.o
 .text.OnLed2TimerEvent
                0x000008a4       0x24 ./source/main.o
 .text.OnLedBeaconTimerEvent
                0x000008c8       0x38 ./source/main.o
 .text.McpsConfirm
                0x00000900      0x21c ./source/main.o
 .text.McpsIndication
                0x00000b1c      0x594 ./source/main.o
 .text.MlmeConfirm
                0x000010b0      0x1a4 ./source/main.o
 .text.MlmeIndication
                0x00001254      0x170 ./source/main.o
 .text.OnMacProcessNotify
                0x000013c4       0x14 ./source/main.o
                0x000013c4                OnMacProcessNotify
 .text.main     0x000013d8      0x758 ./source/main.o
                0x000013d8                main
 .text.SysTimeAdd
                0x00001b30       0xb0 ./drivers/system/systime.o
                0x00001b30                SysTimeAdd
 .text.TimerStart
                0x00001be0       0xa8 ./drivers/system/timer.o
                0x00001be0                TimerStart
 .text.TimerInsertTimer
                0x00001c88       0x5c ./drivers/system/timer.o
 .text.TimerInsertNewHeadTimer
                0x00001ce4       0x3c ./drivers/system/timer.o
 .text.TimerIrqHandler
                0x00001d20      0x108 ./drivers/system/timer.o
                0x00001d20                TimerIrqHandler
 .text.TimerStop
                0x00001e28       0xf4 ./drivers/system/timer.o
                0x00001e28                TimerStop
 .text.TimerExists
                0x00001f1c       0x38 ./drivers/system/timer.o
 .text.shift_sub_rows
                0x00001f54      0x144 ./drivers/soft-se/aes.o
 .text.mix_sub_columns
                0x00002098      0x3cc ./drivers/soft-se/aes.o
 .text.aes_set_key
                0x00002464      0x264 ./drivers/soft-se/aes.o
                0x00002464                aes_set_key
 .text.GetKeyByID
                0x000026c8       0x7c ./drivers/soft-se/soft-se.o
                0x000026c8                GetKeyByID
 .text.ComputeCmac
                0x00002744       0xbc ./drivers/soft-se/soft-se.o
                0x00002744                ComputeCmac
 .text.SecureElementInit
                0x00002800      0x2fc ./drivers/soft-se/soft-se.o
                0x00002800                SecureElementInit
 .text.SecureElementRestoreNvmCtx
                0x00002afc       0x30 ./drivers/soft-se/soft-se.o
                0x00002afc                SecureElementRestoreNvmCtx
 .text.SecureElementGetNvmCtx
                0x00002b2c       0x20 ./drivers/soft-se/soft-se.o
                0x00002b2c                SecureElementGetNvmCtx
 .text.SecureElementSetKey
                0x00002b4c       0xf0 ./drivers/soft-se/soft-se.o
                0x00002b4c                SecureElementSetKey
 .text.SecureElementAesEncrypt
                0x00002c3c       0xd4 ./drivers/soft-se/soft-se.o
                0x00002c3c                SecureElementAesEncrypt
 .text.SX1276Init
                0x00002d10       0xe0 ./drivers/radio/sx1276/sx1276.o
                0x00002d10                SX1276Init
 .text.SX1276GetStatus
                0x00002df0       0x18 ./drivers/radio/sx1276/sx1276.o
                0x00002df0                SX1276GetStatus
 .text.SX1276SetChannel
                0x00002e08       0x68 ./drivers/radio/sx1276/sx1276.o
                0x00002e08                SX1276SetChannel
 .text.RxChainCalibration
                0x00002e70       0xdc ./drivers/radio/sx1276/sx1276.o
 .text.GetFskBandwidthRegValue
                0x00002f4c       0x70 ./drivers/radio/sx1276/sx1276.o
 .text.SX1276SetRxConfig
                0x00002fbc      0x544 ./drivers/radio/sx1276/sx1276.o
                0x00002fbc                SX1276SetRxConfig
 .text.SX1276SetTxConfig
                0x00003500      0x418 ./drivers/radio/sx1276/sx1276.o
                0x00003500                SX1276SetTxConfig
 .text.SX1276GetTimeOnAir
                0x00003918      0x348 ./drivers/radio/sx1276/sx1276.o
                0x00003918                SX1276GetTimeOnAir
 .text.SX1276Send
                0x00003c60      0x1a8 ./drivers/radio/sx1276/sx1276.o
                0x00003c60                SX1276Send
 .text.SX1276SetSleep
                0x00003e08       0x38 ./drivers/radio/sx1276/sx1276.o
                0x00003e08                SX1276SetSleep
 .text.SX1276SetStby
                0x00003e40       0x38 ./drivers/radio/sx1276/sx1276.o
                0x00003e40                SX1276SetStby
 .text.SX1276SetRx
                0x00003e78      0x368 ./drivers/radio/sx1276/sx1276.o
                0x00003e78                SX1276SetRx
 .text.SX1276SetTx
                0x000041e0      0x100 ./drivers/radio/sx1276/sx1276.o
                0x000041e0                SX1276SetTx
 .text.SX1276StartCad
                0x000042e0       0x58 ./drivers/radio/sx1276/sx1276.o
                0x000042e0                SX1276StartCad
 .text.SX1276SetTxContinuousWave
                0x00004338       0xc8 ./drivers/radio/sx1276/sx1276.o
                0x00004338                SX1276SetTxContinuousWave
 .text.SX1276ReadRssi
                0x00004400       0x9c ./drivers/radio/sx1276/sx1276.o
                0x00004400                SX1276ReadRssi
 .text.SX1276SetModem
                0x0000449c       0xc4 ./drivers/radio/sx1276/sx1276.o
                0x0000449c                SX1276SetModem
 .text.SX1276WriteBuffer
                0x00004560       0x88 ./drivers/radio/sx1276/sx1276.o
                0x00004560                SX1276WriteBuffer
 .text.SX1276ReadBuffer
                0x000045e8       0x8c ./drivers/radio/sx1276/sx1276.o
                0x000045e8                SX1276ReadBuffer
 .text.SX1276SetMaxPayloadLength
                0x00004674       0x68 ./drivers/radio/sx1276/sx1276.o
                0x00004674                SX1276SetMaxPayloadLength
 .text.SX1276SetPublicNetwork
                0x000046dc       0x44 ./drivers/radio/sx1276/sx1276.o
                0x000046dc                SX1276SetPublicNetwork
 .text.SX1276OnTimeoutIrq
                0x00004720      0x180 ./drivers/radio/sx1276/sx1276.o
                0x00004720                SX1276OnTimeoutIrq
 .text.SX1276OnDio0Irq
                0x000048a0      0x504 ./drivers/radio/sx1276/sx1276.o
                0x000048a0                SX1276OnDio0Irq
 .text.SX1276OnDio1Irq
                0x00004da4      0x220 ./drivers/radio/sx1276/sx1276.o
                0x00004da4                SX1276OnDio1Irq
 .text.SX1276OnDio2Irq
                0x00004fc4      0x1ac ./drivers/radio/sx1276/sx1276.o
                0x00004fc4                SX1276OnDio2Irq
 .text.SX1276OnDio3Irq
                0x00005170       0x90 ./drivers/radio/sx1276/sx1276.o
                0x00005170                SX1276OnDio3Irq
 .text.SX1276OnDio4Irq
                0x00005200       0x44 ./drivers/radio/sx1276/sx1276.o
                0x00005200                SX1276OnDio4Irq
 .text.GetBandwidth
                0x00005244       0x3c ./drivers/mac/region/RegionAU915.o
 .text.VerifyRfFreq
                0x00005280       0x88 ./drivers/mac/region/RegionAU915.o
 .text.RegionAU915GetPhyParam
                0x00005308      0x2b4 ./drivers/mac/region/RegionAU915.o
                0x00005308                RegionAU915GetPhyParam
 .text.RegionAU915SetBandTxDone
                0x000055bc       0x40 ./drivers/mac/region/RegionAU915.o
                0x000055bc                RegionAU915SetBandTxDone
 .text.RegionAU915InitDefaults
                0x000055fc      0x23c ./drivers/mac/region/RegionAU915.o
                0x000055fc                RegionAU915InitDefaults
 .text.RegionAU915GetNvmCtx
                0x00005838       0x20 ./drivers/mac/region/RegionAU915.o
                0x00005838                RegionAU915GetNvmCtx
 .text.RegionAU915Verify
                0x00005858       0xc8 ./drivers/mac/region/RegionAU915.o
                0x00005858                RegionAU915Verify
 .text.RegionAU915ApplyCFList
                0x00005920      0x120 ./drivers/mac/region/RegionAU915.o
                0x00005920                RegionAU915ApplyCFList
 .text.RegionAU915ChanMaskSet
                0x00005a40       0xcc ./drivers/mac/region/RegionAU915.o
                0x00005a40                RegionAU915ChanMaskSet
 .text.RegionAU915ComputeRxWindowParameters
                0x00005b0c       0xb0 ./drivers/mac/region/RegionAU915.o
                0x00005b0c                RegionAU915ComputeRxWindowParameters
 .text.RegionAU915RxConfig
                0x00005bbc      0x124 ./drivers/mac/region/RegionAU915.o
                0x00005bbc                RegionAU915RxConfig
 .text.RegionAU915TxConfig
                0x00005ce0      0x130 ./drivers/mac/region/RegionAU915.o
                0x00005ce0                RegionAU915TxConfig
 .text.RegionAU915LinkAdrReq
                0x00005e10      0x4b4 ./drivers/mac/region/RegionAU915.o
                0x00005e10                RegionAU915LinkAdrReq
 .text.RegionAU915AlternateDr
                0x000062c4       0x64 ./drivers/mac/region/RegionAU915.o
                0x000062c4                RegionAU915AlternateDr
 .text.RegionAU915CalcBackOff
                0x00006328       0x64 ./drivers/mac/region/RegionAU915.o
                0x00006328                RegionAU915CalcBackOff
 .text.RegionAU915NextChannel
                0x0000638c      0x150 ./drivers/mac/region/RegionAU915.o
                0x0000638c                RegionAU915NextChannel
 .text.RegionAU915SetContinuousWave
                0x000064dc       0xa8 ./drivers/mac/region/RegionAU915.o
                0x000064dc                RegionAU915SetContinuousWave
 .text.RegionAU915ApplyDrOffset
                0x00006584       0x74 ./drivers/mac/region/RegionAU915.o
                0x00006584                RegionAU915ApplyDrOffset
 .text.RegionAU915RxBeaconSetup
                0x000065f8       0x58 ./drivers/mac/region/RegionAU915.o
                0x000065f8                RegionAU915RxBeaconSetup
 .text.RegionCommonGetJoinDc
                0x00006650       0x60 ./drivers/mac/region/RegionCommon.o
                0x00006650                RegionCommonGetJoinDc
 .text.RegionCommonComputeSymbolTimeLoRa
                0x000066b0       0x58 ./drivers/mac/region/RegionCommon.o
                0x000066b0                RegionCommonComputeSymbolTimeLoRa
 .text.RegionCommonComputeRxWindowParameters
                0x00006708      0x168 ./drivers/mac/region/RegionCommon.o
                0x00006708                RegionCommonComputeRxWindowParameters
 .text.RegionCommonRxBeaconSetup
                0x00006870       0xb4 ./drivers/mac/region/RegionCommon.o
                0x00006870                RegionCommonRxBeaconSetup
 .text.OnRadioTxDone
                0x00006924       0x6c ./drivers/mac/LoRaMac.o
 .text.OnRadioRxDone
                0x00006990       0x90 ./drivers/mac/LoRaMac.o
 .text.OnRadioTxTimeout
                0x00006a20       0x44 ./drivers/mac/LoRaMac.o
 .text.OnRadioRxError
                0x00006a64       0x44 ./drivers/mac/LoRaMac.o
 .text.OnRadioRxTimeout
                0x00006aa8       0x44 ./drivers/mac/LoRaMac.o
 .text.ProcessRadioTxDone
                0x00006aec      0x18c ./drivers/mac/LoRaMac.o
 .text.PrepareRxDoneAbort
                0x00006c78       0x54 ./drivers/mac/LoRaMac.o
 .text.ProcessRadioRxDone
                0x00006ccc      0xa6c ./drivers/mac/LoRaMac.o
 .text.ProcessRadioTxTimeout
                0x00007738       0x50 ./drivers/mac/LoRaMac.o
 .text.HandleRadioRxErrorTimeout
                0x00007788      0x188 ./drivers/mac/LoRaMac.o
 .text.LoRaMacHandleIrqEvents
                0x00007910       0x90 ./drivers/mac/LoRaMac.o
 .text.LoRaMacIsBusy
                0x000079a0       0x30 ./drivers/mac/LoRaMac.o
 .text.LoRaMacEnableRequests
                0x000079d0       0x28 ./drivers/mac/LoRaMac.o
 .text.LoRaMacHandleRequestEvents
                0x000079f8       0xcc ./drivers/mac/LoRaMac.o
 .text.LoRaMacHandleIndicationEvents
                0x00007ac4       0xcc ./drivers/mac/LoRaMac.o
 .text.LoRaMacHandleMcpsRequest
                0x00007b90       0xe0 ./drivers/mac/LoRaMac.o
 .text.LoRaMacHandleJoinRequest
                0x00007c70       0x5c ./drivers/mac/LoRaMac.o
 .text.LoRaMacCheckForTxTimeout
                0x00007ccc       0x6c ./drivers/mac/LoRaMac.o
 .text.LoRaMacCheckForBeaconAcquisition
                0x00007d38       0x58 ./drivers/mac/LoRaMac.o
 .text.LoRaMacCheckForRxAbort
                0x00007d90       0x48 ./drivers/mac/LoRaMac.o
 .text.LoRaMacProcess
                0x00007dd8       0x88 ./drivers/mac/LoRaMac.o
                0x00007dd8                LoRaMacProcess
 .text.OnTxDelayedTimerEvent
                0x00007e60       0x8c ./drivers/mac/LoRaMac.o
 .text.OnRxWindow1TimerEvent
                0x00007eec       0xec ./drivers/mac/LoRaMac.o
 .text.OnRxWindow2TimerEvent
                0x00007fd8       0xe8 ./drivers/mac/LoRaMac.o
 .text.OnAckTimeoutTimerEvent
                0x000080c0       0x58 ./drivers/mac/LoRaMac.o
 .text.RxWindowSetup
                0x00008118       0x3c ./drivers/mac/LoRaMac.o
 .text.SwitchClass
                0x00008154      0x14c ./drivers/mac/LoRaMac.o
 .text.GetMaxAppPayloadWithoutFOptsLength
                0x000082a0       0x78 ./drivers/mac/LoRaMac.o
 .text.SetMlmeScheduleUplinkIndication
                0x00008318       0x2c ./drivers/mac/LoRaMac.o
 .text.ProcessMacCommands
                0x00008344      0xb70 ./drivers/mac/LoRaMac.o
 .text.Send     0x00008eb4      0x294 ./drivers/mac/LoRaMac.o
                0x00008eb4                Send
 .text.SendReJoinReq
                0x00009148       0xc4 ./drivers/mac/LoRaMac.o
                0x00009148                SendReJoinReq
 .text.ScheduleTx
                0x0000920c      0x2e8 ./drivers/mac/LoRaMac.o
 .text.SecureFrame
                0x000094f4       0xbc ./drivers/mac/LoRaMac.o
 .text.CalculateBackOff
                0x000095b0      0x114 ./drivers/mac/LoRaMac.o
 .text.ResetMacParameters
                0x000096c4      0x1a0 ./drivers/mac/LoRaMac.o
 .text.OpenContinuousRx2Window
                0x00009864       0x20 ./drivers/mac/LoRaMac.o
 .text.PrepareFrame
                0x00009884      0x2a8 ./drivers/mac/LoRaMac.o
                0x00009884                PrepareFrame
 .text.SendFrameOnChannel
                0x00009b2c      0x188 ./drivers/mac/LoRaMac.o
                0x00009b2c                SendFrameOnChannel
 .text.SetTxContinuousWave
                0x00009cb4       0xa0 ./drivers/mac/LoRaMac.o
                0x00009cb4                SetTxContinuousWave
 .text.SetTxContinuousWave1
                0x00009d54       0x50 ./drivers/mac/LoRaMac.o
                0x00009d54                SetTxContinuousWave1
 .text.GetCtxs  0x00009da4       0xbc ./drivers/mac/LoRaMac.o
                0x00009da4                GetCtxs
 .text.RestoreCtxs
                0x00009e60       0xf4 ./drivers/mac/LoRaMac.o
                0x00009e60                RestoreCtxs
 .text.CheckRetransUnconfirmedUplink
                0x00009f54       0x68 ./drivers/mac/LoRaMac.o
 .text.CheckRetransConfirmedUplink
                0x00009fbc       0x50 ./drivers/mac/LoRaMac.o
 .text.StopRetransmission
                0x0000a00c       0xa8 ./drivers/mac/LoRaMac.o
 .text.AckTimeoutRetriesProcess
                0x0000a0b4       0xa8 ./drivers/mac/LoRaMac.o
 .text.AckTimeoutRetriesFinalize
                0x0000a15c       0x74 ./drivers/mac/LoRaMac.o
 .text.CallNvmCtxCallback
                0x0000a1d0       0x44 ./drivers/mac/LoRaMac.o
 .text.IsRequestPending
                0x0000a214       0x38 ./drivers/mac/LoRaMac.o
 .text.LoRaMacInitialization
                0x0000a24c      0x7c4 ./drivers/mac/LoRaMac.o
                0x0000a24c                LoRaMacInitialization
 .text.LoRaMacStart
                0x0000aa10       0x1c ./drivers/mac/LoRaMac.o
                0x0000aa10                LoRaMacStart
 .text.LoRaMacQueryTxPossible
                0x0000aa2c      0x168 ./drivers/mac/LoRaMac.o
                0x0000aa2c                LoRaMacQueryTxPossible
 .text.LoRaMacMibGetRequestConfirm
                0x0000ab94      0x298 ./drivers/mac/LoRaMac.o
                0x0000ab94                LoRaMacMibGetRequestConfirm
 .text.LoRaMacMibSetRequestConfirm
                0x0000ae2c      0x8f8 ./drivers/mac/LoRaMac.o
                0x0000ae2c                LoRaMacMibSetRequestConfirm
 .text.LoRaMacMlmeRequest
                0x0000b724      0x2dc ./drivers/mac/LoRaMac.o
                0x0000b724                LoRaMacMlmeRequest
 .text.LoRaMacMcpsRequest
                0x0000ba00      0x27c ./drivers/mac/LoRaMac.o
                0x0000ba00                LoRaMacMcpsRequest
 .text.CalcDownlinkFrequency
                0x0000bc7c       0x78 ./drivers/mac/LoRaMacClassB.o
 .text.CalcDownlinkChannelAndFrequency
                0x0000bcf4       0xa0 ./drivers/mac/LoRaMacClassB.o
 .text.RxBeaconSetup
                0x0000bd94      0x15c ./drivers/mac/LoRaMacClassB.o
 .text.CalcNextSlotTime
                0x0000bef0      0x134 ./drivers/mac/LoRaMacClassB.o
 .text.BeaconCrc
                0x0000c024       0xd4 ./drivers/mac/LoRaMacClassB.o
 .text.InitClassBDefaults
                0x0000c0f8       0xa0 ./drivers/mac/LoRaMacClassB.o
 .text.EnlargeWindowTimeout
                0x0000c198       0x7c ./drivers/mac/LoRaMacClassB.o
 .text.ResetWindowTimeout
                0x0000c214       0x28 ./drivers/mac/LoRaMacClassB.o
 .text.IndicateBeaconStatus
                0x0000c23c       0x64 ./drivers/mac/LoRaMacClassB.o
 .text.ApplyGuardTime
                0x0000c2a0       0x30 ./drivers/mac/LoRaMacClassB.o
 .text.UpdateBeaconState
                0x0000c2d0       0x8c ./drivers/mac/LoRaMacClassB.o
 .text.NvmContextChange
                0x0000c35c       0x1c ./drivers/mac/LoRaMacClassB.o
 .text.LoRaMacClassBInit
                0x0000c378       0x80 ./drivers/mac/LoRaMacClassB.o
                0x0000c378                LoRaMacClassBInit
 .text.LoRaMacClassBRestoreNvmCtx
                0x0000c3f8       0x2c ./drivers/mac/LoRaMacClassB.o
                0x0000c3f8                LoRaMacClassBRestoreNvmCtx
 .text.LoRaMacClassBGetNvmCtx
                0x0000c424       0x1c ./drivers/mac/LoRaMacClassB.o
                0x0000c424                LoRaMacClassBGetNvmCtx
 .text.LoRaMacClassBSetBeaconState
                0x0000c440       0x7c ./drivers/mac/LoRaMacClassB.o
                0x0000c440                LoRaMacClassBSetBeaconState
 .text.LoRaMacClassBSetPingSlotState
                0x0000c4bc       0x28 ./drivers/mac/LoRaMacClassB.o
                0x0000c4bc                LoRaMacClassBSetPingSlotState
 .text.LoRaMacClassBSetMulticastSlotState
                0x0000c4e4       0x28 ./drivers/mac/LoRaMacClassB.o
                0x0000c4e4                LoRaMacClassBSetMulticastSlotState
 .text.LoRaMacClassBIsAcquisitionInProgress
                0x0000c50c       0x2c ./drivers/mac/LoRaMacClassB.o
                0x0000c50c                LoRaMacClassBIsAcquisitionInProgress
 .text.LoRaMacClassBBeaconTimerEvent
                0x0000c538       0x4c ./drivers/mac/LoRaMacClassB.o
                0x0000c538                LoRaMacClassBBeaconTimerEvent
 .text.LoRaMacClassBProcessBeacon
                0x0000c584      0x354 ./drivers/mac/LoRaMacClassB.o
 .text.LoRaMacClassBPingSlotTimerEvent
                0x0000c8d8       0x30 ./drivers/mac/LoRaMacClassB.o
                0x0000c8d8                LoRaMacClassBPingSlotTimerEvent
 .text.LoRaMacClassBProcessPingSlot
                0x0000c908      0x1e0 ./drivers/mac/LoRaMacClassB.o
 .text.LoRaMacClassBMulticastSlotTimerEvent
                0x0000cae8       0x30 ./drivers/mac/LoRaMacClassB.o
                0x0000cae8                LoRaMacClassBMulticastSlotTimerEvent
 .text.LoRaMacClassBProcessMulticastSlot
                0x0000cb18      0x2a8 ./drivers/mac/LoRaMacClassB.o
 .text.LoRaMacClassBRxBeacon
                0x0000cdc0      0x2a0 ./drivers/mac/LoRaMacClassB.o
                0x0000cdc0                LoRaMacClassBRxBeacon
 .text.LoRaMacClassBIsBeaconExpected
                0x0000d060       0x30 ./drivers/mac/LoRaMacClassB.o
                0x0000d060                LoRaMacClassBIsBeaconExpected
 .text.LoRaMacClassBIsPingExpected
                0x0000d090       0x20 ./drivers/mac/LoRaMacClassB.o
                0x0000d090                LoRaMacClassBIsPingExpected
 .text.LoRaMacClassBIsMulticastExpected
                0x0000d0b0       0x20 ./drivers/mac/LoRaMacClassB.o
                0x0000d0b0                LoRaMacClassBIsMulticastExpected
 .text.LoRaMacClassBIsAcquisitionPending
                0x0000d0d0       0x28 ./drivers/mac/LoRaMacClassB.o
                0x0000d0d0                LoRaMacClassBIsAcquisitionPending
 .text.LoRaMacClassBIsBeaconModeActive
                0x0000d0f8       0x30 ./drivers/mac/LoRaMacClassB.o
                0x0000d0f8                LoRaMacClassBIsBeaconModeActive
 .text.LoRaMacClassBSetPingSlotInfo
                0x0000d128       0x44 ./drivers/mac/LoRaMacClassB.o
                0x0000d128                LoRaMacClassBSetPingSlotInfo
 .text.LoRaMacClassBHaltBeaconing
                0x0000d16c       0x74 ./drivers/mac/LoRaMacClassB.o
                0x0000d16c                LoRaMacClassBHaltBeaconing
 .text.LoRaMacClassBResumeBeaconing
                0x0000d1e0       0x54 ./drivers/mac/LoRaMacClassB.o
                0x0000d1e0                LoRaMacClassBResumeBeaconing
 .text.LoRaMacClassBSwitchClass
                0x0000d234       0x5c ./drivers/mac/LoRaMacClassB.o
                0x0000d234                LoRaMacClassBSwitchClass
 .text.LoRaMacClassBMibGetRequestConfirm
                0x0000d290       0x3c ./drivers/mac/LoRaMacClassB.o
                0x0000d290                LoRaMacClassBMibGetRequestConfirm
 .text.LoRaMacMibClassBSetRequestConfirm
                0x0000d2cc       0x40 ./drivers/mac/LoRaMacClassB.o
                0x0000d2cc                LoRaMacMibClassBSetRequestConfirm
 .text.LoRaMacClassBPingSlotInfoAns
                0x0000d30c       0x2c ./drivers/mac/LoRaMacClassB.o
                0x0000d30c                LoRaMacClassBPingSlotInfoAns
 .text.LoRaMacClassBPingSlotChannelReq
                0x0000d338       0xfc ./drivers/mac/LoRaMacClassB.o
                0x0000d338                LoRaMacClassBPingSlotChannelReq
 .text.LoRaMacClassBBeaconTimingAns
                0x0000d434       0xc8 ./drivers/mac/LoRaMacClassB.o
                0x0000d434                LoRaMacClassBBeaconTimingAns
 .text.LoRaMacClassBDeviceTimeAns
                0x0000d4fc       0x2c ./drivers/mac/LoRaMacClassB.o
                0x0000d4fc                LoRaMacClassBDeviceTimeAns
 .text.LoRaMacClassBBeaconFreqReq
                0x0000d528       0x60 ./drivers/mac/LoRaMacClassB.o
                0x0000d528                LoRaMacClassBBeaconFreqReq
 .text.LoRaMacClassBIsUplinkCollision
                0x0000d588       0x6c ./drivers/mac/LoRaMacClassB.o
                0x0000d588                LoRaMacClassBIsUplinkCollision
 .text.LoRaMacClassBStopRxSlots
                0x0000d5f4       0x50 ./drivers/mac/LoRaMacClassB.o
                0x0000d5f4                LoRaMacClassBStopRxSlots
 .text.LoRaMacClassBStartRxSlots
                0x0000d644       0x60 ./drivers/mac/LoRaMacClassB.o
                0x0000d644                LoRaMacClassBStartRxSlots
 .text.LoRaMacClassBProcess
                0x0000d6a4       0x6c ./drivers/mac/LoRaMacClassB.o
                0x0000d6a4                LoRaMacClassBProcess
 .text.mallocNewMacCommandSlot
                0x0000d710       0x60 ./drivers/mac/LoRaMacCommands.o
                0x0000d710                mallocNewMacCommandSlot
 .text.NvmCtxCallback
                0x0000d770       0x1c ./drivers/mac/LoRaMacCommands.o
 .text.LoRaMacCommandsInit
                0x0000d78c       0x34 ./drivers/mac/LoRaMacCommands.o
                0x0000d78c                LoRaMacCommandsInit
 .text.LoRaMacCommandsRestoreNvmCtx
                0x0000d7c0       0x2c ./drivers/mac/LoRaMacCommands.o
                0x0000d7c0                LoRaMacCommandsRestoreNvmCtx
 .text.LoRaMacCommandsGetNvmCtx
                0x0000d7ec       0x1c ./drivers/mac/LoRaMacCommands.o
                0x0000d7ec                LoRaMacCommandsGetNvmCtx
 .text.LoRaMacCommandsAddCmd
                0x0000d808       0xa4 ./drivers/mac/LoRaMacCommands.o
                0x0000d808                LoRaMacCommandsAddCmd
 .text.LoRaMacCommandsRemoveCmd
                0x0000d8ac       0x70 ./drivers/mac/LoRaMacCommands.o
                0x0000d8ac                LoRaMacCommandsRemoveCmd
 .text.LoRaMacCommandsRemoveNoneStickyCmds
                0x0000d91c       0x50 ./drivers/mac/LoRaMacCommands.o
                0x0000d91c                LoRaMacCommandsRemoveNoneStickyCmds
 .text.LoRaMacCommandsRemoveStickyAnsCmds
                0x0000d96c       0x78 ./drivers/mac/LoRaMacCommands.o
                0x0000d96c                LoRaMacCommandsRemoveStickyAnsCmds
 .text.LoRaMacCommandsGetSizeSerializedCmds
                0x0000d9e4       0x2c ./drivers/mac/LoRaMacCommands.o
                0x0000d9e4                LoRaMacCommandsGetSizeSerializedCmds
 .text.LoRaMacCommandsSerializeCmds
                0x0000da10       0xa0 ./drivers/mac/LoRaMacCommands.o
                0x0000da10                LoRaMacCommandsSerializeCmds
 .text.LoRaMacCommandsStickyCmdsPending
                0x0000dab0       0x4c ./drivers/mac/LoRaMacCommands.o
                0x0000dab0                LoRaMacCommandsStickyCmdsPending
 .text.IncreaseBufferPointer
                0x0000dafc       0x30 ./drivers/mac/LoRaMacConfirmQueue.o
 .text.LoRaMacConfirmQueueInit
                0x0000db2c       0x60 ./drivers/mac/LoRaMacConfirmQueue.o
                0x0000db2c                LoRaMacConfirmQueueInit
 .text.LoRaMacConfirmQueueRestoreNvmCtx
                0x0000db8c       0x2c ./drivers/mac/LoRaMacConfirmQueue.o
                0x0000db8c                LoRaMacConfirmQueueRestoreNvmCtx
 .text.LoRaMacConfirmQueueGetNvmCtx
                0x0000dbb8       0x1c ./drivers/mac/LoRaMacConfirmQueue.o
                0x0000dbb8                LoRaMacConfirmQueueGetNvmCtx
 .text.LoRaMacConfirmQueueAdd
                0x0000dbd4       0x68 ./drivers/mac/LoRaMacConfirmQueue.o
                0x0000dbd4                LoRaMacConfirmQueueAdd
 .text.LoRaMacConfirmQueueRemoveFirst
                0x0000dc3c       0x3c ./drivers/mac/LoRaMacConfirmQueue.o
                0x0000dc3c                LoRaMacConfirmQueueRemoveFirst
 .text.LoRaMacConfirmQueueSetStatus
                0x0000dc78       0x58 ./drivers/mac/LoRaMacConfirmQueue.o
                0x0000dc78                LoRaMacConfirmQueueSetStatus
 .text.LoRaMacConfirmQueueGetStatus
                0x0000dcd0       0x4c ./drivers/mac/LoRaMacConfirmQueue.o
                0x0000dcd0                LoRaMacConfirmQueueGetStatus
 .text.LoRaMacConfirmQueueSetStatusCmn
                0x0000dd1c       0x64 ./drivers/mac/LoRaMacConfirmQueue.o
                0x0000dd1c                LoRaMacConfirmQueueSetStatusCmn
 .text.LoRaMacConfirmQueueGetStatusCmn
                0x0000dd80       0x14 ./drivers/mac/LoRaMacConfirmQueue.o
                0x0000dd80                LoRaMacConfirmQueueGetStatusCmn
 .text.LoRaMacConfirmQueueIsCmdActive
                0x0000dd94       0x34 ./drivers/mac/LoRaMacConfirmQueue.o
                0x0000dd94                LoRaMacConfirmQueueIsCmdActive
 .text.LoRaMacConfirmQueueHandleCb
                0x0000ddc8       0xc4 ./drivers/mac/LoRaMacConfirmQueue.o
                0x0000ddc8                LoRaMacConfirmQueueHandleCb
 .text.LoRaMacConfirmQueueGetCnt
                0x0000de8c       0x14 ./drivers/mac/LoRaMacConfirmQueue.o
                0x0000de8c                LoRaMacConfirmQueueGetCnt
 .text.LoRaMacConfirmQueueIsFull
                0x0000dea0       0x20 ./drivers/mac/LoRaMacConfirmQueue.o
                0x0000dea0                LoRaMacConfirmQueueIsFull
 .text.PrepareB0
                0x0000dec0      0x130 ./drivers/mac/LoRaMacCrypto.o
 .text.ComputeCmacB0
                0x0000dff0      0x138 ./drivers/mac/LoRaMacCrypto.o
 .text.VerifyCmacB0
                0x0000e128      0x164 ./drivers/mac/LoRaMacCrypto.o
 .text.PrepareB1
                0x0000e28c      0x118 ./drivers/mac/LoRaMacCrypto.o
 .text.ComputeCmacB1
                0x0000e3a4      0x140 ./drivers/mac/LoRaMacCrypto.o
 .text.GetKeyAddrItem
                0x0000e4e4       0x64 ./drivers/mac/LoRaMacCrypto.o
 .text.DeriveSessionKey10x
                0x0000e548       0xbc ./drivers/mac/LoRaMacCrypto.o
 .text.DeriveSessionKey11x
                0x0000e604       0xec ./drivers/mac/LoRaMacCrypto.o
 .text.DeriveLifeTimeSessionKey
                0x0000e6f0       0x88 ./drivers/mac/LoRaMacCrypto.o
 .text.CheckFCntDown
                0x0000e778       0xbc ./drivers/mac/LoRaMacCrypto.o
 .text.UpdateFCntDown
                0x0000e834       0x80 ./drivers/mac/LoRaMacCrypto.o
 .text.ResetFCnts
                0x0000e8b4       0x64 ./drivers/mac/LoRaMacCrypto.o
                0x0000e8b4                ResetFCnts
 .text.LoRaMacCryptoInit
                0x0000e918       0xa0 ./drivers/mac/LoRaMacCrypto.o
                0x0000e918                LoRaMacCryptoInit
 .text.LoRaMacCryptoSetLrWanVersion
                0x0000e9b8       0x1c ./drivers/mac/LoRaMacCrypto.o
                0x0000e9b8                LoRaMacCryptoSetLrWanVersion
 .text.LoRaMacCryptoRestoreNvmCtx
                0x0000e9d4       0x2c ./drivers/mac/LoRaMacCrypto.o
                0x0000e9d4                LoRaMacCryptoRestoreNvmCtx
 .text.LoRaMacCryptoGetNvmCtx
                0x0000ea00       0x1c ./drivers/mac/LoRaMacCrypto.o
                0x0000ea00                LoRaMacCryptoGetNvmCtx
 .text.LoRaMacCryptoPrepareJoinRequest
                0x0000ea1c       0xe8 ./drivers/mac/LoRaMacCrypto.o
                0x0000ea1c                LoRaMacCryptoPrepareJoinRequest
 .text.LoRaMacCryptoHandleJoinAccept
                0x0000eb04      0x4f4 ./drivers/mac/LoRaMacCrypto.o
                0x0000eb04                LoRaMacCryptoHandleJoinAccept
 .text.LoRaMacCryptoSecureMessage
                0x0000eff8      0x244 ./drivers/mac/LoRaMacCrypto.o
                0x0000eff8                LoRaMacCryptoSecureMessage
 .text.LoRaMacCryptoUnsecureMessage
                0x0000f23c      0x1dc ./drivers/mac/LoRaMacCrypto.o
                0x0000f23c                LoRaMacCryptoUnsecureMessage
 .text.NvmCtxChanged
                0x0000f418       0x1c ./drivers/mac/LoRaMacFCntHandler.o
 .text.LoRaMacFCntHandlerInit
                0x0000f434       0x20 ./drivers/mac/LoRaMacFCntHandler.o
                0x0000f434                LoRaMacFCntHandlerInit
 .text.LoRaMacFCntHandlerRestoreNvmCtx
                0x0000f454       0x2c ./drivers/mac/LoRaMacFCntHandler.o
                0x0000f454                LoRaMacFCntHandlerRestoreNvmCtx
 .text.LoRaMacFCntHandlerGetNvmCtx
                0x0000f480       0x1c ./drivers/mac/LoRaMacFCntHandler.o
                0x0000f480                LoRaMacFCntHandlerGetNvmCtx
 .text.LoRaMacGetFCntDown
                0x0000f49c      0x15c ./drivers/mac/LoRaMacFCntHandler.o
                0x0000f49c                LoRaMacGetFCntDown
 .text.LoRaMacSetFCntDown
                0x0000f5f8       0x78 ./drivers/mac/LoRaMacFCntHandler.o
                0x0000f5f8                LoRaMacSetFCntDown
 .text.LoRaMacGetFCntUp
                0x0000f670       0x2c ./drivers/mac/LoRaMacFCntHandler.o
                0x0000f670                LoRaMacGetFCntUp
 .text.LoRaMacSetFCntUp
                0x0000f69c       0x20 ./drivers/mac/LoRaMacFCntHandler.o
                0x0000f69c                LoRaMacSetFCntUp
 .text.LoRaMacResetFCnts
                0x0000f6bc       0x54 ./drivers/mac/LoRaMacFCntHandler.o
                0x0000f6bc                LoRaMacResetFCnts
 .text.LoRaMacFCntHandlerSetMulticastReference
                0x0000f710       0x4c ./drivers/mac/LoRaMacFCntHandler.o
                0x0000f710                LoRaMacFCntHandlerSetMulticastReference
 .text.CLOCK_SetEr32kClock
                0x0000f75c       0x34 ./drivers/fsl_clock.o
 .text.CLOCK_SetPllFllSelClock
                0x0000f790       0x38 ./drivers/fsl_clock.o
 .text.CLOCK_GetMcgExtClkFreq
                0x0000f7c8       0x28 ./drivers/fsl_clock.o
 .text.CLOCK_GetFllExtRefClkFreq
                0x0000f7f0       0xa4 ./drivers/fsl_clock.o
 .text.CLOCK_GetInternalRefClkSelectFreq
                0x0000f894       0x40 ./drivers/fsl_clock.o
 .text.CLOCK_GetFllRefClkFreq
                0x0000f8d4       0x2c ./drivers/fsl_clock.o
 .text.CLOCK_GetOscRangeFromFreq
                0x0000f900       0x4c ./drivers/fsl_clock.o
 .text.CLOCK_GetOsc0ErClkFreq
                0x0000f94c       0x3c ./drivers/fsl_clock.o
                0x0000f94c                CLOCK_GetOsc0ErClkFreq
 .text.CLOCK_GetEr32kClkFreq
                0x0000f988       0x74 ./drivers/fsl_clock.o
                0x0000f988                CLOCK_GetEr32kClkFreq
 .text.CLOCK_GetPllFllSelClkFreq
                0x0000f9fc       0x4c ./drivers/fsl_clock.o
                0x0000f9fc                CLOCK_GetPllFllSelClkFreq
 .text.CLOCK_GetFreq
                0x0000fa48       0xe0 ./drivers/fsl_clock.o
                0x0000fa48                CLOCK_GetFreq
 .text.CLOCK_SetSimConfig
                0x0000fb28       0x38 ./drivers/fsl_clock.o
                0x0000fb28                CLOCK_SetSimConfig
 .text.CLOCK_GetOutClkFreq
                0x0000fb60       0x60 ./drivers/fsl_clock.o
                0x0000fb60                CLOCK_GetOutClkFreq
 .text.CLOCK_GetFllFreq
                0x0000fbc0       0x84 ./drivers/fsl_clock.o
                0x0000fbc0                CLOCK_GetFllFreq
 .text.CLOCK_GetInternalRefClkFreq
                0x0000fc44       0x28 ./drivers/fsl_clock.o
                0x0000fc44                CLOCK_GetInternalRefClkFreq
 .text.CLOCK_GetPll0Freq
                0x0000fc6c       0x70 ./drivers/fsl_clock.o
                0x0000fc6c                CLOCK_GetPll0Freq
 .text.CLOCK_SetInternalRefClkConfig
                0x0000fcdc      0x128 ./drivers/fsl_clock.o
                0x0000fcdc                CLOCK_SetInternalRefClkConfig
 .text.CLOCK_EnablePll0
                0x0000fe04       0x90 ./drivers/fsl_clock.o
                0x0000fe04                CLOCK_EnablePll0
 .text.CLOCK_InitOsc0
                0x0000fe94       0xa4 ./drivers/fsl_clock.o
                0x0000fe94                CLOCK_InitOsc0
 .text.CLOCK_SetPbeMode
                0x0000ff38       0xb0 ./drivers/fsl_clock.o
                0x0000ff38                CLOCK_SetPbeMode
 .text.CLOCK_BootToPeeMode
                0x0000ffe8       0x70 ./drivers/fsl_clock.o
                0x0000ffe8                CLOCK_BootToPeeMode
 .text.GPIO_GetInstance
                0x00010058       0x4c ./drivers/fsl_gpio.o
 .text.GPIO_PinInit
                0x000100a4       0x64 ./drivers/fsl_gpio.o
                0x000100a4                GPIO_PinInit
 .text.GPIO_PortClearInterruptFlags
                0x00010108       0x3c ./drivers/fsl_gpio.o
                0x00010108                GPIO_PortClearInterruptFlags
 .text.CLOCK_EnableClock
                0x00010144       0x34 ./drivers/fsl_lpsci.o
 .text.LPSCI_GetInstance
                0x00010178       0x48 ./drivers/fsl_lpsci.o
                0x00010178                LPSCI_GetInstance
 .text.LPSCI_Init
                0x000101c0      0x278 ./drivers/fsl_lpsci.o
                0x000101c0                LPSCI_Init
 .text.LPSCI_GetDefaultConfig
                0x00010438       0x48 ./drivers/fsl_lpsci.o
                0x00010438                LPSCI_GetDefaultConfig
 .text.UART0_DriverIRQHandler
                0x00010480       0x24 ./drivers/fsl_lpsci.o
                0x00010480                UART0_DriverIRQHandler
 .text.CLOCK_EnableClock
                0x000104a4       0x34 ./drivers/fsl_pit.o
 .text.PIT_GetInstance
                0x000104d8       0x48 ./drivers/fsl_pit.o
 .text.PIT_Init
                0x00010520       0x6c ./drivers/fsl_pit.o
                0x00010520                PIT_Init
 .text.CLOCK_EnableClock
                0x0001058c       0x34 ./drivers/fsl_spi.o
 .text.SPI_GetInstance
                0x000105c0       0x4c ./drivers/fsl_spi.o
                0x000105c0                SPI_GetInstance
 .text.SPI_SetDummyData
                0x0001060c       0x34 ./drivers/fsl_spi.o
                0x0001060c                SPI_SetDummyData
 .text.SPI_WriteNonBlocking
                0x00010640       0xc4 ./drivers/fsl_spi.o
 .text.SPI_MasterGetDefaultConfig
                0x00010704       0x58 ./drivers/fsl_spi.o
                0x00010704                SPI_MasterGetDefaultConfig
 .text.SPI_MasterInit
                0x0001075c      0x164 ./drivers/fsl_spi.o
                0x0001075c                SPI_MasterInit
 .text.SPI_MasterTransferBlocking
                0x000108c0      0x104 ./drivers/fsl_spi.o
                0x000108c0                SPI_MasterTransferBlocking
 .text.SPI_CommonIRQHandler
                0x000109c4       0x54 ./drivers/fsl_spi.o
 .text.SPI0_DriverIRQHandler
                0x00010a18       0x30 ./drivers/fsl_spi.o
                0x00010a18                SPI0_DriverIRQHandler
 .text.SPI1_DriverIRQHandler
                0x00010a48       0x30 ./drivers/fsl_spi.o
                0x00010a48                SPI1_DriverIRQHandler
 .text.CLOCK_EnableClock
                0x00010a78       0x34 ./drivers/fsl_uart.o
 .text.UART_GetInstance
                0x00010aac       0x54 ./drivers/fsl_uart.o
                0x00010aac                UART_GetInstance
 .text.UART_Init
                0x00010b00      0x200 ./drivers/fsl_uart.o
                0x00010b00                UART_Init
 .text.UART_GetDefaultConfig
                0x00010d00       0x48 ./drivers/fsl_uart.o
                0x00010d00                UART_GetDefaultConfig
 .text.UART1_DriverIRQHandler
                0x00010d48       0x24 ./drivers/fsl_uart.o
                0x00010d48                UART1_DriverIRQHandler
 .text.UART2_DriverIRQHandler
                0x00010d6c       0x24 ./drivers/fsl_uart.o
                0x00010d6c                UART2_DriverIRQHandler
 .text.CLOCK_SetLpsci0Clock
                0x00010d90       0x38 ./board/src/board_46.o
 .text.BOARD_InitDebugConsole
                0x00010dc8       0x30 ./board/src/board_46.o
                0x00010dc8                BOARD_InitDebugConsole
 .text.CLOCK_EnableClock
                0x00010df8       0x34 ./board/src/clock_config.o
 .text.CLOCK_DisableClock
                0x00010e2c       0x38 ./board/src/clock_config.o
 .text.CLOCK_SetSimSafeDivs
                0x00010e64       0x20 ./board/src/clock_config.o
 .text.CLOCK_SetXtal0Freq
                0x00010e84       0x1c ./board/src/clock_config.o
 .text.CLOCK_CONFIG_SetRtcClock
                0x00010ea0       0x34 ./board/src/clock_config.o
 .text.CLOCK_CONFIG_SetFllExtRefDiv
                0x00010ed4       0x3c ./board/src/clock_config.o
 .text.BOARD_BootClockRUN
                0x00010f10       0x68 ./board/src/clock_config.o
                0x00010f10                BOARD_BootClockRUN
 .text.__NVIC_EnableIRQ
                0x00010f78       0x34 ./board/src/pin_mux.o
 .text.CLOCK_EnableClock
                0x00010fac       0x34 ./board/src/pin_mux.o
 .text.PORT_SetPinConfig
                0x00010fe0       0x38 ./board/src/pin_mux.o
 .text.PORT_SetPinMux
                0x00011018       0x40 ./board/src/pin_mux.o
 .text.PORT_SetPinInterruptConfig
                0x00011058       0x40 ./board/src/pin_mux.o
 .text.BOARD_InitPins
                0x00011098      0x330 ./board/src/pin_mux.o
                0x00011098                BOARD_InitPins
 .text.__NVIC_SetPriority
                0x000113c8       0xdc ./board/board.o
 .text.SysTick_Config
                0x000114a4       0x48 ./board/board.o
 .text.BoardInitPeriph
                0x000114ec       0x64 ./board/board.o
                0x000114ec                BoardInitPeriph
 .text.BoardInitMcu
                0x00011550       0x6c ./board/board.o
                0x00011550                BoardInitMcu
 .text.SysTick_Handler
                0x000115bc       0x20 ./board/delay-board.o
                0x000115bc                SysTick_Handler
 .text.SysTick_DelayTicks
                0x000115dc       0x24 ./board/delay-board.o
                0x000115dc                SysTick_DelayTicks
 .text.GpioMcuInit
                0x00011600       0xb0 ./board/gpio-board.o
                0x00011600                GpioMcuInit
 .text.PORTA_IRQHandler
                0x000116b0       0x8c ./board/gpio-board.o
                0x000116b0                PORTA_IRQHandler
 .text.__NVIC_EnableIRQ
                0x0001173c       0x34 ./board/rtc-board.o
 .text.__NVIC_SetPriority
                0x00011770       0xdc ./board/rtc-board.o
 .text.PIT_GetDefaultConfig
                0x0001184c       0x28 ./board/rtc-board.o
 .text.PIT_IRQHandler
                0x00011874       0x28 ./board/rtc-board.o
                0x00011874                PIT_IRQHandler
 .text.RtcInit  0x0001189c       0xb0 ./board/rtc-board.o
                0x0001189c                RtcInit
 .text.RtcGetCalendarTime
                0x0001194c       0x58 ./board/rtc-board.o
                0x0001194c                RtcGetCalendarTime
 .text.RtcSetTimerContext
                0x000119a4       0x20 ./board/rtc-board.o
                0x000119a4                RtcSetTimerContext
 .text.RtcGetTimerContext
                0x000119c4       0x14 ./board/rtc-board.o
                0x000119c4                RtcGetTimerContext
 .text.RtcStopAlarm
                0x000119d8       0x14 ./board/rtc-board.o
                0x000119d8                RtcStopAlarm
 .text.RtcStartAlarm
                0x000119ec       0x4c ./board/rtc-board.o
                0x000119ec                RtcStartAlarm
 .text.RtcGetTimerValue
                0x00011a38       0x14 ./board/rtc-board.o
                0x00011a38                RtcGetTimerValue
 .text.RtcGetTimerElapsedTime
                0x00011a4c       0x1c ./board/rtc-board.o
                0x00011a4c                RtcGetTimerElapsedTime
 .text.RtcBkupWrite
                0x00011a68       0x34 ./board/rtc-board.o
                0x00011a68                RtcBkupWrite
 .text.RtcBkupRead
                0x00011a9c       0x38 ./board/rtc-board.o
                0x00011a9c                RtcBkupRead
 .text.RtcProcess
                0x00011ad4       0x58 ./board/rtc-board.o
                0x00011ad4                RtcProcess
 .text.SpiInit  0x00011b2c       0xa8 ./board/spi-board.o
                0x00011b2c                SpiInit
 .text.SpiInOut
                0x00011bd4       0x54 ./board/spi-board.o
                0x00011bd4                SpiInOut
 .text.SX1276IoInit
                0x00011c28       0x98 ./board/sx1276-board.o
                0x00011c28                SX1276IoInit
 .text.IoIrqInit
                0x00011cc0       0x28 ./board/sx1276-board.o
 .text.SX1276Reset
                0x00011ce8       0x44 ./board/sx1276-board.o
                0x00011ce8                SX1276Reset
 .text.SX1276SetRfTxPower
                0x00011d2c      0x1c8 ./board/sx1276-board.o
                0x00011d2c                SX1276SetRfTxPower
 .text.SX1276SetAntSwLowPower
                0x00011ef4       0x48 ./board/sx1276-board.o
                0x00011ef4                SX1276SetAntSwLowPower
 .text.rand1    0x00011f3c       0x38 ./board/utilities.o
                0x00011f3c                rand1
 .text.srand1   0x00011f74       0x1c ./board/utilities.o
                0x00011f74                srand1
 .text.SystemInit
                0x00011f90       0x1c ./CMSIS/system_MKL46Z4.o
                0x00011f90                SystemInit
 .text.__assertion_failed
                0x00011fac       0x4c c:/nxp/mcuxpressoide_10.2.0_759/ide/tools/bin/../lib/gcc/arm-none-eabi/7.2.1/../../../../arm-none-eabi/lib/thumb/v6-m\libcr_semihost_nf.a(_cr_assert.o)
                0x00011fac                __assertion_failed
 .text.__sys_appexit
                0x00011ff8        0xc c:/nxp/mcuxpressoide_10.2.0_759/ide/tools/bin/../lib/gcc/arm-none-eabi/7.2.1/../../../../arm-none-eabi/lib/thumb/v6-m\libcr_semihost_nf.a(__sys_appexit.o)
                0x00011ff8                __sys_appexit
                0x00011ff8                __exit
 .text._deferredlazyseek
                0x00012004       0x40 c:/nxp/mcuxpressoide_10.2.0_759/ide/tools/bin/../lib/gcc/arm-none-eabi/7.2.1/../../../../arm-none-eabi/lib/thumb/v6-m\libcr_c.a(_deferredlazyseek.o)
                0x00012004                _deferredlazyseek
 .text.__flsbuf
                0x00012044      0x14c c:/nxp/mcuxpressoide_10.2.0_759/ide/tools/bin/../lib/gcc/arm-none-eabi/7.2.1/../../../../arm-none-eabi/lib/thumb/v6-m\libcr_c.a(_deferredlazyseek.o)
                0x00012044                __flsbuf
 .text._fflush  0x00012190       0x5c c:/nxp/mcuxpressoide_10.2.0_759/ide/tools/bin/../lib/gcc/arm-none-eabi/7.2.1/../../../../arm-none-eabi/lib/thumb/v6-m\libcr_c.a(_fflush.o)
                0x00012190                _fflush
 .text._Cwritebuf
                0x000121ec       0x68 c:/nxp/mcuxpressoide_10.2.0_759/ide/tools/bin/../lib/gcc/arm-none-eabi/7.2.1/../../../../arm-none-eabi/lib/thumb/v6-m\libcr_c.a(_writebuf.o)
                0x000121ec                _Cwritebuf
 .text.malloc   0x00012254       0xcc c:/nxp/mcuxpressoide_10.2.0_759/ide/tools/bin/../lib/gcc/arm-none-eabi/7.2.1/../../../../arm-none-eabi/lib/thumb/v6-m\libcr_c.a(alloc.o)
                0x00012254                malloc
 .text._Csys_alloc
                0x00012320       0x20 c:/nxp/mcuxpressoide_10.2.0_759/ide/tools/bin/../lib/gcc/arm-none-eabi/7.2.1/../../../../arm-none-eabi/lib/thumb/v6-m\libcr_c.a(alloc.o)
                0x00012320                _Csys_alloc
 .text.ceil     0x00012340       0xa4 c:/nxp/mcuxpressoide_10.2.0_759/ide/tools/bin/../lib/gcc/arm-none-eabi/7.2.1/../../../../arm-none-eabi/lib/thumb/v6-m\libcr_c.a(ceil.o)
                0x00012340                ceil
 .text.floor    0x000123e4       0xa8 c:/nxp/mcuxpressoide_10.2.0_759/ide/tools/bin/../lib/gcc/arm-none-eabi/7.2.1/../../../../arm-none-eabi/lib/thumb/v6-m\libcr_c.a(floor.o)
                0x000123e4                floor
 .text.sprintf  0x0001248c       0x6c c:/nxp/mcuxpressoide_10.2.0_759/ide/tools/bin/../lib/gcc/arm-none-eabi/7.2.1/../../../../arm-none-eabi/lib/thumb/v6-m\libcr_c.a(fpprintf.o)
                0x0001248c                sprintf
 .text.fp_display
                0x000124f8      0x984 c:/nxp/mcuxpressoide_10.2.0_759/ide/tools/bin/../lib/gcc/arm-none-eabi/7.2.1/../../../../arm-none-eabi/lib/thumb/v6-m\libcr_c.a(fpprintf.o)
 .text.vsnprintf
                0x00012e7c       0x60 c:/nxp/mcuxpressoide_10.2.0_759/ide/tools/bin/../lib/gcc/arm-none-eabi/7.2.1/../../../../arm-none-eabi/lib/thumb/v6-m\libcr_c.a(fpprintf.o)
                0x00012e7c                vsnprintf
 .text.printf   0x00012edc       0x50 c:/nxp/mcuxpressoide_10.2.0_759/ide/tools/bin/../lib/gcc/arm-none-eabi/7.2.1/../../../../arm-none-eabi/lib/thumb/v6-m\libcr_c.a(fpprintf.o)
                0x00012edc                printf
 .text.fseek    0x00012f2c       0xf0 c:/nxp/mcuxpressoide_10.2.0_759/ide/tools/bin/../lib/gcc/arm-none-eabi/7.2.1/../../../../arm-none-eabi/lib/thumb/v6-m\libcr_c.a(fseek.o)
                0x00012f2c                fseek
 .text.ftell    0x0001301c       0x48 c:/nxp/mcuxpressoide_10.2.0_759/ide/tools/bin/../lib/gcc/arm-none-eabi/7.2.1/../../../../arm-none-eabi/lib/thumb/v6-m\libcr_c.a(ftell.o)
                0x0001301c                ftell
 .text._initio  0x00013064       0x7c c:/nxp/mcuxpressoide_10.2.0_759/ide/tools/bin/../lib/gcc/arm-none-eabi/7.2.1/../../../../arm-none-eabi/lib/thumb/v6-m\libcr_c.a(initio.o)
                0x00013064                _initio
 .text.__vfprintf
                0x000130e0      0xcd4 c:/nxp/mcuxpressoide_10.2.0_759/ide/tools/bin/../lib/gcc/arm-none-eabi/7.2.1/../../../../arm-none-eabi/lib/thumb/v6-m\libcr_c.a(printf.o)
                0x000130e0                __vfprintf
 .text._vsnprintf
                0x00013db4       0x60 c:/nxp/mcuxpressoide_10.2.0_759/ide/tools/bin/../lib/gcc/arm-none-eabi/7.2.1/../../../../arm-none-eabi/lib/thumb/v6-m\libcr_c.a(printf.o)
                0x00013db4                _vsnprintf
 .text._printf  0x00013e14       0x50 c:/nxp/mcuxpressoide_10.2.0_759/ide/tools/bin/../lib/gcc/arm-none-eabi/7.2.1/../../../../arm-none-eabi/lib/thumb/v6-m\libcr_c.a(printf.o)
                0x00013e14                _printf
 .text.setvbuf  0x00013e64       0x48 c:/nxp/mcuxpressoide_10.2.0_759/ide/tools/bin/../lib/gcc/arm-none-eabi/7.2.1/../../../../arm-none-eabi/lib/thumb/v6-m\libcr_c.a(setvbuf.o)
                0x00013e64                setvbuf
 .text.strlen   0x00013eac       0x58 c:/nxp/mcuxpressoide_10.2.0_759/ide/tools/bin/../lib/gcc/arm-none-eabi/7.2.1/../../../../arm-none-eabi/lib/thumb/v6-m\libcr_c.a(strlen.o)
                0x00013eac                strlen
 .text._sbrk    0x00013f04       0x40 c:/nxp/mcuxpressoide_10.2.0_759/ide/tools/bin/../lib/gcc/arm-none-eabi/7.2.1/../../../../arm-none-eabi/lib/thumb/v6-m\libcr_c.a(_cr_sbrk.o)
                0x00013f04                _sbrk
 .text._fdopen  0x00013f44       0x74 c:/nxp/mcuxpressoide_10.2.0_759/ide/tools/bin/../lib/gcc/arm-none-eabi/7.2.1/../../../../arm-none-eabi/lib/thumb/v6-m\libcr_c.a(_fdopen.o)
                0x00013f44                _fdopen
 .text._frexpl  0x00013fb8       0x80 c:/nxp/mcuxpressoide_10.2.0_759/ide/tools/bin/../lib/gcc/arm-none-eabi/7.2.1/../../../../arm-none-eabi/lib/thumb/v6-m\libcr_c.a(_frexpl.o)
                0x00013fb8                _frexpl
 .text._ldexpl  0x00014038       0x58 c:/nxp/mcuxpressoide_10.2.0_759/ide/tools/bin/../lib/gcc/arm-none-eabi/7.2.1/../../../../arm-none-eabi/lib/thumb/v6-m\libcr_c.a(_ldexpl.o)
                0x00014038                _ldexpl
 .text.fclose   0x00014090       0x5c c:/nxp/mcuxpressoide_10.2.0_759/ide/tools/bin/../lib/gcc/arm-none-eabi/7.2.1/../../../../arm-none-eabi/lib/thumb/v6-m\libcr_c.a(fclose.o)
                0x00014090                fclose
 .text.fflush   0x000140ec       0x44 c:/nxp/mcuxpressoide_10.2.0_759/ide/tools/bin/../lib/gcc/arm-none-eabi/7.2.1/../../../../arm-none-eabi/lib/thumb/v6-m\libcr_c.a(fflush.o)
                0x000140ec                fflush
 .text.__check_heap_overflow
                0x00014130       0x14 c:/nxp/mcuxpressoide_10.2.0_759/ide/tools/bin/../lib/gcc/arm-none-eabi/7.2.1/../../../../arm-none-eabi/lib/thumb/v6-m\libcr_c.a(_cr_check_heap.o)
                0x00014130                __check_heap_overflow
 .text._do_fflush
                0x00014144       0x44 c:/nxp/mcuxpressoide_10.2.0_759/ide/tools/bin/../lib/gcc/arm-none-eabi/7.2.1/../../../../arm-none-eabi/lib/thumb/v6-m\libcr_c.a(_do_fflush.o)
                0x00014144                _do_fflush
 .text.__aeabi_dmul
                0x00014188      0x184 c:/nxp/mcuxpressoide_10.2.0_759/ide/tools/bin/../lib/gcc/arm-none-eabi/7.2.1/thumb/v6-m\libcr_eabihelpers.a(double.o)
                0x00014188                __aeabi_dmul
 .text.__aeabi_ddiv
                0x0001430c      0x148 c:/nxp/mcuxpressoide_10.2.0_759/ide/tools/bin/../lib/gcc/arm-none-eabi/7.2.1/thumb/v6-m\libcr_eabihelpers.a(double.o)
                0x0001430c                __aeabi_ddiv
 .text.__aeabi_dsub
                0x00014454      0x1bc c:/nxp/mcuxpressoide_10.2.0_759/ide/tools/bin/../lib/gcc/arm-none-eabi/7.2.1/thumb/v6-m\libcr_eabihelpers.a(double.o)
                0x00014454                __aeabi_dsub
 .text.__aeabi_dadd
                0x00014610      0x128 c:/nxp/mcuxpressoide_10.2.0_759/ide/tools/bin/../lib/gcc/arm-none-eabi/7.2.1/thumb/v6-m\libcr_eabihelpers.a(double.o)
                0x00014610                __aeabi_dadd
 .text.__aeabi_d2iz
                0x00014738       0x44 c:/nxp/mcuxpressoide_10.2.0_759/ide/tools/bin/../lib/gcc/arm-none-eabi/7.2.1/thumb/v6-m\libcr_eabihelpers.a(double.o)
                0x00014738                __aeabi_d2iz
 .text.__aeabi_d2uiz
                0x0001477c       0x34 c:/nxp/mcuxpressoide_10.2.0_759/ide/tools/bin/../lib/gcc/arm-none-eabi/7.2.1/thumb/v6-m\libcr_eabihelpers.a(double.o)
                0x0001477c                __aeabi_d2uiz
 .text.__aeabi_dcmpeq
                0x000147b0       0x30 c:/nxp/mcuxpressoide_10.2.0_759/ide/tools/bin/../lib/gcc/arm-none-eabi/7.2.1/thumb/v6-m\libcr_eabihelpers.a(double.o)
                0x000147b0                __aeabi_dcmpeq
 .text.__aeabi_dcmplt
                0x000147e0       0x5c c:/nxp/mcuxpressoide_10.2.0_759/ide/tools/bin/../lib/gcc/arm-none-eabi/7.2.1/thumb/v6-m\libcr_eabihelpers.a(double.o)
                0x000147e0                __aeabi_dcmplt
 .text.__aeabi_dcmpgt
                0x0001483c       0x5c c:/nxp/mcuxpressoide_10.2.0_759/ide/tools/bin/../lib/gcc/arm-none-eabi/7.2.1/thumb/v6-m\libcr_eabihelpers.a(double.o)
                0x0001483c                __aeabi_dcmpgt
 .text.__aeabi_dcmple
                0x00014898       0x5c c:/nxp/mcuxpressoide_10.2.0_759/ide/tools/bin/../lib/gcc/arm-none-eabi/7.2.1/thumb/v6-m\libcr_eabihelpers.a(double.o)
                0x00014898                __aeabi_dcmple
 .text.__aeabi_dcmpge
                0x000148f4       0x60 c:/nxp/mcuxpressoide_10.2.0_759/ide/tools/bin/../lib/gcc/arm-none-eabi/7.2.1/thumb/v6-m\libcr_eabihelpers.a(double.o)
                0x000148f4                __aeabi_dcmpge
 .text.__aeabi_fsub
                0x00014954      0x130 c:/nxp/mcuxpressoide_10.2.0_759/ide/tools/bin/../lib/gcc/arm-none-eabi/7.2.1/thumb/v6-m\libcr_eabihelpers.a(float.o)
                0x00014954                __aeabi_fsub
 .text.__aeabi_fadd
                0x00014a84       0xb0 c:/nxp/mcuxpressoide_10.2.0_759/ide/tools/bin/../lib/gcc/arm-none-eabi/7.2.1/thumb/v6-m\libcr_eabihelpers.a(float.o)
                0x00014a84                __aeabi_fadd
 .text.__aeabi_f2d
                0x00014b34       0x3c c:/nxp/mcuxpressoide_10.2.0_759/ide/tools/bin/../lib/gcc/arm-none-eabi/7.2.1/thumb/v6-m\libcr_eabihelpers.a(float.o)
                0x00014b34                __aeabi_f2d
 .text.UART_EnableTx
                0x00014b70       0x40 ./utilities/fsl_io.o
 .text.UART_EnableRx
                0x00014bb0       0x40 ./utilities/fsl_io.o
 .text.LPSCI_EnableTx
                0x00014bf0       0x40 ./utilities/fsl_io.o
 .text.LPSCI_EnableRx
                0x00014c30       0x40 ./utilities/fsl_io.o
 .text.LOG_Init
                0x00014c70       0x3a ./utilities/fsl_log.o
                0x00014c70                LOG_Init
 .text.NvmCtxMgmtEvent
                0x00014caa       0x14 ./source/NvmCtxMgmt.o
                0x00014caa                NvmCtxMgmtEvent
 .text.NvmCtxMgmtStore
                0x00014cbe        0xc ./source/NvmCtxMgmt.o
                0x00014cbe                NvmCtxMgmtStore
 .text.NvmCtxMgmtRestore
                0x00014cca        0xc ./source/NvmCtxMgmt.o
                0x00014cca                NvmCtxMgmtRestore
 .text.DelayMs  0x00014cd6       0x18 ./drivers/system/delay.o
                0x00014cd6                DelayMs
 .text.GpioInit
                0x00014cee       0x3c ./drivers/system/gpio.o
                0x00014cee                GpioInit
 .text.GpioWrite
                0x00014d2a       0x1e ./drivers/system/gpio.o
                0x00014d2a                GpioWrite
 .text.SysTimeSub
                0x00014d48       0xa8 ./drivers/system/systime.o
                0x00014d48                SysTimeSub
 .text.SysTimeSet
                0x00014df0       0x62 ./drivers/system/systime.o
                0x00014df0                SysTimeSet
 .text.SysTimeGet
                0x00014e52       0x72 ./drivers/system/systime.o
                0x00014e52                SysTimeGet
 .text.SysTimeGetMcuTime
                0x00014ec4       0x36 ./drivers/system/systime.o
                0x00014ec4                SysTimeGetMcuTime
 .text.TimerInit
                0x00014efa       0x3c ./drivers/system/timer.o
                0x00014efa                TimerInit
 .text.TimerIsStarted
                0x00014f36       0x14 ./drivers/system/timer.o
                0x00014f36                TimerIsStarted
 .text.TimerSetValue
                0x00014f4a       0x4a ./drivers/system/timer.o
                0x00014f4a                TimerSetValue
 .text.TimerGetCurrentTime
                0x00014f94       0x20 ./drivers/system/timer.o
                0x00014f94                TimerGetCurrentTime
 .text.TimerGetElapsedTime
                0x00014fb4       0x3c ./drivers/system/timer.o
                0x00014fb4                TimerGetElapsedTime
 .text.TimerSetTimeout
                0x00014ff0       0x48 ./drivers/system/timer.o
 .text.TimerTempCompensation
                0x00015038       0x20 ./drivers/system/timer.o
                0x00015038                TimerTempCompensation
 .text.TimerProcess
                0x00015058        0xe ./drivers/system/timer.o
                0x00015058                TimerProcess
 .text.copy_block
                0x00015066       0xb0 ./drivers/soft-se/aes.o
 .text.copy_block_nn
                0x00015116       0x36 ./drivers/soft-se/aes.o
 .text.xor_block
                0x0001514c      0x16c ./drivers/soft-se/aes.o
 .text.copy_and_key
                0x000152b8      0x16e ./drivers/soft-se/aes.o
 .text.add_round_key
                0x00015426       0x1e ./drivers/soft-se/aes.o
 .text.aes_encrypt
                0x00015444       0x96 ./drivers/soft-se/aes.o
                0x00015444                aes_encrypt
 .text.AES_CMAC_Init
                0x000154da       0x34 ./drivers/soft-se/cmac.o
                0x000154da                AES_CMAC_Init
 .text.AES_CMAC_SetKey
                0x0001550e       0x1e ./drivers/soft-se/cmac.o
                0x0001550e                AES_CMAC_SetKey
 .text.AES_CMAC_Update
                0x0001552c      0x176 ./drivers/soft-se/cmac.o
                0x0001552c                AES_CMAC_Update
 .text.AES_CMAC_Final
                0x000156a2      0x2d6 ./drivers/soft-se/cmac.o
                0x000156a2                AES_CMAC_Final
 .text.DummyCB  0x00015978        0xa ./drivers/soft-se/soft-se.o
 .text.SecureElementComputeAesCmac
                0x00015982       0x4a ./drivers/soft-se/soft-se.o
                0x00015982                SecureElementComputeAesCmac
 .text.SecureElementVerifyAesCmac
                0x000159cc       0x80 ./drivers/soft-se/soft-se.o
                0x000159cc                SecureElementVerifyAesCmac
 .text.SecureElementDeriveAndStoreKey
                0x00015a4c       0xf6 ./drivers/soft-se/soft-se.o
                0x00015a4c                SecureElementDeriveAndStoreKey
 .text.SX1276IsChannelFree
                0x00015b42       0xaa ./drivers/radio/sx1276/sx1276.o
                0x00015b42                SX1276IsChannelFree
 .text.SX1276Random
                0x00015bec       0x68 ./drivers/radio/sx1276/sx1276.o
                0x00015bec                SX1276Random
 .text.SX1276SetOpMode
                0x00015c54       0x58 ./drivers/radio/sx1276/sx1276.o
                0x00015c54                SX1276SetOpMode
 .text.SX1276Write
                0x00015cac       0x28 ./drivers/radio/sx1276/sx1276.o
                0x00015cac                SX1276Write
 .text.SX1276Read
                0x00015cd4       0x28 ./drivers/radio/sx1276/sx1276.o
                0x00015cd4                SX1276Read
 .text.SX1276WriteFifo
                0x00015cfc       0x24 ./drivers/radio/sx1276/sx1276.o
                0x00015cfc                SX1276WriteFifo
 .text.SX1276ReadFifo
                0x00015d20       0x24 ./drivers/radio/sx1276/sx1276.o
                0x00015d20                SX1276ReadFifo
 .text.SX1276GetWakeupTime
                0x00015d44       0x12 ./drivers/radio/sx1276/sx1276.o
                0x00015d44                SX1276GetWakeupTime
 .text.RegionIsActive
                0x00015d56       0x22 ./drivers/mac/region/Region.o
                0x00015d56                RegionIsActive
 .text.RegionGetPhyParam
                0x00015d78       0x50 ./drivers/mac/region/Region.o
                0x00015d78                RegionGetPhyParam
 .text.RegionSetBandTxDone
                0x00015dc8       0x28 ./drivers/mac/region/Region.o
                0x00015dc8                RegionSetBandTxDone
 .text.RegionInitDefaults
                0x00015df0       0x2a ./drivers/mac/region/Region.o
                0x00015df0                RegionInitDefaults
 .text.RegionGetNvmCtx
                0x00015e1a       0x2c ./drivers/mac/region/Region.o
                0x00015e1a                RegionGetNvmCtx
 .text.RegionVerify
                0x00015e46       0x3a ./drivers/mac/region/Region.o
                0x00015e46                RegionVerify
 .text.RegionApplyCFList
                0x00015e80       0x2a ./drivers/mac/region/Region.o
                0x00015e80                RegionApplyCFList
 .text.RegionChanMaskSet
                0x00015eaa       0x2c ./drivers/mac/region/Region.o
                0x00015eaa                RegionChanMaskSet
 .text.RegionComputeRxWindowParameters
                0x00015ed6       0x48 ./drivers/mac/region/Region.o
                0x00015ed6                RegionComputeRxWindowParameters
 .text.RegionRxConfig
                0x00015f1e       0x34 ./drivers/mac/region/Region.o
                0x00015f1e                RegionRxConfig
 .text.RegionTxConfig
                0x00015f52       0x36 ./drivers/mac/region/Region.o
                0x00015f52                RegionTxConfig
 .text.RegionLinkAdrReq
                0x00015f88       0x3c ./drivers/mac/region/Region.o
                0x00015f88                RegionLinkAdrReq
 .text.RegionRxParamSetupReq
                0x00015fc4       0x2c ./drivers/mac/region/Region.o
                0x00015fc4                RegionRxParamSetupReq
 .text.RegionNewChannelReq
                0x00015ff0       0x2c ./drivers/mac/region/Region.o
                0x00015ff0                RegionNewChannelReq
 .text.RegionTxParamSetupReq
                0x0001601c       0x2c ./drivers/mac/region/Region.o
                0x0001601c                RegionTxParamSetupReq
 .text.RegionDlChannelReq
                0x00016048       0x2c ./drivers/mac/region/Region.o
                0x00016048                RegionDlChannelReq
 .text.RegionAlternateDr
                0x00016074       0x46 ./drivers/mac/region/Region.o
                0x00016074                RegionAlternateDr
 .text.RegionCalcBackOff
                0x000160ba       0x2a ./drivers/mac/region/Region.o
                0x000160ba                RegionCalcBackOff
 .text.RegionNextChannel
                0x000160e4       0x36 ./drivers/mac/region/Region.o
                0x000160e4                RegionNextChannel
 .text.RegionSetContinuousWave
                0x0001611a       0x2a ./drivers/mac/region/Region.o
                0x0001611a                RegionSetContinuousWave
 .text.RegionApplyDrOffset
                0x00016144       0x54 ./drivers/mac/region/Region.o
                0x00016144                RegionApplyDrOffset
 .text.RegionRxBeaconSetup
                0x00016198       0x32 ./drivers/mac/region/Region.o
                0x00016198                RegionRxBeaconSetup
 .text.GetNextLowerTxDr
                0x000161ca       0x66 ./drivers/mac/region/RegionAU915.o
 .text.LimitTxPower
                0x00016230       0x50 ./drivers/mac/region/RegionAU915.o
 .text.CountNbOfEnabledChannels
                0x00016280      0x19c ./drivers/mac/region/RegionAU915.o
 .text.RegionAU915RxParamSetupReq
                0x0001641c       0xaa ./drivers/mac/region/RegionAU915.o
                0x0001641c                RegionAU915RxParamSetupReq
 .text.RegionAU915NewChannelReq
                0x000164c6       0x12 ./drivers/mac/region/RegionAU915.o
                0x000164c6                RegionAU915NewChannelReq
 .text.RegionAU915TxParamSetupReq
                0x000164d8       0x12 ./drivers/mac/region/RegionAU915.o
                0x000164d8                RegionAU915TxParamSetupReq
 .text.RegionAU915DlChannelReq
                0x000164ea       0x12 ./drivers/mac/region/RegionAU915.o
                0x000164ea                RegionAU915DlChannelReq
 .text.CountChannels
                0x000164fc       0x78 ./drivers/mac/region/RegionCommon.o
 .text.RegionCommonChanVerifyDr
                0x00016574      0x134 ./drivers/mac/region/RegionCommon.o
                0x00016574                RegionCommonChanVerifyDr
 .text.RegionCommonValueInRange
                0x000166a8       0x4c ./drivers/mac/region/RegionCommon.o
                0x000166a8                RegionCommonValueInRange
 .text.RegionCommonChanDisable
                0x000166f4       0x84 ./drivers/mac/region/RegionCommon.o
                0x000166f4                RegionCommonChanDisable
 .text.RegionCommonCountChannels
                0x00016778       0x82 ./drivers/mac/region/RegionCommon.o
                0x00016778                RegionCommonCountChannels
 .text.RegionCommonChanMaskCopy
                0x000167fa       0x5e ./drivers/mac/region/RegionCommon.o
                0x000167fa                RegionCommonChanMaskCopy
 .text.RegionCommonSetBandTxDone
                0x00016858       0x36 ./drivers/mac/region/RegionCommon.o
                0x00016858                RegionCommonSetBandTxDone
 .text.RegionCommonUpdateBandTimeOff
                0x0001688e      0x18e ./drivers/mac/region/RegionCommon.o
                0x0001688e                RegionCommonUpdateBandTimeOff
 .text.RegionCommonParseLinkAdrReq
                0x00016a1c       0xac ./drivers/mac/region/RegionCommon.o
                0x00016a1c                RegionCommonParseLinkAdrReq
 .text.RegionCommonLinkAdrReqVerifyParams
                0x00016ac8      0x14a ./drivers/mac/region/RegionCommon.o
                0x00016ac8                RegionCommonLinkAdrReqVerifyParams
 .text.RegionCommonComputeTxPower
                0x00016c12       0x70 ./drivers/mac/region/RegionCommon.o
                0x00016c12                RegionCommonComputeTxPower
 .text.RegionCommonCalcBackOff
                0x00016c82      0x11a ./drivers/mac/region/RegionCommon.o
                0x00016c82                RegionCommonCalcBackOff
 .text.ProcessRadioRxError
                0x00016d9c       0x12 ./drivers/mac/LoRaMac.o
 .text.ProcessRadioRxTimeout
                0x00016dae       0x12 ./drivers/mac/LoRaMac.o
 .text.CheckToDisableAckTimeout
                0x00016dc0       0x52 ./drivers/mac/LoRaMac.o
 .text.ValidatePayloadLength
                0x00016e12       0x7c ./drivers/mac/LoRaMac.o
 .text.RemoveMacCommands
                0x00016e8e       0x50 ./drivers/mac/LoRaMac.o
 .text.DetermineFrameType
                0x00016ede       0x9a ./drivers/mac/LoRaMac.o
                0x00016ede                DetermineFrameType
 .text.EventMacNvmCtxChanged
                0x00016f78       0x10 ./drivers/mac/LoRaMac.o
 .text.EventRegionNvmCtxChanged
                0x00016f88       0x10 ./drivers/mac/LoRaMac.o
 .text.EventCryptoNvmCtxChanged
                0x00016f98       0x10 ./drivers/mac/LoRaMac.o
 .text.EventSecureElementNvmCtxChanged
                0x00016fa8       0x10 ./drivers/mac/LoRaMac.o
 .text.EventCommandsNvmCtxChanged
                0x00016fb8       0x10 ./drivers/mac/LoRaMac.o
 .text.EventClassBNvmCtxChanged
                0x00016fc8       0x10 ./drivers/mac/LoRaMac.o
 .text.EventConfirmQueueNvmCtxChanged
                0x00016fd8       0x10 ./drivers/mac/LoRaMac.o
 .text.EventFCntHandlerNvmCtxChanged
                0x00016fe8       0x10 ./drivers/mac/LoRaMac.o
 .text.CalcNextV10X
                0x00016ff8      0x1b0 ./drivers/mac/LoRaMacAdr.o
 .text.LoRaMacAdrCalcNext
                0x000171a8       0x30 ./drivers/mac/LoRaMacAdr.o
                0x000171a8                LoRaMacAdrCalcNext
 .text.ComputePingOffset
                0x000171d8       0xd4 ./drivers/mac/LoRaMacClassB.o
 .text.GetTemperatureLevel
                0x000172ac       0x2c ./drivers/mac/LoRaMacClassB.o
 .text.CalcDelayForNextBeacon
                0x000172d8       0x32 ./drivers/mac/LoRaMacClassB.o
 .text.CalcPingNb
                0x0001730a       0x20 ./drivers/mac/LoRaMacClassB.o
 .text.CalcPingPeriod
                0x0001732a       0x26 ./drivers/mac/LoRaMacClassB.o
 .text.isSlotFree
                0x00017350       0x4a ./drivers/mac/LoRaMacCommands.o
                0x00017350                isSlotFree
 .text.freeMacCommandSlot
                0x0001739a       0x28 ./drivers/mac/LoRaMacCommands.o
                0x0001739a                freeMacCommandSlot
 .text.linkedListInit
                0x000173c2       0x28 ./drivers/mac/LoRaMacCommands.o
 .text.linkedListAdd
                0x000173ea       0x4e ./drivers/mac/LoRaMacCommands.o
 .text.linkedListGetPrevious
                0x00017438       0x50 ./drivers/mac/LoRaMacCommands.o
 .text.linkedListRemove
                0x00017488       0x6a ./drivers/mac/LoRaMacCommands.o
 .text.IsSticky
                0x000174f2       0x2a ./drivers/mac/LoRaMacCommands.o
 .text.GetElement
                0x0001751c       0x48 ./drivers/mac/LoRaMacConfirmQueue.o
 .text.PayloadEncrypt
                0x00017564      0x188 ./drivers/mac/LoRaMacCrypto.o
 .text.FOptsEncrypt
                0x000176ec      0x16a ./drivers/mac/LoRaMacCrypto.o
 .text.ComputeCmac
                0x00017856       0x42 ./drivers/mac/LoRaMacCrypto.o
 .text.VerifyCmac
                0x00017898       0x42 ./drivers/mac/LoRaMacCrypto.o
 .text.DummyCB  0x000178da        0xa ./drivers/mac/LoRaMacCrypto.o
 .text.LoRaMacCryptoSetKey
                0x000178e4       0x2e ./drivers/mac/LoRaMacCrypto.o
                0x000178e4                LoRaMacCryptoSetKey
 .text.LoRaMacParserJoinAccept
                0x00017912      0x1e2 ./drivers/mac/LoRaMacParser.o
                0x00017912                LoRaMacParserJoinAccept
 .text.LoRaMacParserData
                0x00017af4      0x224 ./drivers/mac/LoRaMacParser.o
                0x00017af4                LoRaMacParserData
 .text.LoRaMacSerializerJoinRequest
                0x00017d18      0x136 ./drivers/mac/LoRaMacSerializer.o
                0x00017d18                LoRaMacSerializerJoinRequest
 .text.LoRaMacSerializerData
                0x00017e4e      0x25a ./drivers/mac/LoRaMacSerializer.o
                0x00017e4e                LoRaMacSerializerData
 .text.OSC_SetExtRefClkConfig
                0x000180a8       0x3e ./drivers/fsl_clock.o
 .text.OSC_SetCapLoad
                0x000180e6       0x42 ./drivers/fsl_clock.o
 .text.CLOCK_GetPll0RefFreq
                0x00018128       0x10 ./drivers/fsl_clock.o
 .text.CLOCK_GetFixedFreqClkFreq
                0x00018138       0x30 ./drivers/fsl_clock.o
                0x00018138                CLOCK_GetFixedFreqClkFreq
 .text.CLOCK_SetExternalRefClkConfig
                0x00018168       0x16 ./drivers/fsl_clock.o
                0x00018168                CLOCK_SetExternalRefClkConfig
 .text.GPIO_PinWrite
                0x0001817e       0x34 ./drivers/fsl_gpio.o
 .text.GPIO_WritePinOutput
                0x000181b2       0x24 ./drivers/fsl_gpio.o
 .text.SPI_ReadNonBlocking
                0x000181d6       0x96 ./drivers/fsl_spi.o
 .text.SPI_MasterSetBaudRate
                0x0001826c       0xb8 ./drivers/fsl_spi.o
                0x0001826c                SPI_MasterSetBaudRate
 .text.SPI_WriteData
                0x00018324       0x2e ./drivers/fsl_spi.o
                0x00018324                SPI_WriteData
 .text.SPI_ReadData
                0x00018352       0x3c ./drivers/fsl_spi.o
                0x00018352                SPI_ReadData
 .text.BOARD_InitBootClocks
                0x0001838e        0xe ./board/src/clock_config.o
                0x0001838e                BOARD_InitBootClocks
 .text.EnableIRQ
                0x0001839c       0x30 ./board/src/pin_mux.o
 .text.BoardCriticalSectionBegin
                0x000183cc       0x1e ./board/board.o
                0x000183cc                BoardCriticalSectionBegin
 .text.BoardCriticalSectionEnd
                0x000183ea       0x1e ./board/board.o
                0x000183ea                BoardCriticalSectionEnd
 .text.BoardGetRandomSeed
                0x00018408        0xc ./board/board.o
                0x00018408                BoardGetRandomSeed
 .text.BoardGetUniqueId
                0x00018414       0x10 ./board/board.o
                0x00018414                BoardGetUniqueId
 .text.BoardGetBatteryLevel
                0x00018424        0xc ./board/board.o
                0x00018424                BoardGetBatteryLevel
 .text.BoardLowPowerHandler
                0x00018430        0xe ./board/board.o
                0x00018430                BoardLowPowerHandler
 .text.DelayMsMcu
                0x0001843e       0x18 ./board/delay-board.o
                0x0001843e                DelayMsMcu
 .text.PORT_GetPinsInterruptFlags
                0x00018456       0x16 ./board/gpio-board.o
 .text.GPIO_PinWrite
                0x0001846c       0x34 ./board/gpio-board.o
 .text.GPIO_WritePinOutput
                0x000184a0       0x24 ./board/gpio-board.o
 .text.GpioMcuWrite
                0x000184c4       0x38 ./board/gpio-board.o
                0x000184c4                GpioMcuWrite
 .text.EnableIRQ
                0x000184fc       0x30 ./board/rtc-board.o
 .text.PIT_EnableInterrupts
                0x0001852c       0x42 ./board/rtc-board.o
 .text.PIT_ClearStatusFlags
                0x0001856e       0x2e ./board/rtc-board.o
 .text.PIT_SetTimerPeriod
                0x0001859c       0x28 ./board/rtc-board.o
 .text.PIT_StartTimer
                0x000185c4       0x3e ./board/rtc-board.o
 .text.RtcMs2Tick
                0x00018602       0x12 ./board/rtc-board.o
                0x00018602                RtcMs2Tick
 .text.RtcTick2Ms
                0x00018614       0x12 ./board/rtc-board.o
                0x00018614                RtcTick2Ms
 .text.RtcGetMinimumTimeout
                0x00018626        0xc ./board/rtc-board.o
                0x00018626                RtcGetMinimumTimeout
 .text.RtcSetAlarm
                0x00018632       0x18 ./board/rtc-board.o
                0x00018632                RtcSetAlarm
 .text.RtcTempCompensation
                0x0001864a       0x14 ./board/rtc-board.o
                0x0001864a                RtcTempCompensation
 .text.SX1276IoIrqInit
                0x0001865e       0x54 ./board/sx1276-board.o
                0x0001865e                SX1276IoIrqInit
 .text.SX1276SetBoardTcxo
                0x000186b2       0x14 ./board/sx1276-board.o
 .text.SX1276GetBoardTcxoWakeupTime
                0x000186c6        0xc ./board/sx1276-board.o
                0x000186c6                SX1276GetBoardTcxoWakeupTime
 .text.SX1276GetPaSelect
                0x000186d2       0x12 ./board/sx1276-board.o
 .text.SX1276SetAntSw
                0x000186e4       0x14 ./board/sx1276-board.o
                0x000186e4                SX1276SetAntSw
 .text.SX1276CheckRfFrequency
                0x000186f8       0x12 ./board/sx1276-board.o
                0x000186f8                SX1276CheckRfFrequency
 .text.randr    0x0001870a       0x2c ./board/utilities.o
                0x0001870a                randr
 .text.memcpy1  0x00018736       0x36 ./board/utilities.o
                0x00018736                memcpy1
 .text.memcpyr  0x0001876c       0x42 ./board/utilities.o
                0x0001876c                memcpyr
 .text.memset1  0x000187ae       0x3c ./board/utilities.o
                0x000187ae                memset1
 .text.SystemInitHook
                0x000187ea        0xa ./CMSIS/system_MKL46Z4.o
                0x000187ea                SystemInitHook
 .text.__main   0x000187f4        0xc c:/nxp/mcuxpressoide_10.2.0_759/ide/tools/bin/../lib/gcc/arm-none-eabi/7.2.1/../../../../arm-none-eabi/lib/thumb/v6-m\libcr_semihost_nf.a(_cr__main.o)
                0x000187f4                __CR_SEMIHOST
                0x000187f4                __main
 .text.memset   0x00018800        0x8 c:/nxp/mcuxpressoide_10.2.0_759/ide/tools/bin/../lib/gcc/arm-none-eabi/7.2.1/../../../../arm-none-eabi/lib/thumb/v6-m\libcr_c.a(memset.o)
                0x00018800                memset
 .text.free     0x00018808       0x2c c:/nxp/mcuxpressoide_10.2.0_759/ide/tools/bin/../lib/gcc/arm-none-eabi/7.2.1/../../../../arm-none-eabi/lib/thumb/v6-m\libcr_c.a(alloc.o)
                0x00018808                free
 .text.fp_round
                0x00018834       0x4a c:/nxp/mcuxpressoide_10.2.0_759/ide/tools/bin/../lib/gcc/arm-none-eabi/7.2.1/../../../../arm-none-eabi/lib/thumb/v6-m\libcr_c.a(fpprintf.o)
 .text.pr_dec.constprop.1
                0x0001887e       0x30 c:/nxp/mcuxpressoide_10.2.0_759/ide/tools/bin/../lib/gcc/arm-none-eabi/7.2.1/../../../../arm-none-eabi/lib/thumb/v6-m\libcr_c.a(fpprintf.o)
 .text.fputs    0x000188ae       0x2e c:/nxp/mcuxpressoide_10.2.0_759/ide/tools/bin/../lib/gcc/arm-none-eabi/7.2.1/../../../../arm-none-eabi/lib/thumb/v6-m\libcr_c.a(fputs.o)
                0x000188ae                fputs
 .text.no_fp_display
                0x000188dc        0x4 c:/nxp/mcuxpressoide_10.2.0_759/ide/tools/bin/../lib/gcc/arm-none-eabi/7.2.1/../../../../arm-none-eabi/lib/thumb/v6-m\libcr_c.a(printf.o)
 .text.remove   0x000188e0       0x12 c:/nxp/mcuxpressoide_10.2.0_759/ide/tools/bin/../lib/gcc/arm-none-eabi/7.2.1/../../../../arm-none-eabi/lib/thumb/v6-m\libcr_c.a(remove.o)
                0x000188e0                remove
 .text.__aeabi_division_idivmod
                0x000188f2       0x78 c:/nxp/mcuxpressoide_10.2.0_759/ide/tools/bin/../lib/gcc/arm-none-eabi/7.2.1/thumb/v6-m\libcr_eabihelpers.a(division_32.o)
                0x000188f2                __aeabi_idivmod
                0x000188f2                __aeabi_idiv
                0x000188f8                __aeabi_uidivmod
                0x000188f8                __aeabi_uidiv
 .text.__aeabi_division_uldivmod
                0x0001896a       0x5a c:/nxp/mcuxpressoide_10.2.0_759/ide/tools/bin/../lib/gcc/arm-none-eabi/7.2.1/thumb/v6-m\libcr_eabihelpers.a(division_64.o)
                0x0001896a                __aeabi_uldivmod
 .text.__aeabi_division_idiv0
                0x000189c4        0x2 c:/nxp/mcuxpressoide_10.2.0_759/ide/tools/bin/../lib/gcc/arm-none-eabi/7.2.1/thumb/v6-m\libcr_eabihelpers.a(division_idiv0.o)
                0x000189c4                __aeabi_idiv0
 .text.__bhs_ui2d
                0x000189c6       0x5e c:/nxp/mcuxpressoide_10.2.0_759/ide/tools/bin/../lib/gcc/arm-none-eabi/7.2.1/thumb/v6-m\libcr_eabihelpers.a(double.o)
                0x000189c6                __bhs_ui2d
 .text.__aeabi_i2d
                0x00018a24       0x18 c:/nxp/mcuxpressoide_10.2.0_759/ide/tools/bin/../lib/gcc/arm-none-eabi/7.2.1/thumb/v6-m\libcr_eabihelpers.a(double.o)
                0x00018a24                __aeabi_i2d
 .text.__aeabi_ui2d
                0x00018a3c        0xc c:/nxp/mcuxpressoide_10.2.0_759/ide/tools/bin/../lib/gcc/arm-none-eabi/7.2.1/thumb/v6-m\libcr_eabihelpers.a(double.o)
                0x00018a3c                __aeabi_ui2d
 .text.__bhs_ui2f
                0x00018a48       0x62 c:/nxp/mcuxpressoide_10.2.0_759/ide/tools/bin/../lib/gcc/arm-none-eabi/7.2.1/thumb/v6-m\libcr_eabihelpers.a(float.o)
                0x00018a48                __bhs_ui2f
 .text.__aeabi_ui2f
                0x00018aaa        0xc c:/nxp/mcuxpressoide_10.2.0_759/ide/tools/bin/../lib/gcc/arm-none-eabi/7.2.1/thumb/v6-m\libcr_eabihelpers.a(float.o)
                0x00018aaa                __aeabi_ui2f
 .text.__aeabi_llong_lmul
                0x00018ab6       0x2e c:/nxp/mcuxpressoide_10.2.0_759/ide/tools/bin/../lib/gcc/arm-none-eabi/7.2.1/thumb/v6-m\libcr_eabihelpers.a(llong.o)
                0x00018ab6                __aeabi_lmul
 .text.__aeabi_memset_lowlevel
                0x00018ae4       0x2a c:/nxp/mcuxpressoide_10.2.0_759/ide/tools/bin/../lib/gcc/arm-none-eabi/7.2.1/thumb/v6-m\libcr_eabihelpers.a(memcpy.o)
                0x00018ae4                __aeabi_lowlevel_memset
 .text.__sys_close
                0x00018b0e        0xc c:/nxp/mcuxpressoide_10.2.0_759/ide/tools/bin/../lib/gcc/arm-none-eabi/7.2.1/../../../../arm-none-eabi/lib/thumb/v6-m\libcr_semihost_nf.a(__sys_close.o)
                0x00018b0e                __sys_close
 .text.__sys_flen
                0x00018b1a        0xc c:/nxp/mcuxpressoide_10.2.0_759/ide/tools/bin/../lib/gcc/arm-none-eabi/7.2.1/../../../../arm-none-eabi/lib/thumb/v6-m\libcr_semihost_nf.a(__sys_flen.o)
                0x00018b1a                __sys_flen
 .text.__sys_istty
                0x00018b26        0xc c:/nxp/mcuxpressoide_10.2.0_759/ide/tools/bin/../lib/gcc/arm-none-eabi/7.2.1/../../../../arm-none-eabi/lib/thumb/v6-m\libcr_semihost_nf.a(__sys_istty.o)
                0x00018b26                __sys_istty
 .text.__sys_remove
                0x00018b32        0xc c:/nxp/mcuxpressoide_10.2.0_759/ide/tools/bin/../lib/gcc/arm-none-eabi/7.2.1/../../../../arm-none-eabi/lib/thumb/v6-m\libcr_semihost_nf.a(__sys_remove.o)
                0x00018b32                __sys_remove
 .text.__sys_seek
                0x00018b3e        0xc c:/nxp/mcuxpressoide_10.2.0_759/ide/tools/bin/../lib/gcc/arm-none-eabi/7.2.1/../../../../arm-none-eabi/lib/thumb/v6-m\libcr_semihost_nf.a(__sys_seek.o)
                0x00018b3e                __sys_seek
 .text.__sys_tmpnam
                0x00018b4a        0xc c:/nxp/mcuxpressoide_10.2.0_759/ide/tools/bin/../lib/gcc/arm-none-eabi/7.2.1/../../../../arm-none-eabi/lib/thumb/v6-m\libcr_semihost_nf.a(__sys_tmpnam.o)
                0x00018b4a                __sys_tmpnam
 .text.__sys_write
                0x00018b56        0xc c:/nxp/mcuxpressoide_10.2.0_759/ide/tools/bin/../lib/gcc/arm-none-eabi/7.2.1/../../../../arm-none-eabi/lib/thumb/v6-m\libcr_semihost_nf.a(__sys_write.o)
                0x00018b56                __sys_write
 *(SORT_BY_ALIGNMENT(.rodata) SORT_BY_ALIGNMENT(.rodata.*) SORT_BY_ALIGNMENT(.constdata) SORT_BY_ALIGNMENT(.constdata.*))
 *fill*         0x00018b62        0x6 ff
 .rodata.__huge_vall
                0x00018b68        0x8 c:/nxp/mcuxpressoide_10.2.0_759/ide/tools/bin/../lib/gcc/arm-none-eabi/7.2.1/../../../../arm-none-eabi/lib/thumb/v6-m\libcr_c.a(_hugeval.o)
                0x00018b68                __huge_vall
 .rodata        0x00018b70       0x50 ./utilities/fsl_debug_console.o
 .rodata        0x00018bc0       0x27 ./utilities/fsl_io.o
 *fill*         0x00018be7        0x1 ff
 .rodata        0x00018be8      0x979 ./source/main.o
 *fill*         0x00019561        0x3 ff
 .rodata.McpsIndication
                0x00019564       0x30 ./source/main.o
 .rodata.MlmeConfirm
                0x00019594       0x38 ./source/main.o
 .rodata.main   0x000195cc       0x2c ./source/main.o
 .rodata.sbox   0x000195f8      0x100 ./drivers/soft-se/aes.o
 .rodata.gfm2_sbox